../source/r01lib/Serial.cpp:155:1:Serial::~Serial()	8	static
../source/r01lib/Serial.cpp:155:1:virtual Serial::~Serial()	8	static
../source/r01lib/Serial.cpp:173:6:void Serial::resolve_pins(int, int)	12	static
../source/r01lib/Serial.cpp:196:6:void Serial::tx_enqueue(uint8_t)	0	static
../source/r01lib/Serial.cpp:216:6:void Serial::update_irq_enables()	8	static
../source/r01lib/Serial.cpp:236:6:void Serial::attach(func_ptr, IrqType)	0	static
../source/r01lib/Serial.cpp:255:6:void Serial::_irq_handler()	16	static
../source/r01lib/Serial.cpp:56:10:void LPUART0_IRQHandler()	0	static
../source/r01lib/Serial.cpp:63:10:void LPUART1_IRQHandler()	0	static
../source/r01lib/Serial.cpp:70:10:void LPUART2_IRQHandler()	0	static
../source/r01lib/Serial.cpp:303:6:void Serial::baud(int)	16	static
../source/r01lib/Serial.cpp:324:5:int Serial::putc(int)	8	static
../source/r01lib/Serial.cpp:334:5:int Serial::getc()	16	static
../source/r01lib/Serial.cpp:359:5:)	284	static
../source/r01lib/Serial.cpp:377:6:bool Serial::readable()	8	static
../source/r01lib/Serial.cpp:385:6:bool Serial::writable()	0	static
../source/r01lib/Serial.cpp:396:10:status_t Serial::write(const uint8_t*, size_t)	16	static
../source/r01lib/Serial.cpp:408:10:status_t Serial::read(uint8_t*, size_t)	0	static
../source/r01lib/Serial.cpp:107:1:Serial::Serial(int, int, int)	80	static
