../source/r01device/led/LEDDriver.cpp:112:6:virtual void PCA995x_I2C::reg_access(uint8_t, uint8_t)	0	static
../source/r01device/led/LEDDriver.cpp:117:6:virtual void PCA995x_I2C::reg_access(uint8_t, uint8_t*, int)	4	static
../source/r01device/led/LEDDriver.cpp:122:9:virtual uint8_t PCA995x_I2C::reg_access(uint8_t)	0	static
../source/r01device/led/LEDDriver.cpp:127:6:virtual void PCA995x_I2C::reg_access_r(uint8_t, uint8_t*, int)	4	static
../source/r01device/led/LEDDriver.cpp:162:6:virtual void PCA995x_SPI::reg_access(uint8_t, uint8_t*, int)	160	dynamic
../source/r01device/led/LEDDriver.cpp:186:6:virtual void PCA995x_SPI::reg_access_r(uint8_t, uint8_t*, int)	176	static
../source/r01device/led/LEDDriver.cpp:155:6:virtual void PCA995x_SPI::reg_access(uint8_t, uint8_t)	144	static
../source/r01device/led/LEDDriver.cpp:175:9:virtual uint8_t PCA995x_SPI::reg_access(uint8_t)	152	static
../source/r01device/led/LEDDriver.cpp:11:1:LEDDriver::LEDDriver(uint8_t, uint8_t, uint8_t)	8	static
../source/r01device/led/LEDDriver.cpp:16:1:LEDDriver::~LEDDriver()	8	static
../source/r01device/led/LEDDriver.cpp:16:1:virtual LEDDriver::~LEDDriver()	8	static
../source/r01device/led/LEDDriver.cpp:22:6:void LEDDriver::pwm(uint8_t, float)	16	static
../source/r01device/led/LEDDriver.cpp:32:6:void LEDDriver::pwm(float*)	48	dynamic
../source/r01device/led/LEDDriver.cpp:47:6:void LEDDriver::flush()	4	static
../source/r01device/led/LEDDriver.cpp:53:6:void LEDDriver::buffer_enable(bool)	16	static
../source/r01device/led/LEDDriver.cpp:71:1:PCA995x::PCA995x(uint8_t, uint8_t, uint8_t, uint8_t, const uint8_t*, uint8_t)	16	static
../source/r01device/led/LEDDriver.cpp:78:1:PCA995x::~PCA995x()	8	static
../source/r01device/led/LEDDriver.cpp:78:1:virtual PCA995x::~PCA995x()	8	static
../source/r01device/led/LEDDriver.cpp:93:6:void PCA995x::irefall(uint8_t)	4	static
../source/r01device/led/LEDDriver.cpp:102:1:PCA995x_I2C::PCA995x_I2C(I2C&, uint8_t, uint8_t, uint8_t, uint8_t, uint8_t, const uint8_t*, uint8_t)	32	static
../source/r01device/led/LEDDriver.cpp:108:1:PCA995x_I2C::~PCA995x_I2C()	8	static
../source/r01device/led/LEDDriver.cpp:108:1:virtual PCA995x_I2C::~PCA995x_I2C()	8	static
/Users/tedd/dev/mcuxpresso/r01lib_serial/_r01lib_frdm_mcxa153/source/r01device/led/LEDDriver.h:126:10:virtual void* PCA995x_I2C::_ZThn20_N11PCA995x_I2CD1Ev()	16	static
/Users/tedd/dev/mcuxpresso/r01lib_serial/_r01lib_frdm_mcxa153/source/r01device/led/LEDDriver.h:126:10:virtual void* PCA995x_I2C::_ZThn20_N11PCA995x_I2CD0Ev()	16	static
../source/r01device/led/LEDDriver.cpp:136:1:PCA995x_SPI::PCA995x_SPI(SPI&, uint8_t, uint8_t, uint8_t, uint8_t, const uint8_t*, uint8_t)	24	static
../source/r01device/led/LEDDriver.cpp:143:1:PCA995x_SPI::~PCA995x_SPI()	8	static
../source/r01device/led/LEDDriver.cpp:143:1:virtual PCA995x_SPI::~PCA995x_SPI()	8	static
../source/r01device/led/LEDDriver.cpp:147:6:void PCA995x_SPI::txrx(uint8_t*, int)	144	static
../source/r01device/led/LEDDriver.cpp:193:6:void PCA995x_SPI::reg_w(uint8_t, uint8_t)	152	static
../source/r01device/led/LEDDriver.cpp:198:6:void PCA995x_SPI::reg_w(uint8_t, uint8_t*, int)	4	static
../source/r01device/led/LEDDriver.cpp:203:9:uint8_t PCA995x_SPI::reg_r(uint8_t)	152	static
../source/r01device/led/LEDDriver.cpp:208:6:void PCA995x_SPI::reg_r(uint8_t, uint8_t*, int)	4	static
../source/r01device/led/LEDDriver.cpp:213:6:void PCA995x_SPI::write_r8(uint8_t, uint8_t)	152	static
../source/r01device/led/LEDDriver.cpp:218:9:uint8_t PCA995x_SPI::read_r8(uint8_t)	152	static
../source/r01device/led/LEDDriver.cpp:223:6:void PCA995x_SPI::irefall(uint8_t)	152	static
../source/r01device/led/LEDDriver.cpp:228:6:void PCA995x_SPI::pwm(uint8_t, float)	152	static
../source/r01device/led/LEDDriver.cpp:233:6:void PCA995x_SPI::pwm(float*)	48	dynamic
../source/r01device/led/LEDDriver.cpp:82:6:virtual void PCA995x::begin(float, LEDDriver::board, bool)	40	static
