../source/r01device/led/PCA9956B.cpp:15:1:PCA9956B::~PCA9956B()	8	static
../source/r01device/led/PCA9956B.cpp:15:1:virtual PCA9956B::~PCA9956B()	8	static
../source/r01device/led/PCA9956B.cpp:19:6:virtual void PCA9956B::init(float)	32	static
/Users/tedd/dev/mcuxpresso/r01lib_serial/_r01lib_frdm_mcxa153/source/r01device/led/LEDDriver.h:366:10:virtual void* PCA9956B::_ZThn20_N8PCA9956BD1Ev()	8	static
/Users/tedd/dev/mcuxpresso/r01lib_serial/_r01lib_frdm_mcxa153/source/r01device/led/LEDDriver.h:366:10:virtual void* PCA9956B::_ZThn20_N8PCA9956BD0Ev()	8	static
../source/r01device/led/PCA9956B.cpp:10:1:PCA9956B::PCA9956B(I2C&, uint8_t)	40	static
