../source/r01device/led/PCA9955B.cpp:15:1:PCA9955B::~PCA9955B()	8	static
../source/r01device/led/PCA9955B.cpp:15:1:virtual PCA9955B::~PCA9955B()	8	static
../source/r01device/led/PCA9955B.cpp:19:6:virtual void PCA9955B::init(float)	32	static
/Users/tedd/dev/mcuxpresso/r01lib_serial/_r01lib_frdm_mcxa153/source/r01device/led/LEDDriver.h:213:10:virtual void* PCA9955B::_ZThn20_N8PCA9955BD1Ev()	8	static
/Users/tedd/dev/mcuxpresso/r01lib_serial/_r01lib_frdm_mcxa153/source/r01device/led/LEDDriver.h:213:10:virtual void* PCA9955B::_ZThn20_N8PCA9955BD0Ev()	8	static
../source/r01device/led/PCA9955B.cpp:10:1:PCA9955B::PCA9955B(I2C&, uint8_t)	40	static
