../source/r01device/rtc/PCF85053A.cpp:12:6:virtual void PCF85053A::begin()	0	static
../source/r01device/rtc/PCF85053A.cpp:37:6:virtual bool PCF85053A::oscillator_stop()	8	static
../source/r01device/rtc/PCF85053A.cpp:49:6:virtual void PCF85053A::alarm_clear()	16	static
../source/r01device/rtc/PCF85053A.cpp:56:6:virtual void PCF85053A::alarm_disable()	4	static
../source/r01device/rtc/PCF85053A.cpp:61:9:virtual uint8_t PCF85053A::int_clear()	16	static
../source/r01device/rtc/PCF85053A.cpp:10:1:PCF85053A::~PCF85053A()	8	static
../source/r01device/rtc/PCF85053A.cpp:43:6:virtual void PCF85053A::alarm(RTC_NXP::alarm_setting, int)	24	static
../source/r01device/rtc/PCF85053A.cpp:14:6:virtual void PCF85053A::set(tm*)	40	static
../source/r01device/rtc/PCF85053A.cpp:69:8:virtual time_t PCF85053A::rtc_time()	56	static
../source/r01device/rtc/PCF85053A.cpp:10:1:virtual PCF85053A::~PCF85053A()	8	static
/Users/tedd/dev/mcuxpresso/r01lib_serial/_r01lib_frdm_mcxa153/source/r01device/rtc/RTC_NXP.h:965:10:virtual void* PCF85053A::_ZThn4_N9PCF85053AD0Ev()	8	static
/Users/tedd/dev/mcuxpresso/r01lib_serial/_r01lib_frdm_mcxa153/source/r01device/rtc/RTC_NXP.h:965:10:virtual void* PCF85053A::_ZThn4_N9PCF85053AD1Ev()	8	static
../source/r01device/rtc/PCF85053A.cpp:9:1:PCF85053A::PCF85053A(I2C&, uint8_t)	16	static
