../source/r01device/rtc/PCF85263A.cpp:17:6:virtual void PCF85263A::begin()	0	static
../source/r01device/rtc/PCF85263A.cpp:47:6:virtual bool PCF85263A::oscillator_stop()	8	static
../source/r01device/rtc/PCF85263A.cpp:85:6:virtual void PCF85263A::alarm_clear()	0	static
../source/r01device/rtc/PCF85263A.cpp:90:6:virtual void PCF85263A::alarm_disable()	16	static
../source/r01device/rtc/PCF85263A.cpp:96:9:virtual uint8_t PCF85263A::int_clear()	16	static
../source/r01device/rtc/PCF85263A.cpp:13:1:PCF85263A::~PCF85263A()	8	static
../source/r01device/rtc/PCF85263A.cpp:21:6:virtual void PCF85263A::set(tm*)	48	static
../source/r01device/rtc/PCF85263A.cpp:104:8:virtual time_t PCF85263A::rtc_time()	56	static
../source/r01device/rtc/PCF85263A.cpp:13:1:virtual PCF85263A::~PCF85263A()	8	static
/Users/tedd/dev/mcuxpresso/r01lib_serial/_r01lib_frdm_mcxa153/source/r01device/rtc/RTC_NXP.h:781:10:virtual void* PCF85263A::_ZThn4_N9PCF85263AD0Ev()	8	static
/Users/tedd/dev/mcuxpresso/r01lib_serial/_r01lib_frdm_mcxa153/source/r01device/rtc/RTC_NXP.h:781:10:virtual void* PCF85263A::_ZThn4_N9PCF85263AD1Ev()	8	static
../source/r01device/rtc/PCF85263A.cpp:9:1:PCF85263A::PCF85263A(I2C&, uint8_t)	16	static
../source/r01device/rtc/PCF85263A.cpp:72:6:void PCF85263A::set_alarm(int, int, int)	32	static
../source/r01device/rtc/PCF85263A.cpp:57:6:void PCF85263A::alarm(RTC_NXP::alarm_setting, int, int)	0	static
../source/r01device/rtc/PCF85263A.cpp:67:6:void PCF85263A::alarm(alarm_setting_85263A, int, int)	0	static
../source/r01device/rtc/PCF85263A.cpp:52:6:virtual void PCF85263A::alarm(RTC_NXP::alarm_setting, int)	0	static
../source/r01device/rtc/PCF85263A.cpp:122:6:void PCF85263A::periodic_interrupt_enable(periodic_int_select, int)	32	static
../source/r01device/rtc/PCF85263A.cpp:130:6:void PCF85263A::pin_congfig(inta, intb)	4	static
../source/r01device/rtc/PCF85263A.cpp:135:6:void PCF85263A::ts_congfig(int)	16	static
../source/r01device/rtc/PCF85263A.cpp:141:8:time_t PCF85263A::timestamp(int)	56	static
