../source/r01device/rtc/PCF85063A.cpp:17:6:virtual void PCF85063_base::begin()	0	static
../source/r01device/rtc/PCF85063A.cpp:134:6:virtual void PCF85063A::_reg_w(uint8_t, uint8_t*, int)	4	static
../source/r01device/rtc/PCF85063A.cpp:139:6:virtual void PCF85063A::_reg_r(uint8_t, uint8_t*, int)	4	static
../source/r01device/rtc/PCF85063A.cpp:144:6:virtual void PCF85063A::_reg_w(uint8_t, uint8_t)	0	static
../source/r01device/rtc/PCF85063A.cpp:149:9:virtual uint8_t PCF85063A::_reg_r(uint8_t)	0	static
../source/r01device/rtc/PCF85063A.cpp:154:6:virtual void PCF85063A::_bit_op8(uint8_t, uint8_t, uint8_t)	4	static
../source/r01device/rtc/PCF85063A.cpp:130:1:PCF85063A::~PCF85063A()	8	static
../source/r01device/rtc/PCF85063A.cpp:130:1:virtual PCF85063A::~PCF85063A()	8	static
../source/r01device/rtc/PCF85063A.cpp:106:8:virtual time_t PCF85063_base::rtc_time()	56	static
/Users/tedd/dev/mcuxpresso/r01lib_serial/_r01lib_frdm_mcxa153/source/r01device/rtc/RTC_NXP.h:446:10:virtual void* PCF85063A::_ZThn4_N9PCF85063AD0Ev()	16	static
/Users/tedd/dev/mcuxpresso/r01lib_serial/_r01lib_frdm_mcxa153/source/r01device/rtc/RTC_NXP.h:446:10:virtual void* PCF85063A::_ZThn4_N9PCF85063AD1Ev()	16	static
../source/r01device/rtc/PCF85063A.cpp:44:6:virtual bool PCF85063_base::oscillator_stop()	8	static
../source/r01device/rtc/PCF85063A.cpp:61:6:virtual void PCF85063_base::alarm_disable()	4	static
../source/r01device/rtc/PCF85063A.cpp:66:9:virtual uint8_t PCF85063_base::int_clear()	16	static
../source/r01device/rtc/PCF85063A.cpp:49:6:virtual void PCF85063_base::alarm(RTC_NXP::alarm_setting, int)	16	static
../source/r01device/rtc/PCF85063A.cpp:21:6:virtual void PCF85063_base::set(tm*)	32	static
../source/r01device/rtc/PCF85063A.cpp:9:1:PCF85063_base::PCF85063_base()	8	static
../source/r01device/rtc/PCF85063A.cpp:13:1:PCF85063_base::~PCF85063_base()	8	static
../source/r01device/rtc/PCF85063A.cpp:13:1:virtual PCF85063_base::~PCF85063_base()	8	static
../source/r01device/rtc/PCF85063A.cpp:74:7:float PCF85063_base::timer(float)	48	static
../source/r01device/rtc/PCF85063A.cpp:126:1:PCF85063A::PCF85063A(I2C&, uint8_t)	24	static
