Archive member included to satisfy reference by file (symbol)

/Users/tedd/dev/mcuxpresso/r01lib_serial/_r01lib_frdm_mcxa153/Debug/lib_r01lib_frdm_mcxa153.a(startup_mcxa153.o)
                              (ResetISR)
/Users/tedd/dev/mcuxpresso/r01lib_serial/_r01lib_frdm_mcxa153/Debug/lib_r01lib_frdm_mcxa153.a(InterruptIn.o)
                              ./_r01lib_irq/irq.o (irq_handler)
/Users/tedd/dev/mcuxpresso/r01lib_serial/_r01lib_frdm_mcxa153/Debug/lib_r01lib_frdm_mcxa153.a(io.o)
                              ./source/main.o (DigitalOut::~DigitalOut())
/Users/tedd/dev/mcuxpresso/r01lib_serial/_r01lib_frdm_mcxa153/Debug/lib_r01lib_frdm_mcxa153.a(mcu.o)
                              ./source/main.o (wait(double))
/Users/tedd/dev/mcuxpresso/r01lib_serial/_r01lib_frdm_mcxa153/Debug/lib_r01lib_frdm_mcxa153.a(obj.o)
                              /Users/tedd/dev/mcuxpresso/r01lib_serial/_r01lib_frdm_mcxa153/Debug/lib_r01lib_frdm_mcxa153.a(io.o) (Obj::~Obj())
/Users/tedd/dev/mcuxpresso/r01lib_serial/_r01lib_frdm_mcxa153/Debug/lib_r01lib_frdm_mcxa153.a(fsl_clock.o)
                              /Users/tedd/dev/mcuxpresso/r01lib_serial/_r01lib_frdm_mcxa153/Debug/lib_r01lib_frdm_mcxa153.a(mcu.o) (CLOCK_AttachClk)
/Users/tedd/dev/mcuxpresso/r01lib_serial/_r01lib_frdm_mcxa153/Debug/lib_r01lib_frdm_mcxa153.a(fsl_common_arm.o)
                              /Users/tedd/dev/mcuxpresso/r01lib_serial/_r01lib_frdm_mcxa153/Debug/lib_r01lib_frdm_mcxa153.a(mcu.o) (SDK_DelayAtLeastUs)
/Users/tedd/dev/mcuxpresso/r01lib_serial/_r01lib_frdm_mcxa153/Debug/lib_r01lib_frdm_mcxa153.a(fsl_gpio.o)
                              /Users/tedd/dev/mcuxpresso/r01lib_serial/_r01lib_frdm_mcxa153/Debug/lib_r01lib_frdm_mcxa153.a(io.o) (GPIO_PinInit)
/Users/tedd/dev/mcuxpresso/r01lib_serial/_r01lib_frdm_mcxa153/Debug/lib_r01lib_frdm_mcxa153.a(fsl_reset.o)
                              /Users/tedd/dev/mcuxpresso/r01lib_serial/_r01lib_frdm_mcxa153/Debug/lib_r01lib_frdm_mcxa153.a(mcu.o) (RESET_PeripheralReset)
/Users/tedd/dev/mcuxpresso/r01lib_serial/_r01lib_frdm_mcxa153/Debug/lib_r01lib_frdm_mcxa153.a(fsl_utick.o)
                              /Users/tedd/dev/mcuxpresso/r01lib_serial/_r01lib_frdm_mcxa153/Debug/lib_r01lib_frdm_mcxa153.a(mcu.o) (UTICK_Init)
/Users/tedd/dev/mcuxpresso/r01lib_serial/_r01lib_frdm_mcxa153/Debug/lib_r01lib_frdm_mcxa153.a(system_MCXA153.o)
                              /Users/tedd/dev/mcuxpresso/r01lib_serial/_r01lib_frdm_mcxa153/Debug/lib_r01lib_frdm_mcxa153.a(startup_mcxa153.o) (SystemInit)
/Users/tedd/dev/mcuxpresso/r01lib_serial/_r01lib_frdm_mcxa153/Debug/lib_r01lib_frdm_mcxa153.a(board.o)
                              /Users/tedd/dev/mcuxpresso/r01lib_serial/_r01lib_frdm_mcxa153/Debug/lib_r01lib_frdm_mcxa153.a(mcu.o) (BOARD_InitDebugConsole)
/Users/tedd/dev/mcuxpresso/r01lib_serial/_r01lib_frdm_mcxa153/Debug/lib_r01lib_frdm_mcxa153.a(clock_config.o)
                              /Users/tedd/dev/mcuxpresso/r01lib_serial/_r01lib_frdm_mcxa153/Debug/lib_r01lib_frdm_mcxa153.a(mcu.o) (BOARD_InitBootClocks)
/Users/tedd/dev/mcuxpresso/r01lib_serial/_r01lib_frdm_mcxa153/Debug/lib_r01lib_frdm_mcxa153.a(pin_mux.o)
                              /Users/tedd/dev/mcuxpresso/r01lib_serial/_r01lib_frdm_mcxa153/Debug/lib_r01lib_frdm_mcxa153.a(mcu.o) (BOARD_InitPins)
/Users/tedd/dev/mcuxpresso/r01lib_serial/_r01lib_frdm_mcxa153/Debug/lib_r01lib_frdm_mcxa153.a(fsl_assert.o)
                              /Users/tedd/dev/mcuxpresso/r01lib_serial/_r01lib_frdm_mcxa153/Debug/lib_r01lib_frdm_mcxa153.a(InterruptIn.o) (__assert_func)
/Users/tedd/dev/mcuxpresso/r01lib_serial/_r01lib_frdm_mcxa153/Debug/lib_r01lib_frdm_mcxa153.a(fsl_spc.o)
                              /Users/tedd/dev/mcuxpresso/r01lib_serial/_r01lib_frdm_mcxa153/Debug/lib_r01lib_frdm_mcxa153.a(clock_config.o) (SPC_SetSRAMOperateVoltage)
/Applications/MCUXpressoIDE_25.6.136/ide/plugins/com.nxp.mcuxpresso.tools.macosx_25.6.0.202501151204/tools/bin/../lib/gcc/arm-none-eabi/14.2.1/thumb/v8-m.main/nofp/libgcc.a(_arm_muldf3.o)
                              /Users/tedd/dev/mcuxpresso/r01lib_serial/_r01lib_frdm_mcxa153/Debug/lib_r01lib_frdm_mcxa153.a(mcu.o) (__aeabi_dmul)
/Applications/MCUXpressoIDE_25.6.136/ide/plugins/com.nxp.mcuxpresso.tools.macosx_25.6.0.202501151204/tools/bin/../lib/gcc/arm-none-eabi/14.2.1/thumb/v8-m.main/nofp/libgcc.a(_arm_mulsf3.o)
                              /Users/tedd/dev/mcuxpresso/r01lib_serial/_r01lib_frdm_mcxa153/Debug/lib_r01lib_frdm_mcxa153.a(mcu.o) (__aeabi_fmul)
/Applications/MCUXpressoIDE_25.6.136/ide/plugins/com.nxp.mcuxpresso.tools.macosx_25.6.0.202501151204/tools/bin/../lib/gcc/arm-none-eabi/14.2.1/thumb/v8-m.main/nofp/libgcc.a(_arm_addsubdf3.o)
                              /Users/tedd/dev/mcuxpresso/r01lib_serial/_r01lib_frdm_mcxa153/Debug/lib_r01lib_frdm_mcxa153.a(mcu.o) (__aeabi_ui2d)
[...]
Memory Configuration

Name             Origin             Length             Attributes
PROGRAM_FLASH    0x00000000         0x00020000         xr
SRAM             0x20000000         0x00006000         xrw
SRAMX0           0x04000000         0x00002000         xrw
SRAMX1           0x04002000         0x00001000         xrw
*default*        0x00000000         0xffffffff

Linker script and memory map

LOAD ./source/main.o
LOAD ./_r01lib_irq/irq.o
LOAD /Users/tedd/dev/mcuxpresso/r01lib_serial/_r01lib_frdm_mcxa153/Debug/lib_r01lib_frdm_mcxa153.a
START GROUP
LOAD /Applications/MCUXpressoIDE_25.6.136/ide/plugins/com.nxp.mcuxpresso.tools.macosx_25.6.0.202501151204/tools/bin/../lib/gcc/arm-none-eabi/14.2.1/thumb/v8-m.main/nofp/libgcc.a
LOAD /Applications/MCUXpressoIDE_25.6.136/ide/plugins/com.nxp.mcuxpresso.tools.macosx_25.6.0.202501151204/tools/bin/../lib/gcc/arm-none-eabi/14.2.1/../../../../arm-none-eabi/lib/thumb/v8-m.main/nofp/libc_nano.a
LOAD /Applications/MCUXpressoIDE_25.6.136/ide/plugins/com.nxp.mcuxpresso.tools.macosx_25.6.0.202501151204/tools/bin/../lib/gcc/arm-none-eabi/14.2.1/../../../../arm-none-eabi/lib/thumb/v8-m.main/nofp/libstdc++_nano.a
LOAD /Applications/MCUXpressoIDE_25.6.136/ide/plugins/com.nxp.mcuxpresso.tools.macosx_25.6.0.202501151204/tools/bin/../lib/gcc/arm-none-eabi/14.2.1/../../../../arm-none-eabi/lib/thumb/v8-m.main/nofp/libm.a
LOAD /Applications/MCUXpressoIDE_25.6.136/ide/plugins/com.nxp.mcuxpresso.tools.macosx_25.6.0.202501151204/tools/bin/../lib/gcc/arm-none-eabi/14.2.1/../../../../arm-none-eabi/lib/thumb/v8-m.main/nofp/libcr_newlib_semihost.a
LOAD /Applications/MCUXpressoIDE_25.6.136/ide/plugins/com.nxp.mcuxpresso.tools.macosx_25.6.0.202501151204/tools/bin/../lib/gcc/arm-none-eabi/14.2.1/thumb/v8-m.main/nofp/crti.o
LOAD /Applications/MCUXpressoIDE_25.6.136/ide/plugins/com.nxp.mcuxpresso.tools.macosx_25.6.0.202501151204/tools/bin/../lib/gcc/arm-none-eabi/14.2.1/thumb/v8-m.main/nofp/crtn.o
LOAD /Applications/MCUXpressoIDE_25.6.136/ide/plugins/com.nxp.mcuxpresso.tools.macosx_25.6.0.202501151204/tools/bin/../lib/gcc/arm-none-eabi/14.2.1/thumb/v8-m.main/nofp/crtbegin.o
LOAD /Applications/MCUXpressoIDE_25.6.136/ide/plugins/com.nxp.mcuxpresso.tools.macosx_25.6.0.202501151204/tools/bin/../lib/gcc/arm-none-eabi/14.2.1/thumb/v8-m.main/nofp/crtend.o
END GROUP
                0x00000000                        __base_PROGRAM_FLASH = 0x0
                0x00000000                        __base_Flash = 0x0
                0x00020000                        __top_PROGRAM_FLASH = 0x20000
                0x00020000                        __top_Flash = 0x20000
                0x20000000                        __base_SRAM = 0x20000000
                0x20000000                        __base_RAM = 0x20000000
                0x20006000                        __top_SRAM = 0x20006000
                0x20006000                        __top_RAM = 0x20006000
                0x04000000                        __base_SRAMX0 = 0x4000000
                0x04000000                        __base_RAM2 = 0x4000000
                0x04002000                        __top_SRAMX0 = 0x4002000
                0x04002000                        __top_RAM2 = 0x4002000
                0x04002000                        __base_SRAMX1 = 0x4002000
                0x04002000                        __base_RAM3 = 0x4002000
                0x04003000                        __top_SRAMX1 = 0x4003000
                0x04003000                        __top_RAM3 = 0x4003000

.text           0x00000000     0x7ff8
 FILL mask 0xff
                0x00000000                        __vectors_start__ = ABSOLUTE (.)
 *(SORT_BY_ALIGNMENT(.isr_vector))
 .isr_vector    0x00000000      0x16c /Users/tedd/dev/mcuxpresso/r01lib_serial/_r01lib_frdm_mcxa153/Debug/lib_r01lib_frdm_mcxa153.a(startup_mcxa153.o)
                0x00000000                __Vectors
                0x00000000                g_pfnVectors
                0x0000016c                        . = ALIGN (0x4)
                0x0000016c                        __section_table_start = .
                0x0000016c                        __data_section_table = .
                0x0000016c        0x4 LONG 0x8000 LOADADDR (.data)
                0x00000170        0x4 LONG 0x20000000 ADDR (.data)
                0x00000174        0x4 LONG 0x1f4 SIZEOF (.data)
                0x00000178        0x4 LONG 0x8000 LOADADDR (.data_RAM2)
                0x0000017c        0x4 LONG 0x4000000 ADDR (.data_RAM2)
                0x00000180        0x4 LONG 0x0 SIZEOF (.data_RAM2)
                0x00000184        0x4 LONG 0x8000 LOADADDR (.data_RAM3)
                0x00000188        0x4 LONG 0x4002000 ADDR (.data_RAM3)
                0x0000018c        0x4 LONG 0x0 SIZEOF (.data_RAM3)
                0x00000190                        __data_section_table_end = .
                0x00000190                        __bss_section_table = .
                0x00000190        0x4 LONG 0x200001f4 ADDR (.bss)
                0x00000194        0x4 LONG 0x3bc SIZEOF (.bss)
                0x00000198        0x4 LONG 0x4000000 ADDR (.bss_RAM2)
                0x0000019c        0x4 LONG 0x0 SIZEOF (.bss_RAM2)
                0x000001a0        0x4 LONG 0x4002000 ADDR (.bss_RAM3)
                0x000001a4        0x4 LONG 0x0 SIZEOF (.bss_RAM3)
                0x000001a8                        __bss_section_table_end = .
                0x000001a8                        __section_table_end = .
 *(SORT_BY_ALIGNMENT(.after_vectors*))
 .after_vectors
                0x000001a8       0x2c /Users/tedd/dev/mcuxpresso/r01lib_serial/_r01lib_frdm_mcxa153/Debug/lib_r01lib_frdm_mcxa153.a(startup_mcxa153.o)
                0x000001a8                NMI_Handler
                0x000001ac                HardFault_Handler
                0x000001b0                MemManage_Handler
                0x000001b4                BusFault_Handler
                0x000001b8                UsageFault_Handler
                0x000001bc                SecureFault_Handler
                0x000001c0                SVC_Handler
                0x000001c4                DebugMon_Handler
                0x000001c8                PendSV_Handler
                0x000001cc                SysTick_Handler
                0x000001d0                LPI2C0_DriverIRQHandler
                0x000001d0                FLEXPWM0_RELOAD_ERROR_DriverIRQHandler
                0x000001d0                QDC0_HOME_DriverIRQHandler
                0x000001d0                Reserved82_DriverIRQHandler
                0x000001d0                QDC0_WATCHDOG_DriverIRQHandler
                0x000001d0                ERM0_MULTI_BIT_DriverIRQHandler
                0x000001d0                Reserved36_DriverIRQHandler
                0x000001d0                CTIMER2_DriverIRQHandler
                0x000001d0                CMP1_DriverIRQHandler
                0x000001d0                IntDefaultHandler
                0x000001d0                USB0_DriverIRQHandler
                0x000001d0                QDC0_INDEX_DriverIRQHandler
                0x000001d0                Reserved41_DriverIRQHandler
                0x000001d0                FLEXPWM0_SUBMODULE2_DriverIRQHandler
                0x000001d0                LPUART2_DriverIRQHandler
                0x000001d0                WWDT0_DriverIRQHandler
                0x000001d0                Reserved84_DriverIRQHandler
                0x000001d0                FLEXPWM0_FAULT_DriverIRQHandler
                0x000001d0                GPIO0_DriverIRQHandler
                0x000001d0                Reserved38_DriverIRQHandler
                0x000001d0                FREQME0_DriverIRQHandler
                0x000001d0                Reserved22_DriverIRQHandler
                0x000001d0                Reserved53_DriverIRQHandler
                0x000001d0                Reserved35_DriverIRQHandler
                0x000001d0                CTIMER0_DriverIRQHandler
                0x000001d0                Reserved79_DriverIRQHandler
                0x000001d0                Reserved24_DriverIRQHandler
                0x000001d0                CTIMER1_DriverIRQHandler
                0x000001d0                QDC0_COMPARE_DriverIRQHandler
                0x000001d0                LPUART1_DriverIRQHandler
                0x000001d0                LPSPI0_DriverIRQHandler
                0x000001d0                DMA_CH3_DriverIRQHandler
                0x000001d0                Reserved83_DriverIRQHandler
                0x000001d0                Reserved72_DriverIRQHandler
                0x000001d0                Reserved23_DriverIRQHandler
                0x000001d0                Reserved65_DriverIRQHandler
                0x000001d0                ERM0_SINGLE_BIT_DriverIRQHandler
                0x000001d0                DMA_CH2_DriverIRQHandler
                0x000001d0                Reserved51_DriverIRQHandler
                0x000001d0                Reserved25_DriverIRQHandler
                0x000001d0                FMU0_DriverIRQHandler
                0x000001d0                LPSPI1_DriverIRQHandler
                0x000001d0                Reserved77_DriverIRQHandler
                0x000001d0                Reserved16_DriverIRQHandler
                0x000001d0                LPUART0_DriverIRQHandler
                0x000001d0                GPIO2_DriverIRQHandler
                0x000001d0                Reserved85_DriverIRQHandler
                0x000001d0                ADC0_DriverIRQHandler
                0x000001d0                CMP0_DriverIRQHandler
                0x000001d0                CDOG0_DriverIRQHandler
                0x000001d0                Reserved59_DriverIRQHandler
                0x000001d0                DMA_CH0_DriverIRQHandler
                0x000001d0                Reserved58_DriverIRQHandler
                0x000001d0                DMA_CH1_DriverIRQHandler
                0x000001d0                SPC0_DriverIRQHandler
                0x000001d0                Reserved43_DriverIRQHandler
                0x000001d0                Reserved46_DriverIRQHandler
                0x000001d0                Reserved37_DriverIRQHandler
                0x000001d0                Reserved86_DriverIRQHandler
                0x000001d0                GPIO1_DriverIRQHandler
                0x000001d0                FLEXPWM0_SUBMODULE0_DriverIRQHandler
                0x000001d0                Reserved50_DriverIRQHandler
                0x000001d0                OS_EVENT_DriverIRQHandler
                0x000001d0                SCG0_DriverIRQHandler
                0x000001d0                GLIKEY0_DriverIRQHandler
                0x000001d0                GPIO3_DriverIRQHandler
                0x000001d0                CMC_DriverIRQHandler
                0x000001d0                WUU0_DriverIRQHandler
                0x000001d0                Reserved33_DriverIRQHandler
                0x000001d0                I3C0_DriverIRQHandler
                0x000001d0                Reserved39_DriverIRQHandler
                0x000001d0                WAKETIMER0_DriverIRQHandler
                0x000001d0                MBC0_DriverIRQHandler
                0x000001d0                LPTMR0_DriverIRQHandler
                0x000001d0                FLEXPWM0_SUBMODULE1_DriverIRQHandler
 .after_vectors.init_data
                0x000001d4       0x1c /Users/tedd/dev/mcuxpresso/r01lib_serial/_r01lib_frdm_mcxa153/Debug/lib_r01lib_frdm_mcxa153.a(startup_mcxa153.o)
                0x000001d4                data_init(unsigned int, unsigned int, unsigned int)
 .after_vectors.init_bss
                0x000001f0       0x14 /Users/tedd/dev/mcuxpresso/r01lib_serial/_r01lib_frdm_mcxa153/Debug/lib_r01lib_frdm_mcxa153.a(startup_mcxa153.o)
                0x000001f0                bss_init(unsigned int, unsigned int)
 .after_vectors.reset
                0x00000204       0x70 /Users/tedd/dev/mcuxpresso/r01lib_serial/_r01lib_frdm_mcxa153/Debug/lib_r01lib_frdm_mcxa153.a(startup_mcxa153.o)
                0x00000204                ResetISR
 *(SORT_BY_ALIGNMENT(.text*))
 *fill*         0x00000274        0x4 ff
 .text._Z4waitd
                0x00000278       0x30 /Users/tedd/dev/mcuxpresso/r01lib_serial/_r01lib_frdm_mcxa153/Debug/lib_r01lib_frdm_mcxa153.a(mcu.o)
                0x00000278                wait(double)
 .text._strtod_l
                0x000002a8      0xba8 /Applications/MCUXpressoIDE_25.6.136/ide/plugins/com.nxp.mcuxpresso.tools.macosx_25.6.0.202501151204/tools/bin/../lib/gcc/arm-none-eabi/14.2.1/../../../../arm-none-eabi/lib/thumb/v8-m.main/nofp/libc_nano.a(libc_a-strtod.o)
                0x000002a8                _strtod_l
 .text._dtoa_r  0x00000e50      0xbc8 /Applications/MCUXpressoIDE_25.6.136/ide/plugins/com.nxp.mcuxpresso.tools.macosx_25.6.0.202501151204/tools/bin/../lib/gcc/arm-none-eabi/14.2.1/../../../../arm-none-eabi/lib/thumb/v8-m.main/nofp/libc_nano.a(libc_a-dtoa.o)
                0x00000e50                _dtoa_r
 .text.startup.main
                0x00001a18       0x34 ./source/main.o
                0x00001a18                main
 .text.startup._GLOBAL__sub_I_led
                0x00001a4c       0x28 ./source/main.o
 .text.Reserved16_IRQHandler
                0x00001a74        0x8 /Users/tedd/dev/mcuxpresso/r01lib_serial/_r01lib_frdm_mcxa153/Debug/lib_r01lib_frdm_mcxa153.a(startup_mcxa153.o)
                0x00001a74                Reserved16_IRQHandler
 .text.CMC_IRQHandler
                0x00001a7c        0x8 /Users/tedd/dev/mcuxpresso/r01lib_serial/_r01lib_frdm_mcxa153/Debug/lib_r01lib_frdm_mcxa153.a(startup_mcxa153.o)
                0x00001a7c                CMC_IRQHandler
 .text.DMA_CH0_IRQHandler
                0x00001a84        0x8 /Users/tedd/dev/mcuxpresso/r01lib_serial/_r01lib_frdm_mcxa153/Debug/lib_r01lib_frdm_mcxa153.a(startup_mcxa153.o)
                0x00001a84                DMA_CH0_IRQHandler
 .text.DMA_CH1_IRQHandler
                0x00001a8c        0x8 /Users/tedd/dev/mcuxpresso/r01lib_serial/_r01lib_frdm_mcxa153/Debug/lib_r01lib_frdm_mcxa153.a(startup_mcxa153.o)
                0x00001a8c                DMA_CH1_IRQHandler
 .text.DMA_CH2_IRQHandler
                0x00001a94        0x8 /Users/tedd/dev/mcuxpresso/r01lib_serial/_r01lib_frdm_mcxa153/Debug/lib_r01lib_frdm_mcxa153.a(startup_mcxa153.o)
                0x00001a94                DMA_CH2_IRQHandler
 .text.DMA_CH3_IRQHandler
                0x00001a9c        0x8 /Users/tedd/dev/mcuxpresso/r01lib_serial/_r01lib_frdm_mcxa153/Debug/lib_r01lib_frdm_mcxa153.a(startup_mcxa153.o)
                0x00001a9c                DMA_CH3_IRQHandler
 .text.Reserved22_IRQHandler
                0x00001aa4        0x8 /Users/tedd/dev/mcuxpresso/r01lib_serial/_r01lib_frdm_mcxa153/Debug/lib_r01lib_frdm_mcxa153.a(startup_mcxa153.o)
                0x00001aa4                Reserved22_IRQHandler
 .text.Reserved23_IRQHandler
                0x00001aac        0x8 /Users/tedd/dev/mcuxpresso/r01lib_serial/_r01lib_frdm_mcxa153/Debug/lib_r01lib_frdm_mcxa153.a(startup_mcxa153.o)
                0x00001aac                Reserved23_IRQHandler
 .text.Reserved24_IRQHandler
                0x00001ab4        0x8 /Users/tedd/dev/mcuxpresso/r01lib_serial/_r01lib_frdm_mcxa153/Debug/lib_r01lib_frdm_mcxa153.a(startup_mcxa153.o)
                0x00001ab4                Reserved24_IRQHandler
 .text.Reserved25_IRQHandler
                0x00001abc        0x8 /Users/tedd/dev/mcuxpresso/r01lib_serial/_r01lib_frdm_mcxa153/Debug/lib_r01lib_frdm_mcxa153.a(startup_mcxa153.o)
                0x00001abc                Reserved25_IRQHandler
 .text.ERM0_SINGLE_BIT_IRQHandler
                0x00001ac4        0x8 /Users/tedd/dev/mcuxpresso/r01lib_serial/_r01lib_frdm_mcxa153/Debug/lib_r01lib_frdm_mcxa153.a(startup_mcxa153.o)
                0x00001ac4                ERM0_SINGLE_BIT_IRQHandler
 .text.ERM0_MULTI_BIT_IRQHandler
                0x00001acc        0x8 /Users/tedd/dev/mcuxpresso/r01lib_serial/_r01lib_frdm_mcxa153/Debug/lib_r01lib_frdm_mcxa153.a(startup_mcxa153.o)
                0x00001acc                ERM0_MULTI_BIT_IRQHandler
 .text.FMU0_IRQHandler
                0x00001ad4        0x8 /Users/tedd/dev/mcuxpresso/r01lib_serial/_r01lib_frdm_mcxa153/Debug/lib_r01lib_frdm_mcxa153.a(startup_mcxa153.o)
                0x00001ad4                FMU0_IRQHandler
 .text.GLIKEY0_IRQHandler
                0x00001adc        0x8 /Users/tedd/dev/mcuxpresso/r01lib_serial/_r01lib_frdm_mcxa153/Debug/lib_r01lib_frdm_mcxa153.a(startup_mcxa153.o)
                0x00001adc                GLIKEY0_IRQHandler
 .text.MBC0_IRQHandler
                0x00001ae4        0x8 /Users/tedd/dev/mcuxpresso/r01lib_serial/_r01lib_frdm_mcxa153/Debug/lib_r01lib_frdm_mcxa153.a(startup_mcxa153.o)
                0x00001ae4                MBC0_IRQHandler
 .text.SCG0_IRQHandler
                0x00001aec        0x8 /Users/tedd/dev/mcuxpresso/r01lib_serial/_r01lib_frdm_mcxa153/Debug/lib_r01lib_frdm_mcxa153.a(startup_mcxa153.o)
                0x00001aec                SCG0_IRQHandler
 .text.SPC0_IRQHandler
                0x00001af4        0x8 /Users/tedd/dev/mcuxpresso/r01lib_serial/_r01lib_frdm_mcxa153/Debug/lib_r01lib_frdm_mcxa153.a(startup_mcxa153.o)
                0x00001af4                SPC0_IRQHandler
 .text.Reserved33_IRQHandler
                0x00001afc        0x8 /Users/tedd/dev/mcuxpresso/r01lib_serial/_r01lib_frdm_mcxa153/Debug/lib_r01lib_frdm_mcxa153.a(startup_mcxa153.o)
                0x00001afc                Reserved33_IRQHandler
 .text.WUU0_IRQHandler
                0x00001b04        0x8 /Users/tedd/dev/mcuxpresso/r01lib_serial/_r01lib_frdm_mcxa153/Debug/lib_r01lib_frdm_mcxa153.a(startup_mcxa153.o)
                0x00001b04                WUU0_IRQHandler
 .text.Reserved35_IRQHandler
                0x00001b0c        0x8 /Users/tedd/dev/mcuxpresso/r01lib_serial/_r01lib_frdm_mcxa153/Debug/lib_r01lib_frdm_mcxa153.a(startup_mcxa153.o)
                0x00001b0c                Reserved35_IRQHandler
 .text.Reserved36_IRQHandler
                0x00001b14        0x8 /Users/tedd/dev/mcuxpresso/r01lib_serial/_r01lib_frdm_mcxa153/Debug/lib_r01lib_frdm_mcxa153.a(startup_mcxa153.o)
                0x00001b14                Reserved36_IRQHandler
 .text.Reserved37_IRQHandler
                0x00001b1c        0x8 /Users/tedd/dev/mcuxpresso/r01lib_serial/_r01lib_frdm_mcxa153/Debug/lib_r01lib_frdm_mcxa153.a(startup_mcxa153.o)
                0x00001b1c                Reserved37_IRQHandler
 .text.Reserved38_IRQHandler
                0x00001b24        0x8 /Users/tedd/dev/mcuxpresso/r01lib_serial/_r01lib_frdm_mcxa153/Debug/lib_r01lib_frdm_mcxa153.a(startup_mcxa153.o)
                0x00001b24                Reserved38_IRQHandler
 .text.Reserved39_IRQHandler
                0x00001b2c        0x8 /Users/tedd/dev/mcuxpresso/r01lib_serial/_r01lib_frdm_mcxa153/Debug/lib_r01lib_frdm_mcxa153.a(startup_mcxa153.o)
                0x00001b2c                Reserved39_IRQHandler
 .text.I3C0_IRQHandler
                0x00001b34        0x8 /Users/tedd/dev/mcuxpresso/r01lib_serial/_r01lib_frdm_mcxa153/Debug/lib_r01lib_frdm_mcxa153.a(startup_mcxa153.o)
                0x00001b34                I3C0_IRQHandler
 .text.Reserved41_IRQHandler
                0x00001b3c        0x8 /Users/tedd/dev/mcuxpresso/r01lib_serial/_r01lib_frdm_mcxa153/Debug/lib_r01lib_frdm_mcxa153.a(startup_mcxa153.o)
                0x00001b3c                Reserved41_IRQHandler
 .text.LPI2C0_IRQHandler
                0x00001b44        0x8 /Users/tedd/dev/mcuxpresso/r01lib_serial/_r01lib_frdm_mcxa153/Debug/lib_r01lib_frdm_mcxa153.a(startup_mcxa153.o)
                0x00001b44                LPI2C0_IRQHandler
 .text.Reserved43_IRQHandler
                0x00001b4c        0x8 /Users/tedd/dev/mcuxpresso/r01lib_serial/_r01lib_frdm_mcxa153/Debug/lib_r01lib_frdm_mcxa153.a(startup_mcxa153.o)
                0x00001b4c                Reserved43_IRQHandler
 .text.LPSPI0_IRQHandler
                0x00001b54        0x8 /Users/tedd/dev/mcuxpresso/r01lib_serial/_r01lib_frdm_mcxa153/Debug/lib_r01lib_frdm_mcxa153.a(startup_mcxa153.o)
                0x00001b54                LPSPI0_IRQHandler
 .text.LPSPI1_IRQHandler
                0x00001b5c        0x8 /Users/tedd/dev/mcuxpresso/r01lib_serial/_r01lib_frdm_mcxa153/Debug/lib_r01lib_frdm_mcxa153.a(startup_mcxa153.o)
                0x00001b5c                LPSPI1_IRQHandler
 .text.Reserved46_IRQHandler
                0x00001b64        0x8 /Users/tedd/dev/mcuxpresso/r01lib_serial/_r01lib_frdm_mcxa153/Debug/lib_r01lib_frdm_mcxa153.a(startup_mcxa153.o)
                0x00001b64                Reserved46_IRQHandler
 .text.LPUART0_IRQHandler
                0x00001b6c        0x8 /Users/tedd/dev/mcuxpresso/r01lib_serial/_r01lib_frdm_mcxa153/Debug/lib_r01lib_frdm_mcxa153.a(startup_mcxa153.o)
                0x00001b6c                LPUART0_IRQHandler
 .text.LPUART1_IRQHandler
                0x00001b74        0x8 /Users/tedd/dev/mcuxpresso/r01lib_serial/_r01lib_frdm_mcxa153/Debug/lib_r01lib_frdm_mcxa153.a(startup_mcxa153.o)
                0x00001b74                LPUART1_IRQHandler
 .text.LPUART2_IRQHandler
                0x00001b7c        0x8 /Users/tedd/dev/mcuxpresso/r01lib_serial/_r01lib_frdm_mcxa153/Debug/lib_r01lib_frdm_mcxa153.a(startup_mcxa153.o)
                0x00001b7c                LPUART2_IRQHandler
 .text.Reserved50_IRQHandler
                0x00001b84        0x8 /Users/tedd/dev/mcuxpresso/r01lib_serial/_r01lib_frdm_mcxa153/Debug/lib_r01lib_frdm_mcxa153.a(startup_mcxa153.o)
                0x00001b84                Reserved50_IRQHandler
 .text.Reserved51_IRQHandler
                0x00001b8c        0x8 /Users/tedd/dev/mcuxpresso/r01lib_serial/_r01lib_frdm_mcxa153/Debug/lib_r01lib_frdm_mcxa153.a(startup_mcxa153.o)
                0x00001b8c                Reserved51_IRQHandler
 .text.USB0_IRQHandler
                0x00001b94        0x8 /Users/tedd/dev/mcuxpresso/r01lib_serial/_r01lib_frdm_mcxa153/Debug/lib_r01lib_frdm_mcxa153.a(startup_mcxa153.o)
                0x00001b94                USB0_IRQHandler
 .text.Reserved53_IRQHandler
                0x00001b9c        0x8 /Users/tedd/dev/mcuxpresso/r01lib_serial/_r01lib_frdm_mcxa153/Debug/lib_r01lib_frdm_mcxa153.a(startup_mcxa153.o)
                0x00001b9c                Reserved53_IRQHandler
 .text.CDOG0_IRQHandler
                0x00001ba4        0x8 /Users/tedd/dev/mcuxpresso/r01lib_serial/_r01lib_frdm_mcxa153/Debug/lib_r01lib_frdm_mcxa153.a(startup_mcxa153.o)
                0x00001ba4                CDOG0_IRQHandler
 .text.CTIMER0_IRQHandler
                0x00001bac        0x8 /Users/tedd/dev/mcuxpresso/r01lib_serial/_r01lib_frdm_mcxa153/Debug/lib_r01lib_frdm_mcxa153.a(startup_mcxa153.o)
                0x00001bac                CTIMER0_IRQHandler
 .text.CTIMER1_IRQHandler
                0x00001bb4        0x8 /Users/tedd/dev/mcuxpresso/r01lib_serial/_r01lib_frdm_mcxa153/Debug/lib_r01lib_frdm_mcxa153.a(startup_mcxa153.o)
                0x00001bb4                CTIMER1_IRQHandler
 .text.CTIMER2_IRQHandler
                0x00001bbc        0x8 /Users/tedd/dev/mcuxpresso/r01lib_serial/_r01lib_frdm_mcxa153/Debug/lib_r01lib_frdm_mcxa153.a(startup_mcxa153.o)
                0x00001bbc                CTIMER2_IRQHandler
 .text.Reserved58_IRQHandler
                0x00001bc4        0x8 /Users/tedd/dev/mcuxpresso/r01lib_serial/_r01lib_frdm_mcxa153/Debug/lib_r01lib_frdm_mcxa153.a(startup_mcxa153.o)
                0x00001bc4                Reserved58_IRQHandler
 .text.Reserved59_IRQHandler
                0x00001bcc        0x8 /Users/tedd/dev/mcuxpresso/r01lib_serial/_r01lib_frdm_mcxa153/Debug/lib_r01lib_frdm_mcxa153.a(startup_mcxa153.o)
                0x00001bcc                Reserved59_IRQHandler
 .text.FLEXPWM0_RELOAD_ERROR_IRQHandler
                0x00001bd4        0x8 /Users/tedd/dev/mcuxpresso/r01lib_serial/_r01lib_frdm_mcxa153/Debug/lib_r01lib_frdm_mcxa153.a(startup_mcxa153.o)
                0x00001bd4                FLEXPWM0_RELOAD_ERROR_IRQHandler
 .text.FLEXPWM0_FAULT_IRQHandler
                0x00001bdc        0x8 /Users/tedd/dev/mcuxpresso/r01lib_serial/_r01lib_frdm_mcxa153/Debug/lib_r01lib_frdm_mcxa153.a(startup_mcxa153.o)
                0x00001bdc                FLEXPWM0_FAULT_IRQHandler
 .text.FLEXPWM0_SUBMODULE0_IRQHandler
                0x00001be4        0x8 /Users/tedd/dev/mcuxpresso/r01lib_serial/_r01lib_frdm_mcxa153/Debug/lib_r01lib_frdm_mcxa153.a(startup_mcxa153.o)
                0x00001be4                FLEXPWM0_SUBMODULE0_IRQHandler
 .text.FLEXPWM0_SUBMODULE1_IRQHandler
                0x00001bec        0x8 /Users/tedd/dev/mcuxpresso/r01lib_serial/_r01lib_frdm_mcxa153/Debug/lib_r01lib_frdm_mcxa153.a(startup_mcxa153.o)
                0x00001bec                FLEXPWM0_SUBMODULE1_IRQHandler
 .text.FLEXPWM0_SUBMODULE2_IRQHandler
                0x00001bf4        0x8 /Users/tedd/dev/mcuxpresso/r01lib_serial/_r01lib_frdm_mcxa153/Debug/lib_r01lib_frdm_mcxa153.a(startup_mcxa153.o)
                0x00001bf4                FLEXPWM0_SUBMODULE2_IRQHandler
 .text.Reserved65_IRQHandler
                0x00001bfc        0x8 /Users/tedd/dev/mcuxpresso/r01lib_serial/_r01lib_frdm_mcxa153/Debug/lib_r01lib_frdm_mcxa153.a(startup_mcxa153.o)
                0x00001bfc                Reserved65_IRQHandler
 .text.QDC0_COMPARE_IRQHandler
                0x00001c04        0x8 /Users/tedd/dev/mcuxpresso/r01lib_serial/_r01lib_frdm_mcxa153/Debug/lib_r01lib_frdm_mcxa153.a(startup_mcxa153.o)
                0x00001c04                QDC0_COMPARE_IRQHandler
 .text.QDC0_HOME_IRQHandler
                0x00001c0c        0x8 /Users/tedd/dev/mcuxpresso/r01lib_serial/_r01lib_frdm_mcxa153/Debug/lib_r01lib_frdm_mcxa153.a(startup_mcxa153.o)
                0x00001c0c                QDC0_HOME_IRQHandler
 .text.QDC0_WATCHDOG_IRQHandler
                0x00001c14        0x8 /Users/tedd/dev/mcuxpresso/r01lib_serial/_r01lib_frdm_mcxa153/Debug/lib_r01lib_frdm_mcxa153.a(startup_mcxa153.o)
                0x00001c14                QDC0_WATCHDOG_IRQHandler
 .text.QDC0_INDEX_IRQHandler
                0x00001c1c        0x8 /Users/tedd/dev/mcuxpresso/r01lib_serial/_r01lib_frdm_mcxa153/Debug/lib_r01lib_frdm_mcxa153.a(startup_mcxa153.o)
                0x00001c1c                QDC0_INDEX_IRQHandler
 .text.FREQME0_IRQHandler
                0x00001c24        0x8 /Users/tedd/dev/mcuxpresso/r01lib_serial/_r01lib_frdm_mcxa153/Debug/lib_r01lib_frdm_mcxa153.a(startup_mcxa153.o)
                0x00001c24                FREQME0_IRQHandler
 .text.LPTMR0_IRQHandler
                0x00001c2c        0x8 /Users/tedd/dev/mcuxpresso/r01lib_serial/_r01lib_frdm_mcxa153/Debug/lib_r01lib_frdm_mcxa153.a(startup_mcxa153.o)
                0x00001c2c                LPTMR0_IRQHandler
 .text.Reserved72_IRQHandler
                0x00001c34        0x8 /Users/tedd/dev/mcuxpresso/r01lib_serial/_r01lib_frdm_mcxa153/Debug/lib_r01lib_frdm_mcxa153.a(startup_mcxa153.o)
                0x00001c34                Reserved72_IRQHandler
 .text.OS_EVENT_IRQHandler
                0x00001c3c        0x8 /Users/tedd/dev/mcuxpresso/r01lib_serial/_r01lib_frdm_mcxa153/Debug/lib_r01lib_frdm_mcxa153.a(startup_mcxa153.o)
                0x00001c3c                OS_EVENT_IRQHandler
 .text.WAKETIMER0_IRQHandler
                0x00001c44        0x8 /Users/tedd/dev/mcuxpresso/r01lib_serial/_r01lib_frdm_mcxa153/Debug/lib_r01lib_frdm_mcxa153.a(startup_mcxa153.o)
                0x00001c44                WAKETIMER0_IRQHandler
 .text.UTICK0_IRQHandler
                0x00001c4c        0x8 /Users/tedd/dev/mcuxpresso/r01lib_serial/_r01lib_frdm_mcxa153/Debug/lib_r01lib_frdm_mcxa153.a(startup_mcxa153.o)
                0x00001c4c                UTICK0_IRQHandler
 .text.WWDT0_IRQHandler
                0x00001c54        0x8 /Users/tedd/dev/mcuxpresso/r01lib_serial/_r01lib_frdm_mcxa153/Debug/lib_r01lib_frdm_mcxa153.a(startup_mcxa153.o)
                0x00001c54                WWDT0_IRQHandler
 .text.Reserved77_IRQHandler
                0x00001c5c        0x8 /Users/tedd/dev/mcuxpresso/r01lib_serial/_r01lib_frdm_mcxa153/Debug/lib_r01lib_frdm_mcxa153.a(startup_mcxa153.o)
                0x00001c5c                Reserved77_IRQHandler
 .text.ADC0_IRQHandler
                0x00001c64        0x8 /Users/tedd/dev/mcuxpresso/r01lib_serial/_r01lib_frdm_mcxa153/Debug/lib_r01lib_frdm_mcxa153.a(startup_mcxa153.o)
                0x00001c64                ADC0_IRQHandler
 .text.Reserved79_IRQHandler
                0x00001c6c        0x8 /Users/tedd/dev/mcuxpresso/r01lib_serial/_r01lib_frdm_mcxa153/Debug/lib_r01lib_frdm_mcxa153.a(startup_mcxa153.o)
                0x00001c6c                Reserved79_IRQHandler
 .text.CMP0_IRQHandler
                0x00001c74        0x8 /Users/tedd/dev/mcuxpresso/r01lib_serial/_r01lib_frdm_mcxa153/Debug/lib_r01lib_frdm_mcxa153.a(startup_mcxa153.o)
                0x00001c74                CMP0_IRQHandler
 .text.CMP1_IRQHandler
                0x00001c7c        0x8 /Users/tedd/dev/mcuxpresso/r01lib_serial/_r01lib_frdm_mcxa153/Debug/lib_r01lib_frdm_mcxa153.a(startup_mcxa153.o)
                0x00001c7c                CMP1_IRQHandler
 .text.Reserved82_IRQHandler
                0x00001c84        0x8 /Users/tedd/dev/mcuxpresso/r01lib_serial/_r01lib_frdm_mcxa153/Debug/lib_r01lib_frdm_mcxa153.a(startup_mcxa153.o)
                0x00001c84                Reserved82_IRQHandler
 .text.Reserved83_IRQHandler
                0x00001c8c        0x8 /Users/tedd/dev/mcuxpresso/r01lib_serial/_r01lib_frdm_mcxa153/Debug/lib_r01lib_frdm_mcxa153.a(startup_mcxa153.o)
                0x00001c8c                Reserved83_IRQHandler
 .text.Reserved84_IRQHandler
                0x00001c94        0x8 /Users/tedd/dev/mcuxpresso/r01lib_serial/_r01lib_frdm_mcxa153/Debug/lib_r01lib_frdm_mcxa153.a(startup_mcxa153.o)
                0x00001c94                Reserved84_IRQHandler
 .text.Reserved85_IRQHandler
                0x00001c9c        0x8 /Users/tedd/dev/mcuxpresso/r01lib_serial/_r01lib_frdm_mcxa153/Debug/lib_r01lib_frdm_mcxa153.a(startup_mcxa153.o)
                0x00001c9c                Reserved85_IRQHandler
 .text.Reserved86_IRQHandler
                0x00001ca4        0x8 /Users/tedd/dev/mcuxpresso/r01lib_serial/_r01lib_frdm_mcxa153/Debug/lib_r01lib_frdm_mcxa153.a(startup_mcxa153.o)
                0x00001ca4                Reserved86_IRQHandler
 .text.irq_handler
                0x00001cac       0x48 /Users/tedd/dev/mcuxpresso/r01lib_serial/_r01lib_frdm_mcxa153/Debug/lib_r01lib_frdm_mcxa153.a(InterruptIn.o)
                0x00001cac                irq_handler
 .text._ZN12DigitalInOutD2Ev
                0x00001cf4       0x14 /Users/tedd/dev/mcuxpresso/r01lib_serial/_r01lib_frdm_mcxa153/Debug/lib_r01lib_frdm_mcxa153.a(io.o)
                0x00001cf4                DigitalInOut::~DigitalInOut()
                0x00001cf4                DigitalInOut::~DigitalInOut()
 .text._ZN10DigitalOutD2Ev
                0x00001d08       0x14 /Users/tedd/dev/mcuxpresso/r01lib_serial/_r01lib_frdm_mcxa153/Debug/lib_r01lib_frdm_mcxa153.a(io.o)
                0x00001d08                DigitalOut::~DigitalOut()
                0x00001d08                DigitalOut::~DigitalOut()
 .text._ZN12DigitalInOutD0Ev
                0x00001d1c       0x1c /Users/tedd/dev/mcuxpresso/r01lib_serial/_r01lib_frdm_mcxa153/Debug/lib_r01lib_frdm_mcxa153.a(io.o)
                0x00001d1c                DigitalInOut::~DigitalInOut()
 .text._ZN10DigitalOutD0Ev
                0x00001d38       0x1c /Users/tedd/dev/mcuxpresso/r01lib_serial/_r01lib_frdm_mcxa153/Debug/lib_r01lib_frdm_mcxa153.a(io.o)
                0x00001d38                DigitalOut::~DigitalOut()
 .text._ZN12DigitalInOut4modeEi
                0x00001d54       0x50 /Users/tedd/dev/mcuxpresso/r01lib_serial/_r01lib_frdm_mcxa153/Debug/lib_r01lib_frdm_mcxa153.a(io.o)
                0x00001d54                DigitalInOut::mode(int)
 .text._ZN12DigitalInOutC2Ehbbi
                0x00001da4       0xa0 /Users/tedd/dev/mcuxpresso/r01lib_serial/_r01lib_frdm_mcxa153/Debug/lib_r01lib_frdm_mcxa153.a(io.o)
                0x00001da4                DigitalInOut::DigitalInOut(unsigned char, bool, bool, int)
                0x00001da4                DigitalInOut::DigitalInOut(unsigned char, bool, bool, int)
 .text._ZN12DigitalInOutaSEb
                0x00001e44       0x38 /Users/tedd/dev/mcuxpresso/r01lib_serial/_r01lib_frdm_mcxa153/Debug/lib_r01lib_frdm_mcxa153.a(io.o)
                0x00001e44                DigitalInOut::operator=(bool)
 .text._ZN12DigitalInOutcvbEv
                0x00001e7c       0x2c /Users/tedd/dev/mcuxpresso/r01lib_serial/_r01lib_frdm_mcxa153/Debug/lib_r01lib_frdm_mcxa153.a(io.o)
                0x00001e7c                DigitalInOut::operator bool()
 .text._ZN10DigitalOutC2Ehbi
                0x00001ea8       0x24 /Users/tedd/dev/mcuxpresso/r01lib_serial/_r01lib_frdm_mcxa153/Debug/lib_r01lib_frdm_mcxa153.a(io.o)
                0x00001ea8                DigitalOut::DigitalOut(unsigned char, bool, int)
                0x00001ea8                DigitalOut::DigitalOut(unsigned char, bool, int)
 .text._Z8init_mcuv
                0x00001ecc       0xcc /Users/tedd/dev/mcuxpresso/r01lib_serial/_r01lib_frdm_mcxa153/Debug/lib_r01lib_frdm_mcxa153.a(mcu.o)
                0x00001ecc                init_mcu()
 .text.startup._Z9start_mcuv
                0x00001f98       0x18 /Users/tedd/dev/mcuxpresso/r01lib_serial/_r01lib_frdm_mcxa153/Debug/lib_r01lib_frdm_mcxa153.a(mcu.o)
                0x00001f98                start_mcu()
 .text._ZN3ObjD2Ev
                0x00001fb0        0x4 /Users/tedd/dev/mcuxpresso/r01lib_serial/_r01lib_frdm_mcxa153/Debug/lib_r01lib_frdm_mcxa153.a(obj.o)
                0x00001fb0                Obj::~Obj()
                0x00001fb0                Obj::~Obj()
 .text._ZN3ObjD0Ev
                0x00001fb4       0x10 /Users/tedd/dev/mcuxpresso/r01lib_serial/_r01lib_frdm_mcxa153/Debug/lib_r01lib_frdm_mcxa153.a(obj.o)
                0x00001fb4                Obj::~Obj()
 .text._ZN3ObjC2Eb
                0x00001fc4       0x2c /Users/tedd/dev/mcuxpresso/r01lib_serial/_r01lib_frdm_mcxa153/Debug/lib_r01lib_frdm_mcxa153.a(obj.o)
                0x00001fc4                Obj::Obj(bool)
                0x00001fc4                Obj::Obj(bool)
 .text.CLOCK_SetClockSelect
                0x00001ff0       0xa4 /Users/tedd/dev/mcuxpresso/r01lib_serial/_r01lib_frdm_mcxa153/Debug/lib_r01lib_frdm_mcxa153.a(fsl_clock.o)
                0x00001ff0                CLOCK_SetClockSelect
 .text.CLOCK_SetClockDiv
                0x00002094       0x88 /Users/tedd/dev/mcuxpresso/r01lib_serial/_r01lib_frdm_mcxa153/Debug/lib_r01lib_frdm_mcxa153.a(fsl_clock.o)
                0x00002094                CLOCK_SetClockDiv
 .text.CLOCK_SetupFROHFClocking
                0x0000211c       0xf4 /Users/tedd/dev/mcuxpresso/r01lib_serial/_r01lib_frdm_mcxa153/Debug/lib_r01lib_frdm_mcxa153.a(fsl_clock.o)
                0x0000211c                CLOCK_SetupFROHFClocking
 .text.CLOCK_SetupFRO12MClocking
                0x00002210       0x54 /Users/tedd/dev/mcuxpresso/r01lib_serial/_r01lib_frdm_mcxa153/Debug/lib_r01lib_frdm_mcxa153.a(fsl_clock.o)
                0x00002210                CLOCK_SetupFRO12MClocking
 .text.CLOCK_GetFro12MFreq
                0x00002264       0x28 /Users/tedd/dev/mcuxpresso/r01lib_serial/_r01lib_frdm_mcxa153/Debug/lib_r01lib_frdm_mcxa153.a(fsl_clock.o)
 .text.CLOCK_GetFroHfFreq
                0x0000228c       0xc0 /Users/tedd/dev/mcuxpresso/r01lib_serial/_r01lib_frdm_mcxa153/Debug/lib_r01lib_frdm_mcxa153.a(fsl_clock.o)
 .text.CLOCK_GetClk16KFreq
                0x0000234c       0x44 /Users/tedd/dev/mcuxpresso/r01lib_serial/_r01lib_frdm_mcxa153/Debug/lib_r01lib_frdm_mcxa153.a(fsl_clock.o)
 .text.CLOCK_GetExtClkFreq
                0x00002390       0x2c /Users/tedd/dev/mcuxpresso/r01lib_serial/_r01lib_frdm_mcxa153/Debug/lib_r01lib_frdm_mcxa153.a(fsl_clock.o)
 .text.CLOCK_GetMainClk
                0x000023bc       0x68 /Users/tedd/dev/mcuxpresso/r01lib_serial/_r01lib_frdm_mcxa153/Debug/lib_r01lib_frdm_mcxa153.a(fsl_clock.o)
                0x000023bc                CLOCK_GetMainClk
 .text.CLOCK_GetCoreSysClkFreq
                0x00002424       0x20 /Users/tedd/dev/mcuxpresso/r01lib_serial/_r01lib_frdm_mcxa153/Debug/lib_r01lib_frdm_mcxa153.a(fsl_clock.o)
                0x00002424                CLOCK_GetCoreSysClkFreq
 .text.MSDK_EnableCpuCycleCounter
                0x00002444       0x68 /Users/tedd/dev/mcuxpresso/r01lib_serial/_r01lib_frdm_mcxa153/Debug/lib_r01lib_frdm_mcxa153.a(fsl_common_arm.o)
                0x00002444                MSDK_EnableCpuCycleCounter
 .text.MSDK_GetCpuCycleCount
                0x000024ac       0x14 /Users/tedd/dev/mcuxpresso/r01lib_serial/_r01lib_frdm_mcxa153/Debug/lib_r01lib_frdm_mcxa153.a(fsl_common_arm.o)
                0x000024ac                MSDK_GetCpuCycleCount
 .text.SDK_DelayAtLeastUs
                0x000024c0      0x104 /Users/tedd/dev/mcuxpresso/r01lib_serial/_r01lib_frdm_mcxa153/Debug/lib_r01lib_frdm_mcxa153.a(fsl_common_arm.o)
                0x000024c0                SDK_DelayAtLeastUs
 .text.GPIO_PinInit
                0x000025c4       0x70 /Users/tedd/dev/mcuxpresso/r01lib_serial/_r01lib_frdm_mcxa153/Debug/lib_r01lib_frdm_mcxa153.a(fsl_gpio.o)
                0x000025c4                GPIO_PinInit
 .text.RESET_SetPeripheralReset
                0x00002634       0xc8 /Users/tedd/dev/mcuxpresso/r01lib_serial/_r01lib_frdm_mcxa153/Debug/lib_r01lib_frdm_mcxa153.a(fsl_reset.o)
                0x00002634                RESET_SetPeripheralReset
 .text.RESET_ClearPeripheralReset
                0x000026fc       0xa8 /Users/tedd/dev/mcuxpresso/r01lib_serial/_r01lib_frdm_mcxa153/Debug/lib_r01lib_frdm_mcxa153.a(fsl_reset.o)
                0x000026fc                RESET_ClearPeripheralReset
 .text.CLOCK_EnableClock
                0x000027a4       0x88 /Users/tedd/dev/mcuxpresso/r01lib_serial/_r01lib_frdm_mcxa153/Debug/lib_r01lib_frdm_mcxa153.a(fsl_utick.o)
 .text.UTICK_GetInstance
                0x0000282c       0x54 /Users/tedd/dev/mcuxpresso/r01lib_serial/_r01lib_frdm_mcxa153/Debug/lib_r01lib_frdm_mcxa153.a(fsl_utick.o)
 .text.UTICK_Init
                0x00002880       0x3c /Users/tedd/dev/mcuxpresso/r01lib_serial/_r01lib_frdm_mcxa153/Debug/lib_r01lib_frdm_mcxa153.a(fsl_utick.o)
                0x00002880                UTICK_Init
 .text.UTICK0_DriverIRQHandler
                0x000028bc       0x24 /Users/tedd/dev/mcuxpresso/r01lib_serial/_r01lib_frdm_mcxa153/Debug/lib_r01lib_frdm_mcxa153.a(fsl_utick.o)
                0x000028bc                UTICK0_DriverIRQHandler
 .text.SystemInit
                0x000028e0      0x10c /Users/tedd/dev/mcuxpresso/r01lib_serial/_r01lib_frdm_mcxa153/Debug/lib_r01lib_frdm_mcxa153.a(system_MCXA153.o)
                0x000028e0                SystemInit
 .text.BOARD_InitDebugConsole
                0x000029ec       0x30 /Users/tedd/dev/mcuxpresso/r01lib_serial/_r01lib_frdm_mcxa153/Debug/lib_r01lib_frdm_mcxa153.a(board.o)
                0x000029ec                BOARD_InitDebugConsole
 .text.CLOCK_EnableClock
                0x00002a1c       0x88 /Users/tedd/dev/mcuxpresso/r01lib_serial/_r01lib_frdm_mcxa153/Debug/lib_r01lib_frdm_mcxa153.a(clock_config.o)
 .text.BOARD_BootClockFRO96M
                0x00002aa4      0x16c /Users/tedd/dev/mcuxpresso/r01lib_serial/_r01lib_frdm_mcxa153/Debug/lib_r01lib_frdm_mcxa153.a(clock_config.o)
                0x00002aa4                BOARD_BootClockFRO96M
 .text.CLOCK_EnableClock
                0x00002c10       0x88 /Users/tedd/dev/mcuxpresso/r01lib_serial/_r01lib_frdm_mcxa153/Debug/lib_r01lib_frdm_mcxa153.a(pin_mux.o)
 .text.PORT_SetPinConfig
                0x00002c98       0x48 /Users/tedd/dev/mcuxpresso/r01lib_serial/_r01lib_frdm_mcxa153/Debug/lib_r01lib_frdm_mcxa153.a(pin_mux.o)
 .text.BOARD_InitPins
                0x00002ce0      0x4cc /Users/tedd/dev/mcuxpresso/r01lib_serial/_r01lib_frdm_mcxa153/Debug/lib_r01lib_frdm_mcxa153.a(pin_mux.o)
                0x00002ce0                BOARD_InitPins
 .text.__assert_func
                0x000031ac       0x30 /Users/tedd/dev/mcuxpresso/r01lib_serial/_r01lib_frdm_mcxa153/Debug/lib_r01lib_frdm_mcxa153.a(fsl_assert.o)
                0x000031ac                __assert_func
 .text.SPC_SetSRAMOperateVoltage
                0x000031dc       0x74 /Users/tedd/dev/mcuxpresso/r01lib_serial/_r01lib_frdm_mcxa153/Debug/lib_r01lib_frdm_mcxa153.a(fsl_spc.o)
                0x000031dc                SPC_SetSRAMOperateVoltage
 .text.SPC_SetActiveModeCoreLDORegulatorConfig
                0x00003250       0xa4 /Users/tedd/dev/mcuxpresso/r01lib_serial/_r01lib_frdm_mcxa153/Debug/lib_r01lib_frdm_mcxa153.a(fsl_spc.o)
                0x00003250                SPC_SetActiveModeCoreLDORegulatorConfig
 .text          0x000032f4      0x378 /Applications/MCUXpressoIDE_25.6.136/ide/plugins/com.nxp.mcuxpresso.tools.macosx_25.6.0.202501151204/tools/bin/../lib/gcc/arm-none-eabi/14.2.1/thumb/v8-m.main/nofp/libgcc.a(_arm_addsubdf3.o)
                0x000032f4                __aeabi_drsub
                0x000032fc                __subdf3
                0x000032fc                __aeabi_dsub
                0x00003300                __aeabi_dadd
                0x00003300                __adddf3
                0x00003578                __aeabi_ui2d
                0x00003578                __floatunsidf
                0x00003598                __floatsidf
                0x00003598                __aeabi_i2d
                0x000035bc                __extendsfdf2
                0x000035bc                __aeabi_f2d
                0x00003600                __aeabi_ul2d
                0x00003600                __floatundidf
                0x00003610                __aeabi_l2d
                0x00003610                __floatdidf
 .text          0x0000366c       0x40 /Applications/MCUXpressoIDE_25.6.136/ide/plugins/com.nxp.mcuxpresso.tools.macosx_25.6.0.202501151204/tools/bin/../lib/gcc/arm-none-eabi/14.2.1/thumb/v8-m.main/nofp/libgcc.a(_arm_fixunsdfsi.o)
                0x0000366c                __fixunsdfsi
                0x0000366c                __aeabi_d2uiz
 .text          0x000036ac       0x30 /Applications/MCUXpressoIDE_25.6.136/ide/plugins/com.nxp.mcuxpresso.tools.macosx_25.6.0.202501151204/tools/bin/../lib/gcc/arm-none-eabi/14.2.1/thumb/v8-m.main/nofp/libgcc.a(_aeabi_uldivmod.o)
                0x000036ac                __aeabi_uldivmod
 .text.__udivmoddi4
                0x000036dc      0x34c /Applications/MCUXpressoIDE_25.6.136/ide/plugins/com.nxp.mcuxpresso.tools.macosx_25.6.0.202501151204/tools/bin/../lib/gcc/arm-none-eabi/14.2.1/thumb/v8-m.main/nofp/libgcc.a(_udivmoddi4.o)
                0x000036dc                __udivmoddi4
 .text          0x00003a28        0x4 /Applications/MCUXpressoIDE_25.6.136/ide/plugins/com.nxp.mcuxpresso.tools.macosx_25.6.0.202501151204/tools/bin/../lib/gcc/arm-none-eabi/14.2.1/thumb/v8-m.main/nofp/libgcc.a(_dvmd_tls.o)
                0x00003a28                __aeabi_ldiv0
                0x00003a28                __aeabi_idiv0
 .text._printf_float
                0x00003a2c      0x458 /Applications/MCUXpressoIDE_25.6.136/ide/plugins/com.nxp.mcuxpresso.tools.macosx_25.6.0.202501151204/tools/bin/../lib/gcc/arm-none-eabi/14.2.1/../../../../arm-none-eabi/lib/thumb/v8-m.main/nofp/libc_nano.a(libc_a-nano-vfprintf_float.o)
                0x00003a2c                _printf_float
 .text._printf_i
                0x00003e84      0x240 /Applications/MCUXpressoIDE_25.6.136/ide/plugins/com.nxp.mcuxpresso.tools.macosx_25.6.0.202501151204/tools/bin/../lib/gcc/arm-none-eabi/14.2.1/../../../../arm-none-eabi/lib/thumb/v8-m.main/nofp/libc_nano.a(libc_a-nano-vfprintf_i.o)
                0x00003e84                _printf_i
 .text._scanf_float
                0x000040c4      0x410 /Applications/MCUXpressoIDE_25.6.136/ide/plugins/com.nxp.mcuxpresso.tools.macosx_25.6.0.202501151204/tools/bin/../lib/gcc/arm-none-eabi/14.2.1/../../../../arm-none-eabi/lib/thumb/v8-m.main/nofp/libc_nano.a(libc_a-nano-vfscanf_float.o)
                0x000040c4                _scanf_float
 .text.sprintf  0x000044d4       0x44 /Applications/MCUXpressoIDE_25.6.136/ide/plugins/com.nxp.mcuxpresso.tools.macosx_25.6.0.202501151204/tools/bin/../lib/gcc/arm-none-eabi/14.2.1/../../../../arm-none-eabi/lib/thumb/v8-m.main/nofp/libc_nano.a(libc_a-sprintf.o)
                0x000044d4                sprintf
                0x000044d4                siprintf
 .text._strtod_r
                0x00004518        0xc /Applications/MCUXpressoIDE_25.6.136/ide/plugins/com.nxp.mcuxpresso.tools.macosx_25.6.0.202501151204/tools/bin/../lib/gcc/arm-none-eabi/14.2.1/../../../../arm-none-eabi/lib/thumb/v8-m.main/nofp/libc_nano.a(libc_a-strtod.o)
                0x00004518                _strtod_r
 .text._strtol_l.isra.0
                0x00004524       0xf4 /Applications/MCUXpressoIDE_25.6.136/ide/plugins/com.nxp.mcuxpresso.tools.macosx_25.6.0.202501151204/tools/bin/../lib/gcc/arm-none-eabi/14.2.1/../../../../arm-none-eabi/lib/thumb/v8-m.main/nofp/libc_nano.a(libc_a-strtol.o)
 .text.printf   0x00004618       0x24 /Applications/MCUXpressoIDE_25.6.136/ide/plugins/com.nxp.mcuxpresso.tools.macosx_25.6.0.202501151204/tools/bin/../lib/gcc/arm-none-eabi/14.2.1/../../../../arm-none-eabi/lib/thumb/v8-m.main/nofp/libc_nano.a(libc_a-printf.o)
                0x00004618                printf
                0x00004618                iprintf
 .text.__errno  0x0000463c        0xc /Applications/MCUXpressoIDE_25.6.136/ide/plugins/com.nxp.mcuxpresso.tools.macosx_25.6.0.202501151204/tools/bin/../lib/gcc/arm-none-eabi/14.2.1/../../../../arm-none-eabi/lib/thumb/v8-m.main/nofp/libc_nano.a(libc_a-errno.o)
                0x0000463c                __errno
 .text.__libc_init_array
                0x00004648       0x48 /Applications/MCUXpressoIDE_25.6.136/ide/plugins/com.nxp.mcuxpresso.tools.macosx_25.6.0.202501151204/tools/bin/../lib/gcc/arm-none-eabi/14.2.1/../../../../arm-none-eabi/lib/thumb/v8-m.main/nofp/libc_nano.a(libc_a-init.o)
                0x00004648                __libc_init_array
 .text._localeconv_r
                0x00004690        0x8 /Applications/MCUXpressoIDE_25.6.136/ide/plugins/com.nxp.mcuxpresso.tools.macosx_25.6.0.202501151204/tools/bin/../lib/gcc/arm-none-eabi/14.2.1/../../../../arm-none-eabi/lib/thumb/v8-m.main/nofp/libc_nano.a(libc_a-localeconv.o)
                0x00004690                _localeconv_r
 .text.nan      0x00004698        0xc /Applications/MCUXpressoIDE_25.6.136/ide/plugins/com.nxp.mcuxpresso.tools.macosx_25.6.0.202501151204/tools/bin/../lib/gcc/arm-none-eabi/14.2.1/../../../../arm-none-eabi/lib/thumb/v8-m.main/nofp/libc_nano.a(libm_a-s_nan.o)
                0x00004698                nan
 .text.nanf     0x000046a4        0x8 /Applications/MCUXpressoIDE_25.6.136/ide/plugins/com.nxp.mcuxpresso.tools.macosx_25.6.0.202501151204/tools/bin/../lib/gcc/arm-none-eabi/14.2.1/../../../../arm-none-eabi/lib/thumb/v8-m.main/nofp/libc_nano.a(libm_a-sf_nan.o)
                0x000046a4                nanf
 .text.__gethex
                0x000046ac      0x41c /Applications/MCUXpressoIDE_25.6.136/ide/plugins/com.nxp.mcuxpresso.tools.macosx_25.6.0.202501151204/tools/bin/../lib/gcc/arm-none-eabi/14.2.1/../../../../arm-none-eabi/lib/thumb/v8-m.main/nofp/libc_nano.a(libc_a-gdtoa-gethex.o)
                0x000046ac                __gethex
 .text._svfprintf_r
                0x00004ac8      0x1f8 /Applications/MCUXpressoIDE_25.6.136/ide/plugins/com.nxp.mcuxpresso.tools.macosx_25.6.0.202501151204/tools/bin/../lib/gcc/arm-none-eabi/14.2.1/../../../../arm-none-eabi/lib/thumb/v8-m.main/nofp/libc_nano.a(libc_a-nano-svfprintf.o)
                0x00004ac8                _svfprintf_r
                0x00004ac8                _svfiprintf_r
 .text._vfprintf_r
                0x00004cc0      0x230 /Applications/MCUXpressoIDE_25.6.136/ide/plugins/com.nxp.mcuxpresso.tools.macosx_25.6.0.202501151204/tools/bin/../lib/gcc/arm-none-eabi/14.2.1/../../../../arm-none-eabi/lib/thumb/v8-m.main/nofp/libc_nano.a(libc_a-nano-vfprintf.o)
                0x00004cc0                _vfiprintf_r
                0x00004cc0                _vfprintf_r
 .text.malloc   0x00004ef0       0x10 /Applications/MCUXpressoIDE_25.6.136/ide/plugins/com.nxp.mcuxpresso.tools.macosx_25.6.0.202501151204/tools/bin/../lib/gcc/arm-none-eabi/14.2.1/../../../../arm-none-eabi/lib/thumb/v8-m.main/nofp/libc_nano.a(libc_a-malloc.o)
                0x00004ef0                malloc
 .text.free     0x00004f00       0x10 /Applications/MCUXpressoIDE_25.6.136/ide/plugins/com.nxp.mcuxpresso.tools.macosx_25.6.0.202501151204/tools/bin/../lib/gcc/arm-none-eabi/14.2.1/../../../../arm-none-eabi/lib/thumb/v8-m.main/nofp/libc_nano.a(libc_a-malloc.o)
                0x00004f00                free
 .text.sbrk_aligned
                0x00004f10       0x44 /Applications/MCUXpressoIDE_25.6.136/ide/plugins/com.nxp.mcuxpresso.tools.macosx_25.6.0.202501151204/tools/bin/../lib/gcc/arm-none-eabi/14.2.1/../../../../arm-none-eabi/lib/thumb/v8-m.main/nofp/libc_nano.a(libc_a-mallocr.o)
 .text._malloc_r
                0x00004f54      0x100 /Applications/MCUXpressoIDE_25.6.136/ide/plugins/com.nxp.mcuxpresso.tools.macosx_25.6.0.202501151204/tools/bin/../lib/gcc/arm-none-eabi/14.2.1/../../../../arm-none-eabi/lib/thumb/v8-m.main/nofp/libc_nano.a(libc_a-mallocr.o)
                0x00004f54                _malloc_r
 .text.__malloc_lock
                0x00005054        0xc /Applications/MCUXpressoIDE_25.6.136/ide/plugins/com.nxp.mcuxpresso.tools.macosx_25.6.0.202501151204/tools/bin/../lib/gcc/arm-none-eabi/14.2.1/../../../../arm-none-eabi/lib/thumb/v8-m.main/nofp/libc_nano.a(libc_a-mlock.o)
                0x00005054                __malloc_lock
 .text.__malloc_unlock
                0x00005060        0xc /Applications/MCUXpressoIDE_25.6.136/ide/plugins/com.nxp.mcuxpresso.tools.macosx_25.6.0.202501151204/tools/bin/../lib/gcc/arm-none-eabi/14.2.1/../../../../arm-none-eabi/lib/thumb/v8-m.main/nofp/libc_nano.a(libc_a-mlock.o)
                0x00005060                __malloc_unlock
 .text._Balloc  0x0000506c       0x7c /Applications/MCUXpressoIDE_25.6.136/ide/plugins/com.nxp.mcuxpresso.tools.macosx_25.6.0.202501151204/tools/bin/../lib/gcc/arm-none-eabi/14.2.1/../../../../arm-none-eabi/lib/thumb/v8-m.main/nofp/libc_nano.a(libc_a-mprec.o)
                0x0000506c                _Balloc
 .text._Bfree   0x000050e8       0x44 /Applications/MCUXpressoIDE_25.6.136/ide/plugins/com.nxp.mcuxpresso.tools.macosx_25.6.0.202501151204/tools/bin/../lib/gcc/arm-none-eabi/14.2.1/../../../../arm-none-eabi/lib/thumb/v8-m.main/nofp/libc_nano.a(libc_a-mprec.o)
                0x000050e8                _Bfree
 .text.__multadd
                0x0000512c       0x90 /Applications/MCUXpressoIDE_25.6.136/ide/plugins/com.nxp.mcuxpresso.tools.macosx_25.6.0.202501151204/tools/bin/../lib/gcc/arm-none-eabi/14.2.1/../../../../arm-none-eabi/lib/thumb/v8-m.main/nofp/libc_nano.a(libc_a-mprec.o)
                0x0000512c                __multadd
 .text.__s2b    0x000051bc       0x94 /Applications/MCUXpressoIDE_25.6.136/ide/plugins/com.nxp.mcuxpresso.tools.macosx_25.6.0.202501151204/tools/bin/../lib/gcc/arm-none-eabi/14.2.1/../../../../arm-none-eabi/lib/thumb/v8-m.main/nofp/libc_nano.a(libc_a-mprec.o)
                0x000051bc                __s2b
 .text.__i2b    0x00005250       0x2c /Applications/MCUXpressoIDE_25.6.136/ide/plugins/com.nxp.mcuxpresso.tools.macosx_25.6.0.202501151204/tools/bin/../lib/gcc/arm-none-eabi/14.2.1/../../../../arm-none-eabi/lib/thumb/v8-m.main/nofp/libc_nano.a(libc_a-mprec.o)
                0x00005250                __i2b
 .text.__multiply
                0x0000527c      0x154 /Applications/MCUXpressoIDE_25.6.136/ide/plugins/com.nxp.mcuxpresso.tools.macosx_25.6.0.202501151204/tools/bin/../lib/gcc/arm-none-eabi/14.2.1/../../../../arm-none-eabi/lib/thumb/v8-m.main/nofp/libc_nano.a(libc_a-mprec.o)
                0x0000527c                __multiply
 .text.__pow5mult
                0x000053d0       0xb8 /Applications/MCUXpressoIDE_25.6.136/ide/plugins/com.nxp.mcuxpresso.tools.macosx_25.6.0.202501151204/tools/bin/../lib/gcc/arm-none-eabi/14.2.1/../../../../arm-none-eabi/lib/thumb/v8-m.main/nofp/libc_nano.a(libc_a-mprec.o)
                0x000053d0                __pow5mult
 .text.__lshift
                0x00005488       0xd8 /Applications/MCUXpressoIDE_25.6.136/ide/plugins/com.nxp.mcuxpresso.tools.macosx_25.6.0.202501151204/tools/bin/../lib/gcc/arm-none-eabi/14.2.1/../../../../arm-none-eabi/lib/thumb/v8-m.main/nofp/libc_nano.a(libc_a-mprec.o)
                0x00005488                __lshift
 .text.__mdiff  0x00005560      0x138 /Applications/MCUXpressoIDE_25.6.136/ide/plugins/com.nxp.mcuxpresso.tools.macosx_25.6.0.202501151204/tools/bin/../lib/gcc/arm-none-eabi/14.2.1/../../../../arm-none-eabi/lib/thumb/v8-m.main/nofp/libc_nano.a(libc_a-mprec.o)
                0x00005560                __mdiff
 .text.__ulp    0x00005698       0x40 /Applications/MCUXpressoIDE_25.6.136/ide/plugins/com.nxp.mcuxpresso.tools.macosx_25.6.0.202501151204/tools/bin/../lib/gcc/arm-none-eabi/14.2.1/../../../../arm-none-eabi/lib/thumb/v8-m.main/nofp/libc_nano.a(libc_a-mprec.o)
                0x00005698                __ulp
 .text.__b2d    0x000056d8       0x94 /Applications/MCUXpressoIDE_25.6.136/ide/plugins/com.nxp.mcuxpresso.tools.macosx_25.6.0.202501151204/tools/bin/../lib/gcc/arm-none-eabi/14.2.1/../../../../arm-none-eabi/lib/thumb/v8-m.main/nofp/libc_nano.a(libc_a-mprec.o)
                0x000056d8                __b2d
 .text.__d2b    0x0000576c       0xb0 /Applications/MCUXpressoIDE_25.6.136/ide/plugins/com.nxp.mcuxpresso.tools.macosx_25.6.0.202501151204/tools/bin/../lib/gcc/arm-none-eabi/14.2.1/../../../../arm-none-eabi/lib/thumb/v8-m.main/nofp/libc_nano.a(libc_a-mprec.o)
                0x0000576c                __d2b
 .text.std      0x0000581c       0x6c /Applications/MCUXpressoIDE_25.6.136/ide/plugins/com.nxp.mcuxpresso.tools.macosx_25.6.0.202501151204/tools/bin/../lib/gcc/arm-none-eabi/14.2.1/../../../../arm-none-eabi/lib/thumb/v8-m.main/nofp/libc_nano.a(libc_a-findfp.o)
 .text.stdio_exit_handler
                0x00005888       0x18 /Applications/MCUXpressoIDE_25.6.136/ide/plugins/com.nxp.mcuxpresso.tools.macosx_25.6.0.202501151204/tools/bin/../lib/gcc/arm-none-eabi/14.2.1/../../../../arm-none-eabi/lib/thumb/v8-m.main/nofp/libc_nano.a(libc_a-findfp.o)
 .text.cleanup_stdio
                0x000058a0       0x40 /Applications/MCUXpressoIDE_25.6.136/ide/plugins/com.nxp.mcuxpresso.tools.macosx_25.6.0.202501151204/tools/bin/../lib/gcc/arm-none-eabi/14.2.1/../../../../arm-none-eabi/lib/thumb/v8-m.main/nofp/libc_nano.a(libc_a-findfp.o)
 .text.global_stdio_init.part.0
                0x000058e0       0x40 /Applications/MCUXpressoIDE_25.6.136/ide/plugins/com.nxp.mcuxpresso.tools.macosx_25.6.0.202501151204/tools/bin/../lib/gcc/arm-none-eabi/14.2.1/../../../../arm-none-eabi/lib/thumb/v8-m.main/nofp/libc_nano.a(libc_a-findfp.o)
 .text.__sfp_lock_acquire
                0x00005920        0xc /Applications/MCUXpressoIDE_25.6.136/ide/plugins/com.nxp.mcuxpresso.tools.macosx_25.6.0.202501151204/tools/bin/../lib/gcc/arm-none-eabi/14.2.1/../../../../arm-none-eabi/lib/thumb/v8-m.main/nofp/libc_nano.a(libc_a-findfp.o)
                0x00005920                __sfp_lock_acquire
 .text.__sfp_lock_release
                0x0000592c        0xc /Applications/MCUXpressoIDE_25.6.136/ide/plugins/com.nxp.mcuxpresso.tools.macosx_25.6.0.202501151204/tools/bin/../lib/gcc/arm-none-eabi/14.2.1/../../../../arm-none-eabi/lib/thumb/v8-m.main/nofp/libc_nano.a(libc_a-findfp.o)
                0x0000592c                __sfp_lock_release
 .text.__sinit  0x00005938       0x30 /Applications/MCUXpressoIDE_25.6.136/ide/plugins/com.nxp.mcuxpresso.tools.macosx_25.6.0.202501151204/tools/bin/../lib/gcc/arm-none-eabi/14.2.1/../../../../arm-none-eabi/lib/thumb/v8-m.main/nofp/libc_nano.a(libc_a-findfp.o)
                0x00005938                __sinit
 .text.__swsetup_r
                0x00005968       0xa8 /Applications/MCUXpressoIDE_25.6.136/ide/plugins/com.nxp.mcuxpresso.tools.macosx_25.6.0.202501151204/tools/bin/../lib/gcc/arm-none-eabi/14.2.1/../../../../arm-none-eabi/lib/thumb/v8-m.main/nofp/libc_nano.a(libc_a-wsetup.o)
                0x00005968                __swsetup_r
 .text._isatty_r
                0x00005a10       0x20 /Applications/MCUXpressoIDE_25.6.136/ide/plugins/com.nxp.mcuxpresso.tools.macosx_25.6.0.202501151204/tools/bin/../lib/gcc/arm-none-eabi/14.2.1/../../../../arm-none-eabi/lib/thumb/v8-m.main/nofp/libc_nano.a(libc_a-isattyr.o)
                0x00005a10                _isatty_r
 .text._sbrk_r  0x00005a30       0x20 /Applications/MCUXpressoIDE_25.6.136/ide/plugins/com.nxp.mcuxpresso.tools.macosx_25.6.0.202501151204/tools/bin/../lib/gcc/arm-none-eabi/14.2.1/../../../../arm-none-eabi/lib/thumb/v8-m.main/nofp/libc_nano.a(libc_a-sbrkr.o)
                0x00005a30                _sbrk_r
 .text._fstat_r
                0x00005a50       0x24 /Applications/MCUXpressoIDE_25.6.136/ide/plugins/com.nxp.mcuxpresso.tools.macosx_25.6.0.202501151204/tools/bin/../lib/gcc/arm-none-eabi/14.2.1/../../../../arm-none-eabi/lib/thumb/v8-m.main/nofp/libc_nano.a(libc_a-fstatr.o)
                0x00005a50                _fstat_r
 .text.__cxa_atexit
                0x00005a74       0x1c /Applications/MCUXpressoIDE_25.6.136/ide/plugins/com.nxp.mcuxpresso.tools.macosx_25.6.0.202501151204/tools/bin/../lib/gcc/arm-none-eabi/14.2.1/../../../../arm-none-eabi/lib/thumb/v8-m.main/nofp/libc_nano.a(libc_a-cxa_atexit.o)
                0x00005a74                __cxa_atexit
 .text._free_r  0x00005a90       0x94 /Applications/MCUXpressoIDE_25.6.136/ide/plugins/com.nxp.mcuxpresso.tools.macosx_25.6.0.202501151204/tools/bin/../lib/gcc/arm-none-eabi/14.2.1/../../../../arm-none-eabi/lib/thumb/v8-m.main/nofp/libc_nano.a(libc_a-freer.o)
                0x00005a90                _free_r
 .text.__sflush_r
                0x00005b24       0xf8 /Applications/MCUXpressoIDE_25.6.136/ide/plugins/com.nxp.mcuxpresso.tools.macosx_25.6.0.202501151204/tools/bin/../lib/gcc/arm-none-eabi/14.2.1/../../../../arm-none-eabi/lib/thumb/v8-m.main/nofp/libc_nano.a(libc_a-fflush.o)
                0x00005b24                __sflush_r
 .text._lseek_r
                0x00005c1c       0x24 /Applications/MCUXpressoIDE_25.6.136/ide/plugins/com.nxp.mcuxpresso.tools.macosx_25.6.0.202501151204/tools/bin/../lib/gcc/arm-none-eabi/14.2.1/../../../../arm-none-eabi/lib/thumb/v8-m.main/nofp/libc_nano.a(libc_a-lseekr.o)
                0x00005c1c                _lseek_r
 .text._read_r  0x00005c40       0x24 /Applications/MCUXpressoIDE_25.6.136/ide/plugins/com.nxp.mcuxpresso.tools.macosx_25.6.0.202501151204/tools/bin/../lib/gcc/arm-none-eabi/14.2.1/../../../../arm-none-eabi/lib/thumb/v8-m.main/nofp/libc_nano.a(libc_a-readr.o)
                0x00005c40                _read_r
 .text._write_r
                0x00005c64       0x24 /Applications/MCUXpressoIDE_25.6.136/ide/plugins/com.nxp.mcuxpresso.tools.macosx_25.6.0.202501151204/tools/bin/../lib/gcc/arm-none-eabi/14.2.1/../../../../arm-none-eabi/lib/thumb/v8-m.main/nofp/libc_nano.a(libc_a-writer.o)
                0x00005c64                _write_r
 .text._close_r
                0x00005c88       0x20 /Applications/MCUXpressoIDE_25.6.136/ide/plugins/com.nxp.mcuxpresso.tools.macosx_25.6.0.202501151204/tools/bin/../lib/gcc/arm-none-eabi/14.2.1/../../../../arm-none-eabi/lib/thumb/v8-m.main/nofp/libc_nano.a(libc_a-closer.o)
                0x00005c88                _close_r
 .text._sbrk    0x00005ca8       0x3c /Applications/MCUXpressoIDE_25.6.136/ide/plugins/com.nxp.mcuxpresso.tools.macosx_25.6.0.202501151204/tools/bin/../lib/gcc/arm-none-eabi/14.2.1/../../../../arm-none-eabi/lib/thumb/v8-m.main/nofp/libcr_newlib_semihost.a(_cr_sbrk.o)
                0x00005ca8                _sbrk
 .text.initialise_monitor_handles.part.0
                0x00005ce4       0xa4 /Applications/MCUXpressoIDE_25.6.136/ide/plugins/com.nxp.mcuxpresso.tools.macosx_25.6.0.202501151204/tools/bin/../lib/gcc/arm-none-eabi/14.2.1/../../../../arm-none-eabi/lib/thumb/v8-m.main/nofp/libcr_newlib_semihost.a(syscalls.o)
 .text.findslot
                0x00005d88       0x30 /Applications/MCUXpressoIDE_25.6.136/ide/plugins/com.nxp.mcuxpresso.tools.macosx_25.6.0.202501151204/tools/bin/../lib/gcc/arm-none-eabi/14.2.1/../../../../arm-none-eabi/lib/thumb/v8-m.main/nofp/libcr_newlib_semihost.a(syscalls.o)
 .text._close   0x00005db8       0x4c /Applications/MCUXpressoIDE_25.6.136/ide/plugins/com.nxp.mcuxpresso.tools.macosx_25.6.0.202501151204/tools/bin/../lib/gcc/arm-none-eabi/14.2.1/../../../../arm-none-eabi/lib/thumb/v8-m.main/nofp/libcr_newlib_semihost.a(syscalls.o)
                0x00005db8                _close
 .text.__check_heap_overflow
                0x00005e04       0x18 /Applications/MCUXpressoIDE_25.6.136/ide/plugins/com.nxp.mcuxpresso.tools.macosx_25.6.0.202501151204/tools/bin/../lib/gcc/arm-none-eabi/14.2.1/../../../../arm-none-eabi/lib/thumb/v8-m.main/nofp/libcr_newlib_semihost.a(_cr_check_heap.o)
                0x00005e04                __check_heap_overflow
 .text.register_tm_clones
                0x00005e1c       0x28 /Applications/MCUXpressoIDE_25.6.136/ide/plugins/com.nxp.mcuxpresso.tools.macosx_25.6.0.202501151204/tools/bin/../lib/gcc/arm-none-eabi/14.2.1/thumb/v8-m.main/nofp/crtbegin.o
 .text.frame_dummy
                0x00005e44       0x24 /Applications/MCUXpressoIDE_25.6.136/ide/plugins/com.nxp.mcuxpresso.tools.macosx_25.6.0.202501151204/tools/bin/../lib/gcc/arm-none-eabi/14.2.1/thumb/v8-m.main/nofp/crtbegin.o
 .text          0x00005e68      0x424 /Applications/MCUXpressoIDE_25.6.136/ide/plugins/com.nxp.mcuxpresso.tools.macosx_25.6.0.202501151204/tools/bin/../lib/gcc/arm-none-eabi/14.2.1/thumb/v8-m.main/nofp/libgcc.a(_arm_muldivdf3.o)
                0x00005e68                __aeabi_dmul
                0x00005e68                __muldf3
                0x000060bc                __aeabi_ddiv
                0x000060bc                __divdf3
 .text          0x0000628c      0x110 /Applications/MCUXpressoIDE_25.6.136/ide/plugins/com.nxp.mcuxpresso.tools.macosx_25.6.0.202501151204/tools/bin/../lib/gcc/arm-none-eabi/14.2.1/thumb/v8-m.main/nofp/libgcc.a(_arm_cmpdf2.o)
                0x0000628c                __gedf2
                0x0000628c                __gtdf2
                0x00006294                __ledf2
                0x00006294                __ltdf2
                0x0000629c                __cmpdf2
                0x0000629c                __eqdf2
                0x0000629c                __nedf2
                0x00006318                __aeabi_cdrcmple
                0x00006328                __aeabi_cdcmple
                0x00006328                __aeabi_cdcmpeq
                0x00006338                __aeabi_dcmpeq
                0x0000634c                __aeabi_dcmplt
                0x00006360                __aeabi_dcmple
                0x00006374                __aeabi_dcmpge
                0x00006388                __aeabi_dcmpgt
 .text          0x0000639c       0x2c /Applications/MCUXpressoIDE_25.6.136/ide/plugins/com.nxp.mcuxpresso.tools.macosx_25.6.0.202501151204/tools/bin/../lib/gcc/arm-none-eabi/14.2.1/thumb/v8-m.main/nofp/libgcc.a(_arm_unorddf2.o)
                0x0000639c                __aeabi_dcmpun
                0x0000639c                __unorddf2
 .text          0x000063c8       0x50 /Applications/MCUXpressoIDE_25.6.136/ide/plugins/com.nxp.mcuxpresso.tools.macosx_25.6.0.202501151204/tools/bin/../lib/gcc/arm-none-eabi/14.2.1/thumb/v8-m.main/nofp/libgcc.a(_arm_fixdfsi.o)
                0x000063c8                __fixdfsi
                0x000063c8                __aeabi_d2iz
 .text          0x00006418       0xa0 /Applications/MCUXpressoIDE_25.6.136/ide/plugins/com.nxp.mcuxpresso.tools.macosx_25.6.0.202501151204/tools/bin/../lib/gcc/arm-none-eabi/14.2.1/thumb/v8-m.main/nofp/libgcc.a(_arm_truncdfsf2.o)
                0x00006418                __aeabi_d2f
                0x00006418                __truncdfsf2
 .text.__fixdfdi
                0x000064b8       0x30 /Applications/MCUXpressoIDE_25.6.136/ide/plugins/com.nxp.mcuxpresso.tools.macosx_25.6.0.202501151204/tools/bin/../lib/gcc/arm-none-eabi/14.2.1/thumb/v8-m.main/nofp/libgcc.a(_fixdfdi.o)
                0x000064b8                __aeabi_d2lz
                0x000064b8                __fixdfdi
 .text.__fixunsdfdi
                0x000064e8       0x3c /Applications/MCUXpressoIDE_25.6.136/ide/plugins/com.nxp.mcuxpresso.tools.macosx_25.6.0.202501151204/tools/bin/../lib/gcc/arm-none-eabi/14.2.1/thumb/v8-m.main/nofp/libgcc.a(_fixunsdfdi.o)
                0x000064e8                __aeabi_d2ulz
                0x000064e8                __fixunsdfdi
 .text.GPIO0_IRQHandler
                0x00006524        0xe ./_r01lib_irq/irq.o
                0x00006524                GPIO0_IRQHandler
 .text.GPIO1_IRQHandler
                0x00006532        0xe ./_r01lib_irq/irq.o
                0x00006532                GPIO1_IRQHandler
 .text.GPIO2_IRQHandler
                0x00006540        0xe ./_r01lib_irq/irq.o
                0x00006540                GPIO2_IRQHandler
 .text.GPIO3_IRQHandler
                0x0000654e        0xe ./_r01lib_irq/irq.o
                0x0000654e                GPIO3_IRQHandler
 .text.CLOCK_AttachClk
                0x0000655c       0x30 /Users/tedd/dev/mcuxpresso/r01lib_serial/_r01lib_frdm_mcxa153/Debug/lib_r01lib_frdm_mcxa153.a(fsl_clock.o)
                0x0000655c                CLOCK_AttachClk
 .text.GPIO_PinWrite
                0x0000658c       0x34 /Users/tedd/dev/mcuxpresso/r01lib_serial/_r01lib_frdm_mcxa153/Debug/lib_r01lib_frdm_mcxa153.a(fsl_gpio.o)
 .text.GPIO_GpioGetInterruptFlags
                0x000065c0       0x18 /Users/tedd/dev/mcuxpresso/r01lib_serial/_r01lib_frdm_mcxa153/Debug/lib_r01lib_frdm_mcxa153.a(fsl_gpio.o)
                0x000065c0                GPIO_GpioGetInterruptFlags
 .text.GPIO_GpioClearInterruptFlags
                0x000065d8       0x1c /Users/tedd/dev/mcuxpresso/r01lib_serial/_r01lib_frdm_mcxa153/Debug/lib_r01lib_frdm_mcxa153.a(fsl_gpio.o)
                0x000065d8                GPIO_GpioClearInterruptFlags
 .text.RESET_PeripheralReset
                0x000065f4       0x22 /Users/tedd/dev/mcuxpresso/r01lib_serial/_r01lib_frdm_mcxa153/Debug/lib_r01lib_frdm_mcxa153.a(fsl_reset.o)
                0x000065f4                RESET_PeripheralReset
 .text.UTICK_ClearStatusFlags
                0x00006616       0x18 /Users/tedd/dev/mcuxpresso/r01lib_serial/_r01lib_frdm_mcxa153/Debug/lib_r01lib_frdm_mcxa153.a(fsl_utick.o)
                0x00006616                UTICK_ClearStatusFlags
 .text.UTICK_HandleIRQ
                0x0000662e       0x22 /Users/tedd/dev/mcuxpresso/r01lib_serial/_r01lib_frdm_mcxa153/Debug/lib_r01lib_frdm_mcxa153.a(fsl_utick.o)
                0x0000662e                UTICK_HandleIRQ
 .text.SystemInitHook
                0x00006650        0xc /Users/tedd/dev/mcuxpresso/r01lib_serial/_r01lib_frdm_mcxa153/Debug/lib_r01lib_frdm_mcxa153.a(system_MCXA153.o)
                0x00006650                SystemInitHook
 .text.DbgConsole_Init
                0x0000665c       0x1e /Users/tedd/dev/mcuxpresso/r01lib_serial/_r01lib_frdm_mcxa153/Debug/lib_r01lib_frdm_mcxa153.a(board.o)
 .text.RESET_ReleasePeripheralReset
                0x0000667a       0x1a /Users/tedd/dev/mcuxpresso/r01lib_serial/_r01lib_frdm_mcxa153/Debug/lib_r01lib_frdm_mcxa153.a(clock_config.o)
 .text.BOARD_InitBootClocks
                0x00006694        0xc /Users/tedd/dev/mcuxpresso/r01lib_serial/_r01lib_frdm_mcxa153/Debug/lib_r01lib_frdm_mcxa153.a(clock_config.o)
                0x00006694                BOARD_InitBootClocks
 .text.RESET_ReleasePeripheralReset
                0x000066a0       0x1a /Users/tedd/dev/mcuxpresso/r01lib_serial/_r01lib_frdm_mcxa153/Debug/lib_r01lib_frdm_mcxa153.a(pin_mux.o)
 .text.PORT_SetPinMux
                0x000066ba       0x3c /Users/tedd/dev/mcuxpresso/r01lib_serial/_r01lib_frdm_mcxa153/Debug/lib_r01lib_frdm_mcxa153.a(pin_mux.o)
 .text.fsl_assert_hook
                0x000066f6       0x18 /Users/tedd/dev/mcuxpresso/r01lib_serial/_r01lib_frdm_mcxa153/Debug/lib_r01lib_frdm_mcxa153.a(fsl_assert.o)
                0x000066f6                fsl_assert_hook
 .text.SPC_GetActiveModeBandgapMode
                0x0000670e       0x20 /Users/tedd/dev/mcuxpresso/r01lib_serial/_r01lib_frdm_mcxa153/Debug/lib_r01lib_frdm_mcxa153.a(fsl_spc.o)
 .text.SPC_GetActiveModeVoltageDetectStatus
                0x0000672e       0x20 /Users/tedd/dev/mcuxpresso/r01lib_serial/_r01lib_frdm_mcxa153/Debug/lib_r01lib_frdm_mcxa153.a(fsl_spc.o)
 .text.SPC_GetActiveModeCoreLDOVDDVoltageLevel
                0x0000674e       0x20 /Users/tedd/dev/mcuxpresso/r01lib_serial/_r01lib_frdm_mcxa153/Debug/lib_r01lib_frdm_mcxa153.a(fsl_spc.o)
 .text.SPC_GetActiveModeCoreLDODriveStrength
                0x0000676e       0x20 /Users/tedd/dev/mcuxpresso/r01lib_serial/_r01lib_frdm_mcxa153/Debug/lib_r01lib_frdm_mcxa153.a(fsl_spc.o)
 .text.SPC_SetActiveModeCoreLDORegulatorVoltageLevel
                0x0000678e       0x60 /Users/tedd/dev/mcuxpresso/r01lib_serial/_r01lib_frdm_mcxa153/Debug/lib_r01lib_frdm_mcxa153.a(fsl_spc.o)
                0x0000678e                SPC_SetActiveModeCoreLDORegulatorVoltageLevel
 .text.SPC_SetActiveModeCoreLDORegulatorDriveStrength
                0x000067ee       0x5e /Users/tedd/dev/mcuxpresso/r01lib_serial/_r01lib_frdm_mcxa153/Debug/lib_r01lib_frdm_mcxa153.a(fsl_spc.o)
                0x000067ee                SPC_SetActiveModeCoreLDORegulatorDriveStrength
 .text.__cvt    0x0000684c       0xca /Applications/MCUXpressoIDE_25.6.136/ide/plugins/com.nxp.mcuxpresso.tools.macosx_25.6.0.202501151204/tools/bin/../lib/gcc/arm-none-eabi/14.2.1/../../../../arm-none-eabi/lib/thumb/v8-m.main/nofp/libc_nano.a(libc_a-nano-vfprintf_float.o)
                0x0000684c                __cvt
 .text.__exponent
                0x00006916       0x72 /Applications/MCUXpressoIDE_25.6.136/ide/plugins/com.nxp.mcuxpresso.tools.macosx_25.6.0.202501151204/tools/bin/../lib/gcc/arm-none-eabi/14.2.1/../../../../arm-none-eabi/lib/thumb/v8-m.main/nofp/libc_nano.a(libc_a-nano-vfprintf_float.o)
                0x00006916                __exponent
 .text._printf_common
                0x00006988       0xe4 /Applications/MCUXpressoIDE_25.6.136/ide/plugins/com.nxp.mcuxpresso.tools.macosx_25.6.0.202501151204/tools/bin/../lib/gcc/arm-none-eabi/14.2.1/../../../../arm-none-eabi/lib/thumb/v8-m.main/nofp/libc_nano.a(libc_a-nano-vfprintf_i.o)
                0x00006988                _printf_common
 .text.sulp     0x00006a6c       0x42 /Applications/MCUXpressoIDE_25.6.136/ide/plugins/com.nxp.mcuxpresso.tools.macosx_25.6.0.202501151204/tools/bin/../lib/gcc/arm-none-eabi/14.2.1/../../../../arm-none-eabi/lib/thumb/v8-m.main/nofp/libc_nano.a(libc_a-strtod.o)
 .text._strtol_r
                0x00006aae        0x4 /Applications/MCUXpressoIDE_25.6.136/ide/plugins/com.nxp.mcuxpresso.tools.macosx_25.6.0.202501151204/tools/bin/../lib/gcc/arm-none-eabi/14.2.1/../../../../arm-none-eabi/lib/thumb/v8-m.main/nofp/libc_nano.a(libc_a-strtol.o)
                0x00006aae                _strtol_r
 .text.strncmp  0x00006ab2       0x24 /Applications/MCUXpressoIDE_25.6.136/ide/plugins/com.nxp.mcuxpresso.tools.macosx_25.6.0.202501151204/tools/bin/../lib/gcc/arm-none-eabi/14.2.1/../../../../arm-none-eabi/lib/thumb/v8-m.main/nofp/libc_nano.a(libc_a-strncmp.o)
                0x00006ab2                strncmp
 .text.__aeabi_atexit
                0x00006ad6        0xa /Applications/MCUXpressoIDE_25.6.136/ide/plugins/com.nxp.mcuxpresso.tools.macosx_25.6.0.202501151204/tools/bin/../lib/gcc/arm-none-eabi/14.2.1/../../../../arm-none-eabi/lib/thumb/v8-m.main/nofp/libc_nano.a(libc_a-aeabi_atexit.o)
                0x00006ad6                __aeabi_atexit
 .text.memchr   0x00006ae0       0x1c /Applications/MCUXpressoIDE_25.6.136/ide/plugins/com.nxp.mcuxpresso.tools.macosx_25.6.0.202501151204/tools/bin/../lib/gcc/arm-none-eabi/14.2.1/../../../../arm-none-eabi/lib/thumb/v8-m.main/nofp/libc_nano.a(libc_a-memchr-stub.o)
                0x00006ae0                memchr
 .text.memcpy   0x00006afc       0x1a /Applications/MCUXpressoIDE_25.6.136/ide/plugins/com.nxp.mcuxpresso.tools.macosx_25.6.0.202501151204/tools/bin/../lib/gcc/arm-none-eabi/14.2.1/../../../../arm-none-eabi/lib/thumb/v8-m.main/nofp/libc_nano.a(libc_a-memcpy-stub.o)
                0x00006afc                memcpy
 .text          0x00006b16       0x10 /Applications/MCUXpressoIDE_25.6.136/ide/plugins/com.nxp.mcuxpresso.tools.macosx_25.6.0.202501151204/tools/bin/../lib/gcc/arm-none-eabi/14.2.1/../../../../arm-none-eabi/lib/thumb/v8-m.main/nofp/libc_nano.a(libc_a-strlen.o)
                0x00006b16                strlen
 .text.quorem   0x00006b26      0x11a /Applications/MCUXpressoIDE_25.6.136/ide/plugins/com.nxp.mcuxpresso.tools.macosx_25.6.0.202501151204/tools/bin/../lib/gcc/arm-none-eabi/14.2.1/../../../../arm-none-eabi/lib/thumb/v8-m.main/nofp/libc_nano.a(libc_a-dtoa.o)
 .text.rshift   0x00006c40       0xa2 /Applications/MCUXpressoIDE_25.6.136/ide/plugins/com.nxp.mcuxpresso.tools.macosx_25.6.0.202501151204/tools/bin/../lib/gcc/arm-none-eabi/14.2.1/../../../../arm-none-eabi/lib/thumb/v8-m.main/nofp/libc_nano.a(libc_a-gdtoa-gethex.o)
 .text.__hexdig_fun
                0x00006ce2       0x2a /Applications/MCUXpressoIDE_25.6.136/ide/plugins/com.nxp.mcuxpresso.tools.macosx_25.6.0.202501151204/tools/bin/../lib/gcc/arm-none-eabi/14.2.1/../../../../arm-none-eabi/lib/thumb/v8-m.main/nofp/libc_nano.a(libc_a-gdtoa-gethex.o)
                0x00006ce2                __hexdig_fun
 .text.L_shift  0x00006d0c       0x24 /Applications/MCUXpressoIDE_25.6.136/ide/plugins/com.nxp.mcuxpresso.tools.macosx_25.6.0.202501151204/tools/bin/../lib/gcc/arm-none-eabi/14.2.1/../../../../arm-none-eabi/lib/thumb/v8-m.main/nofp/libc_nano.a(libc_a-gdtoa-hexnan.o)
 .text.__match  0x00006d30       0x28 /Applications/MCUXpressoIDE_25.6.136/ide/plugins/com.nxp.mcuxpresso.tools.macosx_25.6.0.202501151204/tools/bin/../lib/gcc/arm-none-eabi/14.2.1/../../../../arm-none-eabi/lib/thumb/v8-m.main/nofp/libc_nano.a(libc_a-gdtoa-hexnan.o)
                0x00006d30                __match
 .text.__hexnan
                0x00006d58      0x13a /Applications/MCUXpressoIDE_25.6.136/ide/plugins/com.nxp.mcuxpresso.tools.macosx_25.6.0.202501151204/tools/bin/../lib/gcc/arm-none-eabi/14.2.1/../../../../arm-none-eabi/lib/thumb/v8-m.main/nofp/libc_nano.a(libc_a-gdtoa-hexnan.o)
                0x00006d58                __hexnan
 .text.__ssputs_r
                0x00006e92       0xc0 /Applications/MCUXpressoIDE_25.6.136/ide/plugins/com.nxp.mcuxpresso.tools.macosx_25.6.0.202501151204/tools/bin/../lib/gcc/arm-none-eabi/14.2.1/../../../../arm-none-eabi/lib/thumb/v8-m.main/nofp/libc_nano.a(libc_a-nano-svfprintf.o)
                0x00006e92                __ssputs_r
 .text.__sfputc_r
                0x00006f52       0x2a /Applications/MCUXpressoIDE_25.6.136/ide/plugins/com.nxp.mcuxpresso.tools.macosx_25.6.0.202501151204/tools/bin/../lib/gcc/arm-none-eabi/14.2.1/../../../../arm-none-eabi/lib/thumb/v8-m.main/nofp/libc_nano.a(libc_a-nano-vfprintf.o)
 .text.__sfputs_r
                0x00006f7c       0x24 /Applications/MCUXpressoIDE_25.6.136/ide/plugins/com.nxp.mcuxpresso.tools.macosx_25.6.0.202501151204/tools/bin/../lib/gcc/arm-none-eabi/14.2.1/../../../../arm-none-eabi/lib/thumb/v8-m.main/nofp/libc_nano.a(libc_a-nano-vfprintf.o)
                0x00006f7c                __sfputs_r
 .text.__ascii_mbtowc
                0x00006fa0       0x24 /Applications/MCUXpressoIDE_25.6.136/ide/plugins/com.nxp.mcuxpresso.tools.macosx_25.6.0.202501151204/tools/bin/../lib/gcc/arm-none-eabi/14.2.1/../../../../arm-none-eabi/lib/thumb/v8-m.main/nofp/libc_nano.a(libc_a-mbtowc_r.o)
                0x00006fa0                __ascii_mbtowc
 .text.__hi0bits
                0x00006fc4       0x3e /Applications/MCUXpressoIDE_25.6.136/ide/plugins/com.nxp.mcuxpresso.tools.macosx_25.6.0.202501151204/tools/bin/../lib/gcc/arm-none-eabi/14.2.1/../../../../arm-none-eabi/lib/thumb/v8-m.main/nofp/libc_nano.a(libc_a-mprec.o)
                0x00006fc4                __hi0bits
 .text.__lo0bits
                0x00007002       0x5a /Applications/MCUXpressoIDE_25.6.136/ide/plugins/com.nxp.mcuxpresso.tools.macosx_25.6.0.202501151204/tools/bin/../lib/gcc/arm-none-eabi/14.2.1/../../../../arm-none-eabi/lib/thumb/v8-m.main/nofp/libc_nano.a(libc_a-mprec.o)
                0x00007002                __lo0bits
 .text.__mcmp   0x0000705c       0x36 /Applications/MCUXpressoIDE_25.6.136/ide/plugins/com.nxp.mcuxpresso.tools.macosx_25.6.0.202501151204/tools/bin/../lib/gcc/arm-none-eabi/14.2.1/../../../../arm-none-eabi/lib/thumb/v8-m.main/nofp/libc_nano.a(libc_a-mprec.o)
                0x0000705c                __mcmp
 .text.__ratio  0x00007092       0x60 /Applications/MCUXpressoIDE_25.6.136/ide/plugins/com.nxp.mcuxpresso.tools.macosx_25.6.0.202501151204/tools/bin/../lib/gcc/arm-none-eabi/14.2.1/../../../../arm-none-eabi/lib/thumb/v8-m.main/nofp/libc_nano.a(libc_a-mprec.o)
                0x00007092                __ratio
 .text.__copybits
                0x000070f2       0x46 /Applications/MCUXpressoIDE_25.6.136/ide/plugins/com.nxp.mcuxpresso.tools.macosx_25.6.0.202501151204/tools/bin/../lib/gcc/arm-none-eabi/14.2.1/../../../../arm-none-eabi/lib/thumb/v8-m.main/nofp/libc_nano.a(libc_a-mprec.o)
                0x000070f2                __copybits
 .text.__any_on
                0x00007138       0x42 /Applications/MCUXpressoIDE_25.6.136/ide/plugins/com.nxp.mcuxpresso.tools.macosx_25.6.0.202501151204/tools/bin/../lib/gcc/arm-none-eabi/14.2.1/../../../../arm-none-eabi/lib/thumb/v8-m.main/nofp/libc_nano.a(libc_a-mprec.o)
                0x00007138                __any_on
 .text._realloc_r
                0x0000717a       0x5c /Applications/MCUXpressoIDE_25.6.136/ide/plugins/com.nxp.mcuxpresso.tools.macosx_25.6.0.202501151204/tools/bin/../lib/gcc/arm-none-eabi/14.2.1/../../../../arm-none-eabi/lib/thumb/v8-m.main/nofp/libc_nano.a(libc_a-reallocr.o)
                0x0000717a                _realloc_r
 .text.__swbuf_r
                0x000071d6       0x7c /Applications/MCUXpressoIDE_25.6.136/ide/plugins/com.nxp.mcuxpresso.tools.macosx_25.6.0.202501151204/tools/bin/../lib/gcc/arm-none-eabi/14.2.1/../../../../arm-none-eabi/lib/thumb/v8-m.main/nofp/libc_nano.a(libc_a-wbuf.o)
                0x000071d6                __swbuf_r
 .text._fwalk_sglue
                0x00007252       0x3c /Applications/MCUXpressoIDE_25.6.136/ide/plugins/com.nxp.mcuxpresso.tools.macosx_25.6.0.202501151204/tools/bin/../lib/gcc/arm-none-eabi/14.2.1/../../../../arm-none-eabi/lib/thumb/v8-m.main/nofp/libc_nano.a(libc_a-fwalk.o)
                0x00007252                _fwalk_sglue
 .text.__ascii_wctomb
                0x0000728e       0x1a /Applications/MCUXpressoIDE_25.6.136/ide/plugins/com.nxp.mcuxpresso.tools.macosx_25.6.0.202501151204/tools/bin/../lib/gcc/arm-none-eabi/14.2.1/../../../../arm-none-eabi/lib/thumb/v8-m.main/nofp/libc_nano.a(libc_a-wctomb_r.o)
                0x0000728e                __ascii_wctomb
 .text.__swhatbuf_r
                0x000072a8       0x48 /Applications/MCUXpressoIDE_25.6.136/ide/plugins/com.nxp.mcuxpresso.tools.macosx_25.6.0.202501151204/tools/bin/../lib/gcc/arm-none-eabi/14.2.1/../../../../arm-none-eabi/lib/thumb/v8-m.main/nofp/libc_nano.a(libc_a-makebuf.o)
                0x000072a8                __swhatbuf_r
 .text.__smakebuf_r
                0x000072f0       0x72 /Applications/MCUXpressoIDE_25.6.136/ide/plugins/com.nxp.mcuxpresso.tools.macosx_25.6.0.202501151204/tools/bin/../lib/gcc/arm-none-eabi/14.2.1/../../../../arm-none-eabi/lib/thumb/v8-m.main/nofp/libc_nano.a(libc_a-makebuf.o)
                0x000072f0                __smakebuf_r
 .text.memmove  0x00007362       0x32 /Applications/MCUXpressoIDE_25.6.136/ide/plugins/com.nxp.mcuxpresso.tools.macosx_25.6.0.202501151204/tools/bin/../lib/gcc/arm-none-eabi/14.2.1/../../../../arm-none-eabi/lib/thumb/v8-m.main/nofp/libc_nano.a(libc_a-memmove.o)
                0x00007362                memmove
 .text.memset   0x00007394       0x10 /Applications/MCUXpressoIDE_25.6.136/ide/plugins/com.nxp.mcuxpresso.tools.macosx_25.6.0.202501151204/tools/bin/../lib/gcc/arm-none-eabi/14.2.1/../../../../arm-none-eabi/lib/thumb/v8-m.main/nofp/libc_nano.a(libc_a-memset.o)
                0x00007394                memset
 .text.__retarget_lock_init_recursive
                0x000073a4        0x2 /Applications/MCUXpressoIDE_25.6.136/ide/plugins/com.nxp.mcuxpresso.tools.macosx_25.6.0.202501151204/tools/bin/../lib/gcc/arm-none-eabi/14.2.1/../../../../arm-none-eabi/lib/thumb/v8-m.main/nofp/libc_nano.a(libc_a-lock.o)
                0x000073a4                __retarget_lock_init_recursive
 .text.__retarget_lock_acquire_recursive
                0x000073a6        0x2 /Applications/MCUXpressoIDE_25.6.136/ide/plugins/com.nxp.mcuxpresso.tools.macosx_25.6.0.202501151204/tools/bin/../lib/gcc/arm-none-eabi/14.2.1/../../../../arm-none-eabi/lib/thumb/v8-m.main/nofp/libc_nano.a(libc_a-lock.o)
                0x000073a6                __retarget_lock_acquire_recursive
 .text.__retarget_lock_release_recursive
                0x000073a8        0x2 /Applications/MCUXpressoIDE_25.6.136/ide/plugins/com.nxp.mcuxpresso.tools.macosx_25.6.0.202501151204/tools/bin/../lib/gcc/arm-none-eabi/14.2.1/../../../../arm-none-eabi/lib/thumb/v8-m.main/nofp/libc_nano.a(libc_a-lock.o)
                0x000073a8                __retarget_lock_release_recursive
 .text._calloc_r
                0x000073aa       0x28 /Applications/MCUXpressoIDE_25.6.136/ide/plugins/com.nxp.mcuxpresso.tools.macosx_25.6.0.202501151204/tools/bin/../lib/gcc/arm-none-eabi/14.2.1/../../../../arm-none-eabi/lib/thumb/v8-m.main/nofp/libc_nano.a(libc_a-callocr.o)
                0x000073aa                _calloc_r
 .text._fflush_r
                0x000073d2       0x50 /Applications/MCUXpressoIDE_25.6.136/ide/plugins/com.nxp.mcuxpresso.tools.macosx_25.6.0.202501151204/tools/bin/../lib/gcc/arm-none-eabi/14.2.1/../../../../arm-none-eabi/lib/thumb/v8-m.main/nofp/libc_nano.a(libc_a-fflush.o)
                0x000073d2                _fflush_r
 .text._malloc_usable_size_r
                0x00007422       0x10 /Applications/MCUXpressoIDE_25.6.136/ide/plugins/com.nxp.mcuxpresso.tools.macosx_25.6.0.202501151204/tools/bin/../lib/gcc/arm-none-eabi/14.2.1/../../../../arm-none-eabi/lib/thumb/v8-m.main/nofp/libc_nano.a(libc_a-msizer.o)
                0x00007422                _malloc_usable_size_r
 .text.__sread  0x00007432       0x22 /Applications/MCUXpressoIDE_25.6.136/ide/plugins/com.nxp.mcuxpresso.tools.macosx_25.6.0.202501151204/tools/bin/../lib/gcc/arm-none-eabi/14.2.1/../../../../arm-none-eabi/lib/thumb/v8-m.main/nofp/libc_nano.a(libc_a-stdio.o)
                0x00007432                __sread
 .text.__swrite
                0x00007454       0x38 /Applications/MCUXpressoIDE_25.6.136/ide/plugins/com.nxp.mcuxpresso.tools.macosx_25.6.0.202501151204/tools/bin/../lib/gcc/arm-none-eabi/14.2.1/../../../../arm-none-eabi/lib/thumb/v8-m.main/nofp/libc_nano.a(libc_a-stdio.o)
                0x00007454                __swrite
 .text.__sseek  0x0000748c       0x26 /Applications/MCUXpressoIDE_25.6.136/ide/plugins/com.nxp.mcuxpresso.tools.macosx_25.6.0.202501151204/tools/bin/../lib/gcc/arm-none-eabi/14.2.1/../../../../arm-none-eabi/lib/thumb/v8-m.main/nofp/libc_nano.a(libc_a-stdio.o)
                0x0000748c                __sseek
 .text.__sclose
                0x000074b2        0x8 /Applications/MCUXpressoIDE_25.6.136/ide/plugins/com.nxp.mcuxpresso.tools.macosx_25.6.0.202501151204/tools/bin/../lib/gcc/arm-none-eabi/14.2.1/../../../../arm-none-eabi/lib/thumb/v8-m.main/nofp/libc_nano.a(libc_a-stdio.o)
                0x000074b2                __sclose
 .text._ZdlPvj  0x000074ba        0x4 /Applications/MCUXpressoIDE_25.6.136/ide/plugins/com.nxp.mcuxpresso.tools.macosx_25.6.0.202501151204/tools/bin/../lib/gcc/arm-none-eabi/14.2.1/../../../../arm-none-eabi/lib/thumb/v8-m.main/nofp/libstdc++_nano.a(del_ops.o)
                0x000074ba                operator delete(void*, unsigned int)
 .text._ZdlPv   0x000074be        0x4 /Applications/MCUXpressoIDE_25.6.136/ide/plugins/com.nxp.mcuxpresso.tools.macosx_25.6.0.202501151204/tools/bin/../lib/gcc/arm-none-eabi/14.2.1/../../../../arm-none-eabi/lib/thumb/v8-m.main/nofp/libstdc++_nano.a(del_op.o)
                0x000074be                operator delete(void*)
 .text.error    0x000074c2       0x1c /Applications/MCUXpressoIDE_25.6.136/ide/plugins/com.nxp.mcuxpresso.tools.macosx_25.6.0.202501151204/tools/bin/../lib/gcc/arm-none-eabi/14.2.1/../../../../arm-none-eabi/lib/thumb/v8-m.main/nofp/libcr_newlib_semihost.a(syscalls.o)
 .text.checkerror
                0x000074de        0xa /Applications/MCUXpressoIDE_25.6.136/ide/plugins/com.nxp.mcuxpresso.tools.macosx_25.6.0.202501151204/tools/bin/../lib/gcc/arm-none-eabi/14.2.1/../../../../arm-none-eabi/lib/thumb/v8-m.main/nofp/libcr_newlib_semihost.a(syscalls.o)
 .text._swiread
                0x000074e8       0x20 /Applications/MCUXpressoIDE_25.6.136/ide/plugins/com.nxp.mcuxpresso.tools.macosx_25.6.0.202501151204/tools/bin/../lib/gcc/arm-none-eabi/14.2.1/../../../../arm-none-eabi/lib/thumb/v8-m.main/nofp/libcr_newlib_semihost.a(syscalls.o)
                0x000074e8                _swiread
 .text._read    0x00007508       0x34 /Applications/MCUXpressoIDE_25.6.136/ide/plugins/com.nxp.mcuxpresso.tools.macosx_25.6.0.202501151204/tools/bin/../lib/gcc/arm-none-eabi/14.2.1/../../../../arm-none-eabi/lib/thumb/v8-m.main/nofp/libcr_newlib_semihost.a(syscalls.o)
                0x00007508                _read
 .text._swilseek
                0x0000753c       0x78 /Applications/MCUXpressoIDE_25.6.136/ide/plugins/com.nxp.mcuxpresso.tools.macosx_25.6.0.202501151204/tools/bin/../lib/gcc/arm-none-eabi/14.2.1/../../../../arm-none-eabi/lib/thumb/v8-m.main/nofp/libcr_newlib_semihost.a(syscalls.o)
                0x0000753c                _swilseek
 .text._lseek   0x000075b4        0x4 /Applications/MCUXpressoIDE_25.6.136/ide/plugins/com.nxp.mcuxpresso.tools.macosx_25.6.0.202501151204/tools/bin/../lib/gcc/arm-none-eabi/14.2.1/../../../../arm-none-eabi/lib/thumb/v8-m.main/nofp/libcr_newlib_semihost.a(syscalls.o)
                0x000075b4                _lseek
 .text._swiwrite
                0x000075b8       0x20 /Applications/MCUXpressoIDE_25.6.136/ide/plugins/com.nxp.mcuxpresso.tools.macosx_25.6.0.202501151204/tools/bin/../lib/gcc/arm-none-eabi/14.2.1/../../../../arm-none-eabi/lib/thumb/v8-m.main/nofp/libcr_newlib_semihost.a(syscalls.o)
                0x000075b8                _swiwrite
 .text._write   0x000075d8       0x40 /Applications/MCUXpressoIDE_25.6.136/ide/plugins/com.nxp.mcuxpresso.tools.macosx_25.6.0.202501151204/tools/bin/../lib/gcc/arm-none-eabi/14.2.1/../../../../arm-none-eabi/lib/thumb/v8-m.main/nofp/libcr_newlib_semihost.a(syscalls.o)
                0x000075d8                _write
 .text._swiclose
                0x00007618       0x1a /Applications/MCUXpressoIDE_25.6.136/ide/plugins/com.nxp.mcuxpresso.tools.macosx_25.6.0.202501151204/tools/bin/../lib/gcc/arm-none-eabi/14.2.1/../../../../arm-none-eabi/lib/thumb/v8-m.main/nofp/libcr_newlib_semihost.a(syscalls.o)
                0x00007618                _swiclose
 .text._swistat
                0x00007632       0x42 /Applications/MCUXpressoIDE_25.6.136/ide/plugins/com.nxp.mcuxpresso.tools.macosx_25.6.0.202501151204/tools/bin/../lib/gcc/arm-none-eabi/14.2.1/../../../../arm-none-eabi/lib/thumb/v8-m.main/nofp/libcr_newlib_semihost.a(syscalls.o)
                0x00007632                _swistat
 .text._fstat   0x00007674       0x1c /Applications/MCUXpressoIDE_25.6.136/ide/plugins/com.nxp.mcuxpresso.tools.macosx_25.6.0.202501151204/tools/bin/../lib/gcc/arm-none-eabi/14.2.1/../../../../arm-none-eabi/lib/thumb/v8-m.main/nofp/libcr_newlib_semihost.a(syscalls.o)
                0x00007674                _fstat
 .text._isatty  0x00007690       0x2a /Applications/MCUXpressoIDE_25.6.136/ide/plugins/com.nxp.mcuxpresso.tools.macosx_25.6.0.202501151204/tools/bin/../lib/gcc/arm-none-eabi/14.2.1/../../../../arm-none-eabi/lib/thumb/v8-m.main/nofp/libcr_newlib_semihost.a(syscalls.o)
                0x00007690                _isatty
 *(SORT_BY_ALIGNMENT(.rodata) SORT_BY_ALIGNMENT(.rodata.*) SORT_BY_ALIGNMENT(.constdata) SORT_BY_ALIGNMENT(.constdata.*))
 *fill*         0x000076ba        0x6 ff
 .rodata.tinytens
                0x000076c0       0x28 /Applications/MCUXpressoIDE_25.6.136/ide/plugins/com.nxp.mcuxpresso.tools.macosx_25.6.0.202501151204/tools/bin/../lib/gcc/arm-none-eabi/14.2.1/../../../../arm-none-eabi/lib/thumb/v8-m.main/nofp/libc_nano.a(libc_a-strtod.o)
 .rodata.__mprec_bigtens
                0x000076e8       0x28 /Applications/MCUXpressoIDE_25.6.136/ide/plugins/com.nxp.mcuxpresso.tools.macosx_25.6.0.202501151204/tools/bin/../lib/gcc/arm-none-eabi/14.2.1/../../../../arm-none-eabi/lib/thumb/v8-m.main/nofp/libc_nano.a(libc_a-mprec.o)
                0x000076e8                __mprec_bigtens
 .rodata.__mprec_tens
                0x00007710       0xc8 /Applications/MCUXpressoIDE_25.6.136/ide/plugins/com.nxp.mcuxpresso.tools.macosx_25.6.0.202501151204/tools/bin/../lib/gcc/arm-none-eabi/14.2.1/../../../../arm-none-eabi/lib/thumb/v8-m.main/nofp/libc_nano.a(libc_a-mprec.o)
                0x00007710                __mprec_tens
 .rodata._ZL8gpio_ptr
                0x000077d8       0x10 /Users/tedd/dev/mcuxpresso/r01lib_serial/_r01lib_frdm_mcxa153/Debug/lib_r01lib_frdm_mcxa153.a(InterruptIn.o)
 .rodata._ZTV12DigitalInOut
                0x000077e8       0x10 /Users/tedd/dev/mcuxpresso/r01lib_serial/_r01lib_frdm_mcxa153/Debug/lib_r01lib_frdm_mcxa153.a(io.o)
                0x000077e8                vtable for DigitalInOut
 .rodata._ZTV10DigitalOut
                0x000077f8       0x10 /Users/tedd/dev/mcuxpresso/r01lib_serial/_r01lib_frdm_mcxa153/Debug/lib_r01lib_frdm_mcxa153.a(io.o)
                0x000077f8                vtable for DigitalOut
 .rodata._ZL4pins
                0x00007808      0x1a8 /Users/tedd/dev/mcuxpresso/r01lib_serial/_r01lib_frdm_mcxa153/Debug/lib_r01lib_frdm_mcxa153.a(io.o)
 .rodata._ZTV3Obj
                0x000079b0       0x10 /Users/tedd/dev/mcuxpresso/r01lib_serial/_r01lib_frdm_mcxa153/Debug/lib_r01lib_frdm_mcxa153.a(obj.o)
                0x000079b0                vtable for Obj
 .rodata.CLOCK_SetClockSelect.str1.4
                0x000079c0      0x213 /Users/tedd/dev/mcuxpresso/r01lib_serial/_r01lib_frdm_mcxa153/Debug/lib_r01lib_frdm_mcxa153.a(fsl_clock.o)
                                 0x28 (size before relaxing)
 .rodata.CLOCK_SetClockDiv.str1.4
                0x00007bd3       0x1a /Users/tedd/dev/mcuxpresso/r01lib_serial/_r01lib_frdm_mcxa153/Debug/lib_r01lib_frdm_mcxa153.a(fsl_clock.o)
 *fill*         0x00007bd3        0x1 ff
 .rodata.__func__.4
                0x00007bd4       0x15 /Users/tedd/dev/mcuxpresso/r01lib_serial/_r01lib_frdm_mcxa153/Debug/lib_r01lib_frdm_mcxa153.a(fsl_clock.o)
 *fill*         0x00007be9        0x3 ff
 .rodata.__func__.2
                0x00007bec       0x12 /Users/tedd/dev/mcuxpresso/r01lib_serial/_r01lib_frdm_mcxa153/Debug/lib_r01lib_frdm_mcxa153.a(fsl_clock.o)
 .rodata.MSDK_EnableCpuCycleCounter.str1.4
                0x00007bfe       0x51 /Users/tedd/dev/mcuxpresso/r01lib_serial/_r01lib_frdm_mcxa153/Debug/lib_r01lib_frdm_mcxa153.a(fsl_common_arm.o)
 .rodata.SDK_DelayAtLeastUs.str1.4
                0x00007bfe       0x14 /Users/tedd/dev/mcuxpresso/r01lib_serial/_r01lib_frdm_mcxa153/Debug/lib_r01lib_frdm_mcxa153.a(fsl_common_arm.o)
 *fill*         0x00007bfe        0x2 ff
 .rodata.__func__.1
                0x00007c00       0x1b /Users/tedd/dev/mcuxpresso/r01lib_serial/_r01lib_frdm_mcxa153/Debug/lib_r01lib_frdm_mcxa153.a(fsl_common_arm.o)
 *fill*         0x00007c1b        0x1 ff
 .rodata.__func__.0
                0x00007c1c       0x13 /Users/tedd/dev/mcuxpresso/r01lib_serial/_r01lib_frdm_mcxa153/Debug/lib_r01lib_frdm_mcxa153.a(fsl_common_arm.o)
 .rodata.GPIO_PinInit.str1.4
                0x00007c2f       0x1b /Users/tedd/dev/mcuxpresso/r01lib_serial/_r01lib_frdm_mcxa153/Debug/lib_r01lib_frdm_mcxa153.a(fsl_gpio.o)
 *fill*         0x00007c2f        0x1 ff
 .rodata.__func__.0
                0x00007c30        0xd /Users/tedd/dev/mcuxpresso/r01lib_serial/_r01lib_frdm_mcxa153/Debug/lib_r01lib_frdm_mcxa153.a(fsl_gpio.o)
 .rodata.RESET_SetPeripheralReset.str1.4
                0x00007c3d       0x2a /Users/tedd/dev/mcuxpresso/r01lib_serial/_r01lib_frdm_mcxa153/Debug/lib_r01lib_frdm_mcxa153.a(fsl_reset.o)
 *fill*         0x00007c3d        0x3 ff
 .rodata.__func__.1
                0x00007c40       0x19 /Users/tedd/dev/mcuxpresso/r01lib_serial/_r01lib_frdm_mcxa153/Debug/lib_r01lib_frdm_mcxa153.a(fsl_reset.o)
 *fill*         0x00007c59        0x3 ff
 .rodata.__func__.0
                0x00007c5c       0x1b /Users/tedd/dev/mcuxpresso/r01lib_serial/_r01lib_frdm_mcxa153/Debug/lib_r01lib_frdm_mcxa153.a(fsl_reset.o)
 .rodata.UTICK_GetInstance.str1.4
                0x00007c77       0x30 /Users/tedd/dev/mcuxpresso/r01lib_serial/_r01lib_frdm_mcxa153/Debug/lib_r01lib_frdm_mcxa153.a(fsl_utick.o)
 *fill*         0x00007c77        0x1 ff
 .rodata.__func__.0
                0x00007c78       0x12 /Users/tedd/dev/mcuxpresso/r01lib_serial/_r01lib_frdm_mcxa153/Debug/lib_r01lib_frdm_mcxa153.a(fsl_utick.o)
 .rodata.PORT_SetPinConfig.str1.4
                0x00007c8a       0x59 /Users/tedd/dev/mcuxpresso/r01lib_serial/_r01lib_frdm_mcxa153/Debug/lib_r01lib_frdm_mcxa153.a(pin_mux.o)
 *fill*         0x00007c8a        0x2 ff
 .rodata.__func__.0
                0x00007c8c       0x12 /Users/tedd/dev/mcuxpresso/r01lib_serial/_r01lib_frdm_mcxa153/Debug/lib_r01lib_frdm_mcxa153.a(pin_mux.o)
 .rodata.__assert_func.str1.4
                0x00007c9e       0x3e /Users/tedd/dev/mcuxpresso/r01lib_serial/_r01lib_frdm_mcxa153/Debug/lib_r01lib_frdm_mcxa153.a(fsl_assert.o)
 .rodata.SPC_GetPowerDomainLowPowerMode.str1.4
                0x00007c9e       0x3a /Users/tedd/dev/mcuxpresso/r01lib_serial/_r01lib_frdm_mcxa153/Debug/lib_r01lib_frdm_mcxa153.a(fsl_spc.o)
 .rodata.SPC_SetLowPowerRequestConfig.str1.4
                0x00007c9e        0xf /Users/tedd/dev/mcuxpresso/r01lib_serial/_r01lib_frdm_mcxa153/Debug/lib_r01lib_frdm_mcxa153.a(fsl_spc.o)
 .rodata.SPC_SetActiveModeCoreLDORegulatorConfig.str1.4
                0x00007c9e        0xf /Users/tedd/dev/mcuxpresso/r01lib_serial/_r01lib_frdm_mcxa153/Debug/lib_r01lib_frdm_mcxa153.a(fsl_spc.o)
 *fill*         0x00007c9e        0x2 ff
 .rodata.__func__.5