Archive member included to satisfy reference by file (symbol)

/Users/tedd/dev/mcuxpresso/r01lib_serial/_r01lib_frdm_mcxa153/Debug/lib_r01lib_frdm_mcxa153.a(startup_mcxa153.o)
                              (ResetISR)
/Users/tedd/dev/mcuxpresso/r01lib_serial/_r01lib_frdm_mcxa153/Debug/lib_r01lib_frdm_mcxa153.a(InterruptIn.o)
                              ./_r01lib_irq/irq.o (irq_handler)
/Users/tedd/dev/mcuxpresso/r01lib_serial/_r01lib_frdm_mcxa153/Debug/lib_r01lib_frdm_mcxa153.a(Serial.o)
                              ./source/main.o (Serial::~Serial())
/Users/tedd/dev/mcuxpresso/r01lib_serial/_r01lib_frdm_mcxa153/Debug/lib_r01lib_frdm_mcxa153.a(io.o)
                              /Users/tedd/dev/mcuxpresso/r01lib_serial/_r01lib_frdm_mcxa153/Debug/lib_r01lib_frdm_mcxa153.a(Serial.o) (DigitalInOut::~DigitalInOut())
/Users/tedd/dev/mcuxpresso/r01lib_serial/_r01lib_frdm_mcxa153/Debug/lib_r01lib_frdm_mcxa153.a(mcu.o)
                              /Users/tedd/dev/mcuxpresso/r01lib_serial/_r01lib_frdm_mcxa153/Debug/lib_r01lib_frdm_mcxa153.a(Serial.o) (panic(char const*))
/Users/tedd/dev/mcuxpresso/r01lib_serial/_r01lib_frdm_mcxa153/Debug/lib_r01lib_frdm_mcxa153.a(obj.o)
                              /Users/tedd/dev/mcuxpresso/r01lib_serial/_r01lib_frdm_mcxa153/Debug/lib_r01lib_frdm_mcxa153.a(Serial.o) (Obj::~Obj())
/Users/tedd/dev/mcuxpresso/r01lib_serial/_r01lib_frdm_mcxa153/Debug/lib_r01lib_frdm_mcxa153.a(fsl_clock.o)
                              /Users/tedd/dev/mcuxpresso/r01lib_serial/_r01lib_frdm_mcxa153/Debug/lib_r01lib_frdm_mcxa153.a(Serial.o) (CLOCK_AttachClk)
/Users/tedd/dev/mcuxpresso/r01lib_serial/_r01lib_frdm_mcxa153/Debug/lib_r01lib_frdm_mcxa153.a(fsl_common_arm.o)
                              /Users/tedd/dev/mcuxpresso/r01lib_serial/_r01lib_frdm_mcxa153/Debug/lib_r01lib_frdm_mcxa153.a(mcu.o) (SDK_DelayAtLeastUs)
/Users/tedd/dev/mcuxpresso/r01lib_serial/_r01lib_frdm_mcxa153/Debug/lib_r01lib_frdm_mcxa153.a(fsl_gpio.o)
                              /Users/tedd/dev/mcuxpresso/r01lib_serial/_r01lib_frdm_mcxa153/Debug/lib_r01lib_frdm_mcxa153.a(io.o) (GPIO_PinInit)
/Users/tedd/dev/mcuxpresso/r01lib_serial/_r01lib_frdm_mcxa153/Debug/lib_r01lib_frdm_mcxa153.a(fsl_lpuart.o)
                              /Users/tedd/dev/mcuxpresso/r01lib_serial/_r01lib_frdm_mcxa153/Debug/lib_r01lib_frdm_mcxa153.a(Serial.o) (LPUART_Init)
/Users/tedd/dev/mcuxpresso/r01lib_serial/_r01lib_frdm_mcxa153/Debug/lib_r01lib_frdm_mcxa153.a(fsl_reset.o)
                              /Users/tedd/dev/mcuxpresso/r01lib_serial/_r01lib_frdm_mcxa153/Debug/lib_r01lib_frdm_mcxa153.a(Serial.o) (RESET_SetPeripheralReset)
/Users/tedd/dev/mcuxpresso/r01lib_serial/_r01lib_frdm_mcxa153/Debug/lib_r01lib_frdm_mcxa153.a(fsl_utick.o)
                              /Users/tedd/dev/mcuxpresso/r01lib_serial/_r01lib_frdm_mcxa153/Debug/lib_r01lib_frdm_mcxa153.a(mcu.o) (UTICK_Init)
/Users/tedd/dev/mcuxpresso/r01lib_serial/_r01lib_frdm_mcxa153/Debug/lib_r01lib_frdm_mcxa153.a(system_MCXA153.o)
                              /Users/tedd/dev/mcuxpresso/r01lib_serial/_r01lib_frdm_mcxa153/Debug/lib_r01lib_frdm_mcxa153.a(startup_mcxa153.o) (SystemInit)
/Users/tedd/dev/mcuxpresso/r01lib_serial/_r01lib_frdm_mcxa153/Debug/lib_r01lib_frdm_mcxa153.a(board.o)
                              /Users/tedd/dev/mcuxpresso/r01lib_serial/_r01lib_frdm_mcxa153/Debug/lib_r01lib_frdm_mcxa153.a(mcu.o) (BOARD_InitDebugConsole)
/Users/tedd/dev/mcuxpresso/r01lib_serial/_r01lib_frdm_mcxa153/Debug/lib_r01lib_frdm_mcxa153.a(clock_config.o)
                              /Users/tedd/dev/mcuxpresso/r01lib_serial/_r01lib_frdm_mcxa153/Debug/lib_r01lib_frdm_mcxa153.a(mcu.o) (BOARD_InitBootClocks)
/Users/tedd/dev/mcuxpresso/r01lib_serial/_r01lib_frdm_mcxa153/Debug/lib_r01lib_frdm_mcxa153.a(pin_mux.o)
                              /Users/tedd/dev/mcuxpresso/r01lib_serial/_r01lib_frdm_mcxa153/Debug/lib_r01lib_frdm_mcxa153.a(mcu.o) (BOARD_InitPins)
/Users/tedd/dev/mcuxpresso/r01lib_serial/_r01lib_frdm_mcxa153/Debug/lib_r01lib_frdm_mcxa153.a(fsl_assert.o)
                              /Users/tedd/dev/mcuxpresso/r01lib_serial/_r01lib_frdm_mcxa153/Debug/lib_r01lib_frdm_mcxa153.a(InterruptIn.o) (__assert_func)
/Users/tedd/dev/mcuxpresso/r01lib_serial/_r01lib_frdm_mcxa153/Debug/lib_r01lib_frdm_mcxa153.a(fsl_spc.o)
                              /Users/tedd/dev/mcuxpresso/r01lib_serial/_r01lib_frdm_mcxa153/Debug/lib_r01lib_frdm_mcxa153.a(clock_config.o) (SPC_SetSRAMOperateVoltage)
/Applications/MCUXpressoIDE_25.6.136/ide/plugins/com.nxp.mcuxpresso.tools.macosx_25.6.0.202501151204/tools/bin/../lib/gcc/arm-none-eabi/14.2.1/thumb/v8-m.main/nofp/libgcc.a(_arm_muldf3.o)
                              /Users/tedd/dev/mcuxpresso/r01lib_serial/_r01lib_frdm_mcxa153/Debug/lib_r01lib_frdm_mcxa153.a(mcu.o) (__aeabi_dmul)
/Applications/MCUXpressoIDE_25.6.136/ide/plugins/com.nxp.mcuxpresso.tools.macosx_25.6.0.202501151204/tools/bin/../lib/gcc/arm-none-eabi/14.2.1/thumb/v8-m.main/nofp/libgcc.a(_arm_mulsf3.o)
[...]
Memory Configuration

Name             Origin             Length             Attributes
PROGRAM_FLASH    0x00000000         0x00020000         xr
SRAM             0x20000000         0x00006000         xrw
SRAMX0           0x04000000         0x00002000         xrw
SRAMX1           0x04002000         0x00001000         xrw
*default*        0x00000000         0xffffffff

Linker script and memory map

LOAD ./source/main.o
LOAD ./_r01lib_irq/irq.o
LOAD /Users/tedd/dev/mcuxpresso/r01lib_serial/_r01lib_frdm_mcxa153/Debug/lib_r01lib_frdm_mcxa153.a
START GROUP
LOAD /Applications/MCUXpressoIDE_25.6.136/ide/plugins/com.nxp.mcuxpresso.tools.macosx_25.6.0.202501151204/tools/bin/../lib/gcc/arm-none-eabi/14.2.1/thumb/v8-m.main/nofp/libgcc.a
LOAD /Applications/MCUXpressoIDE_25.6.136/ide/plugins/com.nxp.mcuxpresso.tools.macosx_25.6.0.202501151204/tools/bin/../lib/gcc/arm-none-eabi/14.2.1/../../../../arm-none-eabi/lib/thumb/v8-m.main/nofp/libc_nano.a
LOAD /Applications/MCUXpressoIDE_25.6.136/ide/plugins/com.nxp.mcuxpresso.tools.macosx_25.6.0.202501151204/tools/bin/../lib/gcc/arm-none-eabi/14.2.1/../../../../arm-none-eabi/lib/thumb/v8-m.main/nofp/libstdc++_nano.a
LOAD /Applications/MCUXpressoIDE_25.6.136/ide/plugins/com.nxp.mcuxpresso.tools.macosx_25.6.0.202501151204/tools/bin/../lib/gcc/arm-none-eabi/14.2.1/../../../../arm-none-eabi/lib/thumb/v8-m.main/nofp/libm.a
LOAD /Applications/MCUXpressoIDE_25.6.136/ide/plugins/com.nxp.mcuxpresso.tools.macosx_25.6.0.202501151204/tools/bin/../lib/gcc/arm-none-eabi/14.2.1/../../../../arm-none-eabi/lib/thumb/v8-m.main/nofp/libcr_newlib_semihost.a
LOAD /Applications/MCUXpressoIDE_25.6.136/ide/plugins/com.nxp.mcuxpresso.tools.macosx_25.6.0.202501151204/tools/bin/../lib/gcc/arm-none-eabi/14.2.1/thumb/v8-m.main/nofp/crti.o
LOAD /Applications/MCUXpressoIDE_25.6.136/ide/plugins/com.nxp.mcuxpresso.tools.macosx_25.6.0.202501151204/tools/bin/../lib/gcc/arm-none-eabi/14.2.1/thumb/v8-m.main/nofp/crtn.o
LOAD /Applications/MCUXpressoIDE_25.6.136/ide/plugins/com.nxp.mcuxpresso.tools.macosx_25.6.0.202501151204/tools/bin/../lib/gcc/arm-none-eabi/14.2.1/thumb/v8-m.main/nofp/crtbegin.o
LOAD /Applications/MCUXpressoIDE_25.6.136/ide/plugins/com.nxp.mcuxpresso.tools.macosx_25.6.0.202501151204/tools/bin/../lib/gcc/arm-none-eabi/14.2.1/thumb/v8-m.main/nofp/crtend.o
END GROUP
                0x00000000                        __base_PROGRAM_FLASH = 0x0
                0x00000000                        __base_Flash = 0x0
                0x00020000                        __top_PROGRAM_FLASH = 0x20000
                0x00020000                        __top_Flash = 0x20000
                0x20000000                        __base_SRAM = 0x20000000
                0x20000000                        __base_RAM = 0x20000000
                0x20006000                        __top_SRAM = 0x20006000
                0x20006000                        __top_RAM = 0x20006000
                0x04000000                        __base_SRAMX0 = 0x4000000
                0x04000000                        __base_RAM2 = 0x4000000
                0x04002000                        __top_SRAMX0 = 0x4002000
                0x04002000                        __top_RAM2 = 0x4002000
                0x04002000                        __base_SRAMX1 = 0x4002000
                0x04002000                        __base_RAM3 = 0x4002000
                0x04003000                        __top_SRAMX1 = 0x4003000
                0x04003000                        __top_RAM3 = 0x4003000

.text           0x00000000     0x95cc
 FILL mask 0xff
                0x00000000                        __vectors_start__ = ABSOLUTE (.)
 *(SORT_BY_ALIGNMENT(.isr_vector))
 .isr_vector    0x00000000      0x16c /Users/tedd/dev/mcuxpresso/r01lib_serial/_r01lib_frdm_mcxa153/Debug/lib_r01lib_frdm_mcxa153.a(startup_mcxa153.o)
                0x00000000                __Vectors
                0x00000000                g_pfnVectors
                0x0000016c                        . = ALIGN (0x4)
                0x0000016c                        __section_table_start = .
                0x0000016c                        __data_section_table = .
                0x0000016c        0x4 LONG 0x95d4 LOADADDR (.data)
                0x00000170        0x4 LONG 0x20000000 ADDR (.data)
                0x00000174        0x4 LONG 0x1f4 SIZEOF (.data)
                0x00000178        0x4 LONG 0x95d4 LOADADDR (.data_RAM2)
                0x0000017c        0x4 LONG 0x4000000 ADDR (.data_RAM2)
                0x00000180        0x4 LONG 0x0 SIZEOF (.data_RAM2)
                0x00000184        0x4 LONG 0x95d4 LOADADDR (.data_RAM3)
                0x00000188        0x4 LONG 0x4002000 ADDR (.data_RAM3)
                0x0000018c        0x4 LONG 0x0 SIZEOF (.data_RAM3)
                0x00000190                        __data_section_table_end = .
                0x00000190                        __bss_section_table = .
                0x00000190        0x4 LONG 0x200001f4 ADDR (.bss)
                0x00000194        0x4 LONG 0x554 SIZEOF (.bss)
                0x00000198        0x4 LONG 0x4000000 ADDR (.bss_RAM2)
                0x0000019c        0x4 LONG 0x0 SIZEOF (.bss_RAM2)
                0x000001a0        0x4 LONG 0x4002000 ADDR (.bss_RAM3)
                0x000001a4        0x4 LONG 0x0 SIZEOF (.bss_RAM3)
                0x000001a8                        __bss_section_table_end = .
                0x000001a8                        __section_table_end = .
 *(SORT_BY_ALIGNMENT(.after_vectors*))
 .after_vectors
                0x000001a8       0x2c /Users/tedd/dev/mcuxpresso/r01lib_serial/_r01lib_frdm_mcxa153/Debug/lib_r01lib_frdm_mcxa153.a(startup_mcxa153.o)
                0x000001a8                NMI_Handler
                0x000001ac                HardFault_Handler
                0x000001b0                MemManage_Handler
                0x000001b4                BusFault_Handler
                0x000001b8                UsageFault_Handler
                0x000001bc                SecureFault_Handler
                0x000001c0                SVC_Handler
                0x000001c4                DebugMon_Handler
                0x000001c8                PendSV_Handler
                0x000001cc                SysTick_Handler
                0x000001d0                LPI2C0_DriverIRQHandler
                0x000001d0                FLEXPWM0_RELOAD_ERROR_DriverIRQHandler
                0x000001d0                QDC0_HOME_DriverIRQHandler
                0x000001d0                Reserved82_DriverIRQHandler
                0x000001d0                QDC0_WATCHDOG_DriverIRQHandler
                0x000001d0                ERM0_MULTI_BIT_DriverIRQHandler
                0x000001d0                Reserved36_DriverIRQHandler
                0x000001d0                CTIMER2_DriverIRQHandler
                0x000001d0                CMP1_DriverIRQHandler
                0x000001d0                IntDefaultHandler
                0x000001d0                USB0_DriverIRQHandler
                0x000001d0                QDC0_INDEX_DriverIRQHandler
                0x000001d0                Reserved41_DriverIRQHandler
                0x000001d0                FLEXPWM0_SUBMODULE2_DriverIRQHandler
                0x000001d0                WWDT0_DriverIRQHandler
                0x000001d0                Reserved84_DriverIRQHandler
                0x000001d0                FLEXPWM0_FAULT_DriverIRQHandler
                0x000001d0                GPIO0_DriverIRQHandler
                0x000001d0                Reserved38_DriverIRQHandler
                0x000001d0                FREQME0_DriverIRQHandler
                0x000001d0                Reserved22_DriverIRQHandler
                0x000001d0                Reserved53_DriverIRQHandler
                0x000001d0                Reserved35_DriverIRQHandler
                0x000001d0                CTIMER0_DriverIRQHandler
                0x000001d0                Reserved79_DriverIRQHandler
                0x000001d0                Reserved24_DriverIRQHandler
                0x000001d0                CTIMER1_DriverIRQHandler
                0x000001d0                QDC0_COMPARE_DriverIRQHandler
                0x000001d0                LPSPI0_DriverIRQHandler
                0x000001d0                DMA_CH3_DriverIRQHandler
                0x000001d0                Reserved83_DriverIRQHandler
                0x000001d0                Reserved72_DriverIRQHandler
                0x000001d0                Reserved23_DriverIRQHandler
                0x000001d0                Reserved65_DriverIRQHandler
                0x000001d0                ERM0_SINGLE_BIT_DriverIRQHandler
                0x000001d0                DMA_CH2_DriverIRQHandler
                0x000001d0                Reserved51_DriverIRQHandler
                0x000001d0                Reserved25_DriverIRQHandler
                0x000001d0                FMU0_DriverIRQHandler
                0x000001d0                LPSPI1_DriverIRQHandler
                0x000001d0                Reserved77_DriverIRQHandler
                0x000001d0                Reserved16_DriverIRQHandler
                0x000001d0                GPIO2_DriverIRQHandler
                0x000001d0                Reserved85_DriverIRQHandler
                0x000001d0                ADC0_DriverIRQHandler
                0x000001d0                CMP0_DriverIRQHandler
                0x000001d0                CDOG0_DriverIRQHandler
                0x000001d0                Reserved59_DriverIRQHandler
                0x000001d0                DMA_CH0_DriverIRQHandler
                0x000001d0                Reserved58_DriverIRQHandler
                0x000001d0                DMA_CH1_DriverIRQHandler
                0x000001d0                SPC0_DriverIRQHandler
                0x000001d0                Reserved43_DriverIRQHandler
                0x000001d0                Reserved46_DriverIRQHandler
                0x000001d0                Reserved37_DriverIRQHandler
                0x000001d0                Reserved86_DriverIRQHandler
                0x000001d0                GPIO1_DriverIRQHandler
                0x000001d0                FLEXPWM0_SUBMODULE0_DriverIRQHandler
                0x000001d0                Reserved50_DriverIRQHandler
                0x000001d0                OS_EVENT_DriverIRQHandler
                0x000001d0                SCG0_DriverIRQHandler
                0x000001d0                GLIKEY0_DriverIRQHandler
                0x000001d0                GPIO3_DriverIRQHandler
                0x000001d0                CMC_DriverIRQHandler
                0x000001d0                WUU0_DriverIRQHandler
                0x000001d0                Reserved33_DriverIRQHandler
                0x000001d0                I3C0_DriverIRQHandler
                0x000001d0                Reserved39_DriverIRQHandler
                0x000001d0                WAKETIMER0_DriverIRQHandler
                0x000001d0                MBC0_DriverIRQHandler
                0x000001d0                LPTMR0_DriverIRQHandler
                0x000001d0                FLEXPWM0_SUBMODULE1_DriverIRQHandler
 .after_vectors.init_data
                0x000001d4       0x1c /Users/tedd/dev/mcuxpresso/r01lib_serial/_r01lib_frdm_mcxa153/Debug/lib_r01lib_frdm_mcxa153.a(startup_mcxa153.o)
                0x000001d4                data_init(unsigned int, unsigned int, unsigned int)
 .after_vectors.init_bss
                0x000001f0       0x14 /Users/tedd/dev/mcuxpresso/r01lib_serial/_r01lib_frdm_mcxa153/Debug/lib_r01lib_frdm_mcxa153.a(startup_mcxa153.o)
                0x000001f0                bss_init(unsigned int, unsigned int)
 .after_vectors.reset
                0x00000204       0x70 /Users/tedd/dev/mcuxpresso/r01lib_serial/_r01lib_frdm_mcxa153/Debug/lib_r01lib_frdm_mcxa153.a(startup_mcxa153.o)
                0x00000204                ResetISR
 *(SORT_BY_ALIGNMENT(.text*))
 *fill*         0x00000274        0x4 ff
 .text._Z5panicPKc
                0x00000278       0xe0 /Users/tedd/dev/mcuxpresso/r01lib_serial/_r01lib_frdm_mcxa153/Debug/lib_r01lib_frdm_mcxa153.a(mcu.o)
                0x00000278                panic(char const*)
 .text._strtod_l
                0x00000358      0xba8 /Applications/MCUXpressoIDE_25.6.136/ide/plugins/com.nxp.mcuxpresso.tools.macosx_25.6.0.202501151204/tools/bin/../lib/gcc/arm-none-eabi/14.2.1/../../../../arm-none-eabi/lib/thumb/v8-m.main/nofp/libc_nano.a(libc_a-strtod.o)
                0x00000358                _strtod_l
 .text._dtoa_r  0x00000f00      0xbc8 /Applications/MCUXpressoIDE_25.6.136/ide/plugins/com.nxp.mcuxpresso.tools.macosx_25.6.0.202501151204/tools/bin/../lib/gcc/arm-none-eabi/14.2.1/../../../../arm-none-eabi/lib/thumb/v8-m.main/nofp/libc_nano.a(libc_a-dtoa.o)
                0x00000f00                _dtoa_r
 .text.startup.main
                0x00001ac8       0x44 ./source/main.o
                0x00001ac8                main
 .text.startup._GLOBAL__sub_I_uart
                0x00001b0c       0x48 ./source/main.o
 .text.Reserved16_IRQHandler
                0x00001b54        0x8 /Users/tedd/dev/mcuxpresso/r01lib_serial/_r01lib_frdm_mcxa153/Debug/lib_r01lib_frdm_mcxa153.a(startup_mcxa153.o)
                0x00001b54                Reserved16_IRQHandler
 .text.CMC_IRQHandler
                0x00001b5c        0x8 /Users/tedd/dev/mcuxpresso/r01lib_serial/_r01lib_frdm_mcxa153/Debug/lib_r01lib_frdm_mcxa153.a(startup_mcxa153.o)
                0x00001b5c                CMC_IRQHandler
 .text.DMA_CH0_IRQHandler
                0x00001b64        0x8 /Users/tedd/dev/mcuxpresso/r01lib_serial/_r01lib_frdm_mcxa153/Debug/lib_r01lib_frdm_mcxa153.a(startup_mcxa153.o)
                0x00001b64                DMA_CH0_IRQHandler
 .text.DMA_CH1_IRQHandler
                0x00001b6c        0x8 /Users/tedd/dev/mcuxpresso/r01lib_serial/_r01lib_frdm_mcxa153/Debug/lib_r01lib_frdm_mcxa153.a(startup_mcxa153.o)
                0x00001b6c                DMA_CH1_IRQHandler
 .text.DMA_CH2_IRQHandler
                0x00001b74        0x8 /Users/tedd/dev/mcuxpresso/r01lib_serial/_r01lib_frdm_mcxa153/Debug/lib_r01lib_frdm_mcxa153.a(startup_mcxa153.o)
                0x00001b74                DMA_CH2_IRQHandler
 .text.DMA_CH3_IRQHandler
                0x00001b7c        0x8 /Users/tedd/dev/mcuxpresso/r01lib_serial/_r01lib_frdm_mcxa153/Debug/lib_r01lib_frdm_mcxa153.a(startup_mcxa153.o)
                0x00001b7c                DMA_CH3_IRQHandler
 .text.Reserved22_IRQHandler
                0x00001b84        0x8 /Users/tedd/dev/mcuxpresso/r01lib_serial/_r01lib_frdm_mcxa153/Debug/lib_r01lib_frdm_mcxa153.a(startup_mcxa153.o)
                0x00001b84                Reserved22_IRQHandler
 .text.Reserved23_IRQHandler
                0x00001b8c        0x8 /Users/tedd/dev/mcuxpresso/r01lib_serial/_r01lib_frdm_mcxa153/Debug/lib_r01lib_frdm_mcxa153.a(startup_mcxa153.o)
                0x00001b8c                Reserved23_IRQHandler
 .text.Reserved24_IRQHandler
                0x00001b94        0x8 /Users/tedd/dev/mcuxpresso/r01lib_serial/_r01lib_frdm_mcxa153/Debug/lib_r01lib_frdm_mcxa153.a(startup_mcxa153.o)
                0x00001b94                Reserved24_IRQHandler
 .text.Reserved25_IRQHandler
                0x00001b9c        0x8 /Users/tedd/dev/mcuxpresso/r01lib_serial/_r01lib_frdm_mcxa153/Debug/lib_r01lib_frdm_mcxa153.a(startup_mcxa153.o)
                0x00001b9c                Reserved25_IRQHandler
 .text.ERM0_SINGLE_BIT_IRQHandler
                0x00001ba4        0x8 /Users/tedd/dev/mcuxpresso/r01lib_serial/_r01lib_frdm_mcxa153/Debug/lib_r01lib_frdm_mcxa153.a(startup_mcxa153.o)
                0x00001ba4                ERM0_SINGLE_BIT_IRQHandler
 .text.ERM0_MULTI_BIT_IRQHandler
                0x00001bac        0x8 /Users/tedd/dev/mcuxpresso/r01lib_serial/_r01lib_frdm_mcxa153/Debug/lib_r01lib_frdm_mcxa153.a(startup_mcxa153.o)
                0x00001bac                ERM0_MULTI_BIT_IRQHandler
 .text.FMU0_IRQHandler
                0x00001bb4        0x8 /Users/tedd/dev/mcuxpresso/r01lib_serial/_r01lib_frdm_mcxa153/Debug/lib_r01lib_frdm_mcxa153.a(startup_mcxa153.o)
                0x00001bb4                FMU0_IRQHandler
 .text.GLIKEY0_IRQHandler
                0x00001bbc        0x8 /Users/tedd/dev/mcuxpresso/r01lib_serial/_r01lib_frdm_mcxa153/Debug/lib_r01lib_frdm_mcxa153.a(startup_mcxa153.o)
                0x00001bbc                GLIKEY0_IRQHandler
 .text.MBC0_IRQHandler
                0x00001bc4        0x8 /Users/tedd/dev/mcuxpresso/r01lib_serial/_r01lib_frdm_mcxa153/Debug/lib_r01lib_frdm_mcxa153.a(startup_mcxa153.o)
                0x00001bc4                MBC0_IRQHandler
 .text.SCG0_IRQHandler
                0x00001bcc        0x8 /Users/tedd/dev/mcuxpresso/r01lib_serial/_r01lib_frdm_mcxa153/Debug/lib_r01lib_frdm_mcxa153.a(startup_mcxa153.o)
                0x00001bcc                SCG0_IRQHandler
 .text.SPC0_IRQHandler
                0x00001bd4        0x8 /Users/tedd/dev/mcuxpresso/r01lib_serial/_r01lib_frdm_mcxa153/Debug/lib_r01lib_frdm_mcxa153.a(startup_mcxa153.o)
                0x00001bd4                SPC0_IRQHandler
 .text.Reserved33_IRQHandler
                0x00001bdc        0x8 /Users/tedd/dev/mcuxpresso/r01lib_serial/_r01lib_frdm_mcxa153/Debug/lib_r01lib_frdm_mcxa153.a(startup_mcxa153.o)
                0x00001bdc                Reserved33_IRQHandler
 .text.WUU0_IRQHandler
                0x00001be4        0x8 /Users/tedd/dev/mcuxpresso/r01lib_serial/_r01lib_frdm_mcxa153/Debug/lib_r01lib_frdm_mcxa153.a(startup_mcxa153.o)
                0x00001be4                WUU0_IRQHandler
 .text.Reserved35_IRQHandler
                0x00001bec        0x8 /Users/tedd/dev/mcuxpresso/r01lib_serial/_r01lib_frdm_mcxa153/Debug/lib_r01lib_frdm_mcxa153.a(startup_mcxa153.o)
                0x00001bec                Reserved35_IRQHandler
 .text.Reserved36_IRQHandler
                0x00001bf4        0x8 /Users/tedd/dev/mcuxpresso/r01lib_serial/_r01lib_frdm_mcxa153/Debug/lib_r01lib_frdm_mcxa153.a(startup_mcxa153.o)
                0x00001bf4                Reserved36_IRQHandler
 .text.Reserved37_IRQHandler
                0x00001bfc        0x8 /Users/tedd/dev/mcuxpresso/r01lib_serial/_r01lib_frdm_mcxa153/Debug/lib_r01lib_frdm_mcxa153.a(startup_mcxa153.o)
                0x00001bfc                Reserved37_IRQHandler
 .text.Reserved38_IRQHandler
                0x00001c04        0x8 /Users/tedd/dev/mcuxpresso/r01lib_serial/_r01lib_frdm_mcxa153/Debug/lib_r01lib_frdm_mcxa153.a(startup_mcxa153.o)
                0x00001c04                Reserved38_IRQHandler
 .text.Reserved39_IRQHandler
                0x00001c0c        0x8 /Users/tedd/dev/mcuxpresso/r01lib_serial/_r01lib_frdm_mcxa153/Debug/lib_r01lib_frdm_mcxa153.a(startup_mcxa153.o)
                0x00001c0c                Reserved39_IRQHandler
 .text.I3C0_IRQHandler
                0x00001c14        0x8 /Users/tedd/dev/mcuxpresso/r01lib_serial/_r01lib_frdm_mcxa153/Debug/lib_r01lib_frdm_mcxa153.a(startup_mcxa153.o)
                0x00001c14                I3C0_IRQHandler
 .text.Reserved41_IRQHandler
                0x00001c1c        0x8 /Users/tedd/dev/mcuxpresso/r01lib_serial/_r01lib_frdm_mcxa153/Debug/lib_r01lib_frdm_mcxa153.a(startup_mcxa153.o)
                0x00001c1c                Reserved41_IRQHandler
 .text.LPI2C0_IRQHandler
                0x00001c24        0x8 /Users/tedd/dev/mcuxpresso/r01lib_serial/_r01lib_frdm_mcxa153/Debug/lib_r01lib_frdm_mcxa153.a(startup_mcxa153.o)
                0x00001c24                LPI2C0_IRQHandler
 .text.Reserved43_IRQHandler
                0x00001c2c        0x8 /Users/tedd/dev/mcuxpresso/r01lib_serial/_r01lib_frdm_mcxa153/Debug/lib_r01lib_frdm_mcxa153.a(startup_mcxa153.o)
                0x00001c2c                Reserved43_IRQHandler
 .text.LPSPI0_IRQHandler
                0x00001c34        0x8 /Users/tedd/dev/mcuxpresso/r01lib_serial/_r01lib_frdm_mcxa153/Debug/lib_r01lib_frdm_mcxa153.a(startup_mcxa153.o)
                0x00001c34                LPSPI0_IRQHandler
 .text.LPSPI1_IRQHandler
                0x00001c3c        0x8 /Users/tedd/dev/mcuxpresso/r01lib_serial/_r01lib_frdm_mcxa153/Debug/lib_r01lib_frdm_mcxa153.a(startup_mcxa153.o)
                0x00001c3c                LPSPI1_IRQHandler
 .text.Reserved46_IRQHandler
                0x00001c44        0x8 /Users/tedd/dev/mcuxpresso/r01lib_serial/_r01lib_frdm_mcxa153/Debug/lib_r01lib_frdm_mcxa153.a(startup_mcxa153.o)
                0x00001c44                Reserved46_IRQHandler
 .text.Reserved50_IRQHandler
                0x00001c4c        0x8 /Users/tedd/dev/mcuxpresso/r01lib_serial/_r01lib_frdm_mcxa153/Debug/lib_r01lib_frdm_mcxa153.a(startup_mcxa153.o)
                0x00001c4c                Reserved50_IRQHandler
 .text.Reserved51_IRQHandler
                0x00001c54        0x8 /Users/tedd/dev/mcuxpresso/r01lib_serial/_r01lib_frdm_mcxa153/Debug/lib_r01lib_frdm_mcxa153.a(startup_mcxa153.o)
                0x00001c54                Reserved51_IRQHandler
 .text.USB0_IRQHandler
                0x00001c5c        0x8 /Users/tedd/dev/mcuxpresso/r01lib_serial/_r01lib_frdm_mcxa153/Debug/lib_r01lib_frdm_mcxa153.a(startup_mcxa153.o)
                0x00001c5c                USB0_IRQHandler
 .text.Reserved53_IRQHandler
                0x00001c64        0x8 /Users/tedd/dev/mcuxpresso/r01lib_serial/_r01lib_frdm_mcxa153/Debug/lib_r01lib_frdm_mcxa153.a(startup_mcxa153.o)
                0x00001c64                Reserved53_IRQHandler
 .text.CDOG0_IRQHandler
                0x00001c6c        0x8 /Users/tedd/dev/mcuxpresso/r01lib_serial/_r01lib_frdm_mcxa153/Debug/lib_r01lib_frdm_mcxa153.a(startup_mcxa153.o)
                0x00001c6c                CDOG0_IRQHandler
 .text.CTIMER0_IRQHandler
                0x00001c74        0x8 /Users/tedd/dev/mcuxpresso/r01lib_serial/_r01lib_frdm_mcxa153/Debug/lib_r01lib_frdm_mcxa153.a(startup_mcxa153.o)
                0x00001c74                CTIMER0_IRQHandler
 .text.CTIMER1_IRQHandler
                0x00001c7c        0x8 /Users/tedd/dev/mcuxpresso/r01lib_serial/_r01lib_frdm_mcxa153/Debug/lib_r01lib_frdm_mcxa153.a(startup_mcxa153.o)
                0x00001c7c                CTIMER1_IRQHandler
 .text.CTIMER2_IRQHandler
                0x00001c84        0x8 /Users/tedd/dev/mcuxpresso/r01lib_serial/_r01lib_frdm_mcxa153/Debug/lib_r01lib_frdm_mcxa153.a(startup_mcxa153.o)
                0x00001c84                CTIMER2_IRQHandler
 .text.Reserved58_IRQHandler
                0x00001c8c        0x8 /Users/tedd/dev/mcuxpresso/r01lib_serial/_r01lib_frdm_mcxa153/Debug/lib_r01lib_frdm_mcxa153.a(startup_mcxa153.o)
                0x00001c8c                Reserved58_IRQHandler
 .text.Reserved59_IRQHandler
                0x00001c94        0x8 /Users/tedd/dev/mcuxpresso/r01lib_serial/_r01lib_frdm_mcxa153/Debug/lib_r01lib_frdm_mcxa153.a(startup_mcxa153.o)
                0x00001c94                Reserved59_IRQHandler
 .text.FLEXPWM0_RELOAD_ERROR_IRQHandler
                0x00001c9c        0x8 /Users/tedd/dev/mcuxpresso/r01lib_serial/_r01lib_frdm_mcxa153/Debug/lib_r01lib_frdm_mcxa153.a(startup_mcxa153.o)
                0x00001c9c                FLEXPWM0_RELOAD_ERROR_IRQHandler
 .text.FLEXPWM0_FAULT_IRQHandler
                0x00001ca4        0x8 /Users/tedd/dev/mcuxpresso/r01lib_serial/_r01lib_frdm_mcxa153/Debug/lib_r01lib_frdm_mcxa153.a(startup_mcxa153.o)
                0x00001ca4                FLEXPWM0_FAULT_IRQHandler
 .text.FLEXPWM0_SUBMODULE0_IRQHandler
                0x00001cac        0x8 /Users/tedd/dev/mcuxpresso/r01lib_serial/_r01lib_frdm_mcxa153/Debug/lib_r01lib_frdm_mcxa153.a(startup_mcxa153.o)
                0x00001cac                FLEXPWM0_SUBMODULE0_IRQHandler
 .text.FLEXPWM0_SUBMODULE1_IRQHandler
                0x00001cb4        0x8 /Users/tedd/dev/mcuxpresso/r01lib_serial/_r01lib_frdm_mcxa153/Debug/lib_r01lib_frdm_mcxa153.a(startup_mcxa153.o)
                0x00001cb4                FLEXPWM0_SUBMODULE1_IRQHandler
 .text.FLEXPWM0_SUBMODULE2_IRQHandler
                0x00001cbc        0x8 /Users/tedd/dev/mcuxpresso/r01lib_serial/_r01lib_frdm_mcxa153/Debug/lib_r01lib_frdm_mcxa153.a(startup_mcxa153.o)
                0x00001cbc                FLEXPWM0_SUBMODULE2_IRQHandler
 .text.Reserved65_IRQHandler
                0x00001cc4        0x8 /Users/tedd/dev/mcuxpresso/r01lib_serial/_r01lib_frdm_mcxa153/Debug/lib_r01lib_frdm_mcxa153.a(startup_mcxa153.o)
                0x00001cc4                Reserved65_IRQHandler
 .text.QDC0_COMPARE_IRQHandler
                0x00001ccc        0x8 /Users/tedd/dev/mcuxpresso/r01lib_serial/_r01lib_frdm_mcxa153/Debug/lib_r01lib_frdm_mcxa153.a(startup_mcxa153.o)
                0x00001ccc                QDC0_COMPARE_IRQHandler
 .text.QDC0_HOME_IRQHandler
                0x00001cd4        0x8 /Users/tedd/dev/mcuxpresso/r01lib_serial/_r01lib_frdm_mcxa153/Debug/lib_r01lib_frdm_mcxa153.a(startup_mcxa153.o)
                0x00001cd4                QDC0_HOME_IRQHandler
 .text.QDC0_WATCHDOG_IRQHandler
                0x00001cdc        0x8 /Users/tedd/dev/mcuxpresso/r01lib_serial/_r01lib_frdm_mcxa153/Debug/lib_r01lib_frdm_mcxa153.a(startup_mcxa153.o)
                0x00001cdc                QDC0_WATCHDOG_IRQHandler
 .text.QDC0_INDEX_IRQHandler
                0x00001ce4        0x8 /Users/tedd/dev/mcuxpresso/r01lib_serial/_r01lib_frdm_mcxa153/Debug/lib_r01lib_frdm_mcxa153.a(startup_mcxa153.o)
                0x00001ce4                QDC0_INDEX_IRQHandler
 .text.FREQME0_IRQHandler
                0x00001cec        0x8 /Users/tedd/dev/mcuxpresso/r01lib_serial/_r01lib_frdm_mcxa153/Debug/lib_r01lib_frdm_mcxa153.a(startup_mcxa153.o)
                0x00001cec                FREQME0_IRQHandler
 .text.LPTMR0_IRQHandler
                0x00001cf4        0x8 /Users/tedd/dev/mcuxpresso/r01lib_serial/_r01lib_frdm_mcxa153/Debug/lib_r01lib_frdm_mcxa153.a(startup_mcxa153.o)
                0x00001cf4                LPTMR0_IRQHandler
 .text.Reserved72_IRQHandler
                0x00001cfc        0x8 /Users/tedd/dev/mcuxpresso/r01lib_serial/_r01lib_frdm_mcxa153/Debug/lib_r01lib_frdm_mcxa153.a(startup_mcxa153.o)
                0x00001cfc                Reserved72_IRQHandler
 .text.OS_EVENT_IRQHandler
                0x00001d04        0x8 /Users/tedd/dev/mcuxpresso/r01lib_serial/_r01lib_frdm_mcxa153/Debug/lib_r01lib_frdm_mcxa153.a(startup_mcxa153.o)
                0x00001d04                OS_EVENT_IRQHandler
 .text.WAKETIMER0_IRQHandler
                0x00001d0c        0x8 /Users/tedd/dev/mcuxpresso/r01lib_serial/_r01lib_frdm_mcxa153/Debug/lib_r01lib_frdm_mcxa153.a(startup_mcxa153.o)
                0x00001d0c                WAKETIMER0_IRQHandler
 .text.UTICK0_IRQHandler
                0x00001d14        0x8 /Users/tedd/dev/mcuxpresso/r01lib_serial/_r01lib_frdm_mcxa153/Debug/lib_r01lib_frdm_mcxa153.a(startup_mcxa153.o)
                0x00001d14                UTICK0_IRQHandler
 .text.WWDT0_IRQHandler
                0x00001d1c        0x8 /Users/tedd/dev/mcuxpresso/r01lib_serial/_r01lib_frdm_mcxa153/Debug/lib_r01lib_frdm_mcxa153.a(startup_mcxa153.o)
                0x00001d1c                WWDT0_IRQHandler
 .text.Reserved77_IRQHandler
                0x00001d24        0x8 /Users/tedd/dev/mcuxpresso/r01lib_serial/_r01lib_frdm_mcxa153/Debug/lib_r01lib_frdm_mcxa153.a(startup_mcxa153.o)
                0x00001d24                Reserved77_IRQHandler
 .text.ADC0_IRQHandler
                0x00001d2c        0x8 /Users/tedd/dev/mcuxpresso/r01lib_serial/_r01lib_frdm_mcxa153/Debug/lib_r01lib_frdm_mcxa153.a(startup_mcxa153.o)
                0x00001d2c                ADC0_IRQHandler
 .text.Reserved79_IRQHandler
                0x00001d34        0x8 /Users/tedd/dev/mcuxpresso/r01lib_serial/_r01lib_frdm_mcxa153/Debug/lib_r01lib_frdm_mcxa153.a(startup_mcxa153.o)
                0x00001d34                Reserved79_IRQHandler
 .text.CMP0_IRQHandler
                0x00001d3c        0x8 /Users/tedd/dev/mcuxpresso/r01lib_serial/_r01lib_frdm_mcxa153/Debug/lib_r01lib_frdm_mcxa153.a(startup_mcxa153.o)
                0x00001d3c                CMP0_IRQHandler
 .text.CMP1_IRQHandler
                0x00001d44        0x8 /Users/tedd/dev/mcuxpresso/r01lib_serial/_r01lib_frdm_mcxa153/Debug/lib_r01lib_frdm_mcxa153.a(startup_mcxa153.o)
                0x00001d44                CMP1_IRQHandler
 .text.Reserved82_IRQHandler
                0x00001d4c        0x8 /Users/tedd/dev/mcuxpresso/r01lib_serial/_r01lib_frdm_mcxa153/Debug/lib_r01lib_frdm_mcxa153.a(startup_mcxa153.o)
                0x00001d4c                Reserved82_IRQHandler
 .text.Reserved83_IRQHandler
                0x00001d54        0x8 /Users/tedd/dev/mcuxpresso/r01lib_serial/_r01lib_frdm_mcxa153/Debug/lib_r01lib_frdm_mcxa153.a(startup_mcxa153.o)
                0x00001d54                Reserved83_IRQHandler
 .text.Reserved84_IRQHandler
                0x00001d5c        0x8 /Users/tedd/dev/mcuxpresso/r01lib_serial/_r01lib_frdm_mcxa153/Debug/lib_r01lib_frdm_mcxa153.a(startup_mcxa153.o)
                0x00001d5c                Reserved84_IRQHandler
 .text.Reserved85_IRQHandler
                0x00001d64        0x8 /Users/tedd/dev/mcuxpresso/r01lib_serial/_r01lib_frdm_mcxa153/Debug/lib_r01lib_frdm_mcxa153.a(startup_mcxa153.o)
                0x00001d64                Reserved85_IRQHandler
 .text.Reserved86_IRQHandler
                0x00001d6c        0x8 /Users/tedd/dev/mcuxpresso/r01lib_serial/_r01lib_frdm_mcxa153/Debug/lib_r01lib_frdm_mcxa153.a(startup_mcxa153.o)
                0x00001d6c                Reserved86_IRQHandler
 .text.irq_handler
                0x00001d74       0x48 /Users/tedd/dev/mcuxpresso/r01lib_serial/_r01lib_frdm_mcxa153/Debug/lib_r01lib_frdm_mcxa153.a(InterruptIn.o)
                0x00001d74                irq_handler
 .text._ZN6SerialD2Ev
                0x00001dbc       0x64 /Users/tedd/dev/mcuxpresso/r01lib_serial/_r01lib_frdm_mcxa153/Debug/lib_r01lib_frdm_mcxa153.a(Serial.o)
                0x00001dbc                Serial::~Serial()
                0x00001dbc                Serial::~Serial()
 .text._ZN6SerialD0Ev
                0x00001e20       0x18 /Users/tedd/dev/mcuxpresso/r01lib_serial/_r01lib_frdm_mcxa153/Debug/lib_r01lib_frdm_mcxa153.a(Serial.o)
                0x00001e20                Serial::~Serial()
 .text._ZN6Serial12resolve_pinsEii
                0x00001e38       0xa0 /Users/tedd/dev/mcuxpresso/r01lib_serial/_r01lib_frdm_mcxa153/Debug/lib_r01lib_frdm_mcxa153.a(Serial.o)
                0x00001e38                Serial::resolve_pins(int, int)
 .text._ZN6Serial10tx_enqueueEh
                0x00001ed8       0x4c /Users/tedd/dev/mcuxpresso/r01lib_serial/_r01lib_frdm_mcxa153/Debug/lib_r01lib_frdm_mcxa153.a(Serial.o)
                0x00001ed8                Serial::tx_enqueue(unsigned char)
 .text._ZN6Serial12_irq_handlerEv
                0x00001f24       0xb4 /Users/tedd/dev/mcuxpresso/r01lib_serial/_r01lib_frdm_mcxa153/Debug/lib_r01lib_frdm_mcxa153.a(Serial.o)
                0x00001f24                Serial::_irq_handler()
 .text.LPUART0_IRQHandler
                0x00001fd8       0x10 /Users/tedd/dev/mcuxpresso/r01lib_serial/_r01lib_frdm_mcxa153/Debug/lib_r01lib_frdm_mcxa153.a(Serial.o)
                0x00001fd8                LPUART0_IRQHandler
 .text.LPUART1_IRQHandler
                0x00001fe8       0x10 /Users/tedd/dev/mcuxpresso/r01lib_serial/_r01lib_frdm_mcxa153/Debug/lib_r01lib_frdm_mcxa153.a(Serial.o)
                0x00001fe8                LPUART1_IRQHandler
 .text.LPUART2_IRQHandler
                0x00001ff8       0x10 /Users/tedd/dev/mcuxpresso/r01lib_serial/_r01lib_frdm_mcxa153/Debug/lib_r01lib_frdm_mcxa153.a(Serial.o)
                0x00001ff8                LPUART2_IRQHandler
 .text._ZN6Serial4putcEi
                0x00002008       0x10 /Users/tedd/dev/mcuxpresso/r01lib_serial/_r01lib_frdm_mcxa153/Debug/lib_r01lib_frdm_mcxa153.a(Serial.o)
                0x00002008                Serial::putc(int)
 .text._ZN6Serial4getcEv
                0x00002018       0x54 /Users/tedd/dev/mcuxpresso/r01lib_serial/_r01lib_frdm_mcxa153/Debug/lib_r01lib_frdm_mcxa153.a(Serial.o)
                0x00002018                Serial::getc()
 .text._ZN6Serial6printfEPKcz
                0x0000206c       0x3c /Users/tedd/dev/mcuxpresso/r01lib_serial/_r01lib_frdm_mcxa153/Debug/lib_r01lib_frdm_mcxa153.a(Serial.o)
                0x0000206c                Serial::printf(char const*, ...)
 .text._ZN6Serial8readableEv
                0x000020a8       0x28 /Users/tedd/dev/mcuxpresso/r01lib_serial/_r01lib_frdm_mcxa153/Debug/lib_r01lib_frdm_mcxa153.a(Serial.o)
                0x000020a8                Serial::readable()
 .text._ZN6SerialC2Eiii
                0x000020d0       0xf8 /Users/tedd/dev/mcuxpresso/r01lib_serial/_r01lib_frdm_mcxa153/Debug/lib_r01lib_frdm_mcxa153.a(Serial.o)
                0x000020d0                Serial::Serial(int, int, int)
                0x000020d0                Serial::Serial(int, int, int)
 .text._ZN12DigitalInOutD2Ev
                0x000021c8       0x14 /Users/tedd/dev/mcuxpresso/r01lib_serial/_r01lib_frdm_mcxa153/Debug/lib_r01lib_frdm_mcxa153.a(io.o)
                0x000021c8                DigitalInOut::~DigitalInOut()
                0x000021c8                DigitalInOut::~DigitalInOut()
 .text._ZN10DigitalOutD2Ev
                0x000021dc       0x14 /Users/tedd/dev/mcuxpresso/r01lib_serial/_r01lib_frdm_mcxa153/Debug/lib_r01lib_frdm_mcxa153.a(io.o)
                0x000021dc                DigitalOut::~DigitalOut()
                0x000021dc                DigitalOut::~DigitalOut()
 .text._ZN12DigitalInOutD0Ev
                0x000021f0       0x1c /Users/tedd/dev/mcuxpresso/r01lib_serial/_r01lib_frdm_mcxa153/Debug/lib_r01lib_frdm_mcxa153.a(io.o)
                0x000021f0                DigitalInOut::~DigitalInOut()
 .text._ZN10DigitalOutD0Ev
                0x0000220c       0x1c /Users/tedd/dev/mcuxpresso/r01lib_serial/_r01lib_frdm_mcxa153/Debug/lib_r01lib_frdm_mcxa153.a(io.o)
                0x0000220c                DigitalOut::~DigitalOut()
 .text._ZN12DigitalInOut7pin_muxEi
                0x00002228       0x18 /Users/tedd/dev/mcuxpresso/r01lib_serial/_r01lib_frdm_mcxa153/Debug/lib_r01lib_frdm_mcxa153.a(io.o)
                0x00002228                DigitalInOut::pin_mux(int)
 .text._ZN12DigitalInOut4modeEi
                0x00002240       0x50 /Users/tedd/dev/mcuxpresso/r01lib_serial/_r01lib_frdm_mcxa153/Debug/lib_r01lib_frdm_mcxa153.a(io.o)
                0x00002240                DigitalInOut::mode(int)
 .text._ZN12DigitalInOutC2Ehbbi
                0x00002290       0xa0 /Users/tedd/dev/mcuxpresso/r01lib_serial/_r01lib_frdm_mcxa153/Debug/lib_r01lib_frdm_mcxa153.a(io.o)
                0x00002290                DigitalInOut::DigitalInOut(unsigned char, bool, bool, int)
                0x00002290                DigitalInOut::DigitalInOut(unsigned char, bool, bool, int)
 .text._ZN12DigitalInOutaSEb
                0x00002330       0x38 /Users/tedd/dev/mcuxpresso/r01lib_serial/_r01lib_frdm_mcxa153/Debug/lib_r01lib_frdm_mcxa153.a(io.o)
                0x00002330                DigitalInOut::operator=(bool)
 .text._ZN12DigitalInOutcvbEv
                0x00002368       0x2c /Users/tedd/dev/mcuxpresso/r01lib_serial/_r01lib_frdm_mcxa153/Debug/lib_r01lib_frdm_mcxa153.a(io.o)
                0x00002368                DigitalInOut::operator bool()
 .text._ZN10DigitalOutC2Ehbi
                0x00002394       0x24 /Users/tedd/dev/mcuxpresso/r01lib_serial/_r01lib_frdm_mcxa153/Debug/lib_r01lib_frdm_mcxa153.a(io.o)
                0x00002394                DigitalOut::DigitalOut(unsigned char, bool, int)
                0x00002394                DigitalOut::DigitalOut(unsigned char, bool, int)
 .text._Z8init_mcuv
                0x000023b8       0xcc /Users/tedd/dev/mcuxpresso/r01lib_serial/_r01lib_frdm_mcxa153/Debug/lib_r01lib_frdm_mcxa153.a(mcu.o)
                0x000023b8                init_mcu()
 .text.startup._Z9start_mcuv
                0x00002484       0x18 /Users/tedd/dev/mcuxpresso/r01lib_serial/_r01lib_frdm_mcxa153/Debug/lib_r01lib_frdm_mcxa153.a(mcu.o)
                0x00002484                start_mcu()
 .text._ZN3ObjD2Ev
                0x0000249c        0x4 /Users/tedd/dev/mcuxpresso/r01lib_serial/_r01lib_frdm_mcxa153/Debug/lib_r01lib_frdm_mcxa153.a(obj.o)
                0x0000249c                Obj::~Obj()
                0x0000249c                Obj::~Obj()
 .text._ZN3ObjD0Ev
                0x000024a0       0x10 /Users/tedd/dev/mcuxpresso/r01lib_serial/_r01lib_frdm_mcxa153/Debug/lib_r01lib_frdm_mcxa153.a(obj.o)
                0x000024a0                Obj::~Obj()
 .text._ZN3ObjC2Eb
                0x000024b0       0x2c /Users/tedd/dev/mcuxpresso/r01lib_serial/_r01lib_frdm_mcxa153/Debug/lib_r01lib_frdm_mcxa153.a(obj.o)
                0x000024b0                Obj::Obj(bool)
                0x000024b0                Obj::Obj(bool)
 .text.CLOCK_SetClockSelect
                0x000024dc       0xa4 /Users/tedd/dev/mcuxpresso/r01lib_serial/_r01lib_frdm_mcxa153/Debug/lib_r01lib_frdm_mcxa153.a(fsl_clock.o)
                0x000024dc                CLOCK_SetClockSelect
 .text.CLOCK_SetClockDiv
                0x00002580       0x88 /Users/tedd/dev/mcuxpresso/r01lib_serial/_r01lib_frdm_mcxa153/Debug/lib_r01lib_frdm_mcxa153.a(fsl_clock.o)
                0x00002580                CLOCK_SetClockDiv
 .text.CLOCK_SetupFROHFClocking
                0x00002608       0xf4 /Users/tedd/dev/mcuxpresso/r01lib_serial/_r01lib_frdm_mcxa153/Debug/lib_r01lib_frdm_mcxa153.a(fsl_clock.o)
                0x00002608                CLOCK_SetupFROHFClocking
 .text.CLOCK_SetupFRO12MClocking
                0x000026fc       0x54 /Users/tedd/dev/mcuxpresso/r01lib_serial/_r01lib_frdm_mcxa153/Debug/lib_r01lib_frdm_mcxa153.a(fsl_clock.o)
                0x000026fc                CLOCK_SetupFRO12MClocking
 .text.CLOCK_GetFro12MFreq
                0x00002750       0x28 /Users/tedd/dev/mcuxpresso/r01lib_serial/_r01lib_frdm_mcxa153/Debug/lib_r01lib_frdm_mcxa153.a(fsl_clock.o)
 .text.CLOCK_GetClk1MFreq
                0x00002778       0x14 /Users/tedd/dev/mcuxpresso/r01lib_serial/_r01lib_frdm_mcxa153/Debug/lib_r01lib_frdm_mcxa153.a(fsl_clock.o)
 .text.CLOCK_GetFroHfFreq
                0x0000278c       0xc0 /Users/tedd/dev/mcuxpresso/r01lib_serial/_r01lib_frdm_mcxa153/Debug/lib_r01lib_frdm_mcxa153.a(fsl_clock.o)
 .text.CLOCK_GetClk16KFreq
                0x0000284c       0x44 /Users/tedd/dev/mcuxpresso/r01lib_serial/_r01lib_frdm_mcxa153/Debug/lib_r01lib_frdm_mcxa153.a(fsl_clock.o)
 .text.CLOCK_GetExtClkFreq
                0x00002890       0x2c /Users/tedd/dev/mcuxpresso/r01lib_serial/_r01lib_frdm_mcxa153/Debug/lib_r01lib_frdm_mcxa153.a(fsl_clock.o)
 .text.CLOCK_GetMainClk
                0x000028bc       0x68 /Users/tedd/dev/mcuxpresso/r01lib_serial/_r01lib_frdm_mcxa153/Debug/lib_r01lib_frdm_mcxa153.a(fsl_clock.o)
                0x000028bc                CLOCK_GetMainClk
 .text.CLOCK_GetCoreSysClkFreq
                0x00002924       0x20 /Users/tedd/dev/mcuxpresso/r01lib_serial/_r01lib_frdm_mcxa153/Debug/lib_r01lib_frdm_mcxa153.a(fsl_clock.o)
                0x00002924                CLOCK_GetCoreSysClkFreq
 .text.CLOCK_GetLpuartClkFreq
                0x00002944       0xe4 /Users/tedd/dev/mcuxpresso/r01lib_serial/_r01lib_frdm_mcxa153/Debug/lib_r01lib_frdm_mcxa153.a(fsl_clock.o)
                0x00002944                CLOCK_GetLpuartClkFreq
 .text.MSDK_EnableCpuCycleCounter
                0x00002a28       0x68 /Users/tedd/dev/mcuxpresso/r01lib_serial/_r01lib_frdm_mcxa153/Debug/lib_r01lib_frdm_mcxa153.a(fsl_common_arm.o)
                0x00002a28                MSDK_EnableCpuCycleCounter
 .text.MSDK_GetCpuCycleCount
                0x00002a90       0x14 /Users/tedd/dev/mcuxpresso/r01lib_serial/_r01lib_frdm_mcxa153/Debug/lib_r01lib_frdm_mcxa153.a(fsl_common_arm.o)
                0x00002a90                MSDK_GetCpuCycleCount
 .text.SDK_DelayAtLeastUs
                0x00002aa4      0x104 /Users/tedd/dev/mcuxpresso/r01lib_serial/_r01lib_frdm_mcxa153/Debug/lib_r01lib_frdm_mcxa153.a(fsl_common_arm.o)
                0x00002aa4                SDK_DelayAtLeastUs
 .text.GPIO_PinInit
                0x00002ba8       0x70 /Users/tedd/dev/mcuxpresso/r01lib_serial/_r01lib_frdm_mcxa153/Debug/lib_r01lib_frdm_mcxa153.a(fsl_gpio.o)
                0x00002ba8                GPIO_PinInit
 .text.CLOCK_EnableClock
                0x00002c18       0x88 /Users/tedd/dev/mcuxpresso/r01lib_serial/_r01lib_frdm_mcxa153/Debug/lib_r01lib_frdm_mcxa153.a(fsl_lpuart.o)
 .text.CLOCK_DisableClock
                0x00002ca0       0x98 /Users/tedd/dev/mcuxpresso/r01lib_serial/_r01lib_frdm_mcxa153/Debug/lib_r01lib_frdm_mcxa153.a(fsl_lpuart.o)
 .text.LPUART_GetInstance
                0x00002d38       0x58 /Users/tedd/dev/mcuxpresso/r01lib_serial/_r01lib_frdm_mcxa153/Debug/lib_r01lib_frdm_mcxa153.a(fsl_lpuart.o)
                0x00002d38                LPUART_GetInstance
 .text.LPUART_Init
                0x00002d90      0x34c /Users/tedd/dev/mcuxpresso/r01lib_serial/_r01lib_frdm_mcxa153/Debug/lib_r01lib_frdm_mcxa153.a(fsl_lpuart.o)
                0x00002d90                LPUART_Init
 .text.LPUART_Deinit
                0x000030dc       0x70 /Users/tedd/dev/mcuxpresso/r01lib_serial/_r01lib_frdm_mcxa153/Debug/lib_r01lib_frdm_mcxa153.a(fsl_lpuart.o)
                0x000030dc                LPUART_Deinit
 .text.LPUART_GetDefaultConfig
                0x0000314c       0x98 /Users/tedd/dev/mcuxpresso/r01lib_serial/_r01lib_frdm_mcxa153/Debug/lib_r01lib_frdm_mcxa153.a(fsl_lpuart.o)
                0x0000314c                LPUART_GetDefaultConfig
 .text.LPUART_EnableInterrupts
                0x000031e4       0xa8 /Users/tedd/dev/mcuxpresso/r01lib_serial/_r01lib_frdm_mcxa153/Debug/lib_r01lib_frdm_mcxa153.a(fsl_lpuart.o)
                0x000031e4                LPUART_EnableInterrupts
 .text.LPUART_DisableInterrupts
                0x0000328c       0xac /Users/tedd/dev/mcuxpresso/r01lib_serial/_r01lib_frdm_mcxa153/Debug/lib_r01lib_frdm_mcxa153.a(fsl_lpuart.o)
                0x0000328c                LPUART_DisableInterrupts
 .text.LPUART_GetStatusFlags
                0x00003338       0x38 /Users/tedd/dev/mcuxpresso/r01lib_serial/_r01lib_frdm_mcxa153/Debug/lib_r01lib_frdm_mcxa153.a(fsl_lpuart.o)
                0x00003338                LPUART_GetStatusFlags
 .text.LPUART_ClearStatusFlags
                0x00003370       0x7c /Users/tedd/dev/mcuxpresso/r01lib_serial/_r01lib_frdm_mcxa153/Debug/lib_r01lib_frdm_mcxa153.a(fsl_lpuart.o)
                0x00003370                LPUART_ClearStatusFlags
 .text.LPUART_ReadBlocking
                0x000033ec      0x170 /Users/tedd/dev/mcuxpresso/r01lib_serial/_r01lib_frdm_mcxa153/Debug/lib_r01lib_frdm_mcxa153.a(fsl_lpuart.o)
                0x000033ec                LPUART_ReadBlocking
 .text.RESET_SetPeripheralReset
                0x0000355c       0xc8 /Users/tedd/dev/mcuxpresso/r01lib_serial/_r01lib_frdm_mcxa153/Debug/lib_r01lib_frdm_mcxa153.a(fsl_reset.o)
                0x0000355c                RESET_SetPeripheralReset
 .text.RESET_ClearPeripheralReset
                0x00003624       0xa8 /Users/tedd/dev/mcuxpresso/r01lib_serial/_r01lib_frdm_mcxa153/Debug/lib_r01lib_frdm_mcxa153.a(fsl_reset.o)
                0x00003624                RESET_ClearPeripheralReset
 .text.CLOCK_EnableClock
                0x000036cc       0x88 /Users/tedd/dev/mcuxpresso/r01lib_serial/_r01lib_frdm_mcxa153/Debug/lib_r01lib_frdm_mcxa153.a(fsl_utick.o)
 .text.UTICK_GetInstance
                0x00003754       0x54 /Users/tedd/dev/mcuxpresso/r01lib_serial/_r01lib_frdm_mcxa153/Debug/lib_r01lib_frdm_mcxa153.a(fsl_utick.o)
 .text.UTICK_Init
                0x000037a8       0x3c /Users/tedd/dev/mcuxpresso/r01lib_serial/_r01lib_frdm_mcxa153/Debug/lib_r01lib_frdm_mcxa153.a(fsl_utick.o)
                0x000037a8                UTICK_Init
 .text.UTICK0_DriverIRQHandler
                0x000037e4       0x24 /Users/tedd/dev/mcuxpresso/r01lib_serial/_r01lib_frdm_mcxa153/Debug/lib_r01lib_frdm_mcxa153.a(fsl_utick.o)
                0x000037e4                UTICK0_DriverIRQHandler
 .text.SystemInit
                0x00003808      0x10c /Users/tedd/dev/mcuxpresso/r01lib_serial/_r01lib_frdm_mcxa153/Debug/lib_r01lib_frdm_mcxa153.a(system_MCXA153.o)
                0x00003808                SystemInit
 .text.BOARD_InitDebugConsole
                0x00003914       0x30 /Users/tedd/dev/mcuxpresso/r01lib_serial/_r01lib_frdm_mcxa153/Debug/lib_r01lib_frdm_mcxa153.a(board.o)
                0x00003914                BOARD_InitDebugConsole
 .text.CLOCK_EnableClock
                0x00003944       0x88 /Users/tedd/dev/mcuxpresso/r01lib_serial/_r01lib_frdm_mcxa153/Debug/lib_r01lib_frdm_mcxa153.a(clock_config.o)
 .text.BOARD_BootClockFRO96M
                0x000039cc      0x16c /Users/tedd/dev/mcuxpresso/r01lib_serial/_r01lib_frdm_mcxa153/Debug/lib_r01lib_frdm_mcxa153.a(clock_config.o)
                0x000039cc                BOARD_BootClockFRO96M
 .text.CLOCK_EnableClock
                0x00003b38       0x88 /Users/tedd/dev/mcuxpresso/r01lib_serial/_r01lib_frdm_mcxa153/Debug/lib_r01lib_frdm_mcxa153.a(pin_mux.o)
 .text.PORT_SetPinConfig
                0x00003bc0       0x48 /Users/tedd/dev/mcuxpresso/r01lib_serial/_r01lib_frdm_mcxa153/Debug/lib_r01lib_frdm_mcxa153.a(pin_mux.o)
 .text.BOARD_InitPins
                0x00003c08      0x4cc /Users/tedd/dev/mcuxpresso/r01lib_serial/_r01lib_frdm_mcxa153/Debug/lib_r01lib_frdm_mcxa153.a(pin_mux.o)
                0x00003c08                BOARD_InitPins
 .text.__assert_func
                0x000040d4       0x30 /Users/tedd/dev/mcuxpresso/r01lib_serial/_r01lib_frdm_mcxa153/Debug/lib_r01lib_frdm_mcxa153.a(fsl_assert.o)
                0x000040d4                __assert_func
 .text.SPC_SetSRAMOperateVoltage
                0x00004104       0x74 /Users/tedd/dev/mcuxpresso/r01lib_serial/_r01lib_frdm_mcxa153/Debug/lib_r01lib_frdm_mcxa153.a(fsl_spc.o)
                0x00004104                SPC_SetSRAMOperateVoltage
 .text.SPC_SetActiveModeCoreLDORegulatorConfig
                0x00004178       0xa4 /Users/tedd/dev/mcuxpresso/r01lib_serial/_r01lib_frdm_mcxa153/Debug/lib_r01lib_frdm_mcxa153.a(fsl_spc.o)
                0x00004178                SPC_SetActiveModeCoreLDORegulatorConfig
 .text          0x0000421c      0x168 /Applications/MCUXpressoIDE_25.6.136/ide/plugins/com.nxp.mcuxpresso.tools.macosx_25.6.0.202501151204/tools/bin/../lib/gcc/arm-none-eabi/14.2.1/thumb/v8-m.main/nofp/libgcc.a(_arm_mulsf3.o)
                0x0000421c                __mulsf3
                0x0000421c                __aeabi_fmul
 .text          0x00004384      0x378 /Applications/MCUXpressoIDE_25.6.136/ide/plugins/com.nxp.mcuxpresso.tools.macosx_25.6.0.202501151204/tools/bin/../lib/gcc/arm-none-eabi/14.2.1/thumb/v8-m.main/nofp/libgcc.a(_arm_addsubdf3.o)
                0x00004384                __aeabi_drsub
                0x0000438c                __subdf3
                0x0000438c                __aeabi_dsub
                0x00004390                __aeabi_dadd
                0x00004390                __adddf3
                0x00004608                __aeabi_ui2d
                0x00004608                __floatunsidf
                0x00004628                __floatsidf
                0x00004628                __aeabi_i2d
                0x0000464c                __extendsfdf2
                0x0000464c                __aeabi_f2d
                0x00004690                __aeabi_ul2d
                0x00004690                __floatundidf
                0x000046a0                __aeabi_l2d
                0x000046a0                __floatdidf
 .text          0x000046fc       0x40 /Applications/MCUXpressoIDE_25.6.136/ide/plugins/com.nxp.mcuxpresso.tools.macosx_25.6.0.202501151204/tools/bin/../lib/gcc/arm-none-eabi/14.2.1/thumb/v8-m.main/nofp/libgcc.a(_arm_fixunsdfsi.o)
                0x000046fc                __fixunsdfsi
                0x000046fc                __aeabi_d2uiz
 .text          0x0000473c      0x21c /Applications/MCUXpressoIDE_25.6.136/ide/plugins/com.nxp.mcuxpresso.tools.macosx_25.6.0.202501151204/tools/bin/../lib/gcc/arm-none-eabi/14.2.1/thumb/v8-m.main/nofp/libgcc.a(_arm_addsubsf3.o)
                0x0000473c                __aeabi_frsub
                0x00004744                __aeabi_fsub
                0x00004744                __subsf3
                0x00004748                __aeabi_fadd
                0x00004748                __addsf3
                0x000048a8                __aeabi_ui2f
                0x000048a8                __floatunsisf
                0x000048b0                __floatsisf
                0x000048b0                __aeabi_i2f
                0x000048cc                __aeabi_ul2f
                0x000048cc                __floatundisf
                0x000048dc                __aeabi_l2f
                0x000048dc                __floatdisf
 .text          0x00004958       0x30 /Applications/MCUXpressoIDE_25.6.136/ide/plugins/com.nxp.mcuxpresso.tools.macosx_25.6.0.202501151204/tools/bin/../lib/gcc/arm-none-eabi/14.2.1/thumb/v8-m.main/nofp/libgcc.a(_aeabi_uldivmod.o)
                0x00004958                __aeabi_uldivmod
 .text.__udivmoddi4
                0x00004988      0x34c /Applications/MCUXpressoIDE_25.6.136/ide/plugins/com.nxp.mcuxpresso.tools.macosx_25.6.0.202501151204/tools/bin/../lib/gcc/arm-none-eabi/14.2.1/thumb/v8-m.main/nofp/libgcc.a(_udivmoddi4.o)
                0x00004988                __udivmoddi4
 .text          0x00004cd4        0x4 /Applications/MCUXpressoIDE_25.6.136/ide/plugins/com.nxp.mcuxpresso.tools.macosx_25.6.0.202501151204/tools/bin/../lib/gcc/arm-none-eabi/14.2.1/thumb/v8-m.main/nofp/libgcc.a(_dvmd_tls.o)
                0x00004cd4                __aeabi_ldiv0
                0x00004cd4                __aeabi_idiv0
 .text._printf_float
                0x00004cd8      0x458 /Applications/MCUXpressoIDE_25.6.136/ide/plugins/com.nxp.mcuxpresso.tools.macosx_25.6.0.202501151204/tools/bin/../lib/gcc/arm-none-eabi/14.2.1/../../../../arm-none-eabi/lib/thumb/v8-m.main/nofp/libc_nano.a(libc_a-nano-vfprintf_float.o)
                0x00004cd8                _printf_float
 .text._printf_i
                0x00005130      0x240 /Applications/MCUXpressoIDE_25.6.136/ide/plugins/com.nxp.mcuxpresso.tools.macosx_25.6.0.202501151204/tools/bin/../lib/gcc/arm-none-eabi/14.2.1/../../../../arm-none-eabi/lib/thumb/v8-m.main/nofp/libc_nano.a(libc_a-nano-vfprintf_i.o)
                0x00005130                _printf_i
 .text._scanf_float
                0x00005370      0x410 /Applications/MCUXpressoIDE_25.6.136/ide/plugins/com.nxp.mcuxpresso.tools.macosx_25.6.0.202501151204/tools/bin/../lib/gcc/arm-none-eabi/14.2.1/../../../../arm-none-eabi/lib/thumb/v8-m.main/nofp/libc_nano.a(libc_a-nano-vfscanf_float.o)
                0x00005370                _scanf_float
 .text.sprintf  0x00005780       0x44 /Applications/MCUXpressoIDE_25.6.136/ide/plugins/com.nxp.mcuxpresso.tools.macosx_25.6.0.202501151204/tools/bin/../lib/gcc/arm-none-eabi/14.2.1/../../../../arm-none-eabi/lib/thumb/v8-m.main/nofp/libc_nano.a(libc_a-sprintf.o)
                0x00005780                sprintf
                0x00005780                siprintf
 .text.vsnprintf
                0x000057c4       0x1c /Applications/MCUXpressoIDE_25.6.136/ide/plugins/com.nxp.mcuxpresso.tools.macosx_25.6.0.202501151204/tools/bin/../lib/gcc/arm-none-eabi/14.2.1/../../../../arm-none-eabi/lib/thumb/v8-m.main/nofp/libc_nano.a(libc_a-vsnprintf.o)
                0x000057c4                vsnprintf
                0x000057c4                vsniprintf
 .text._strtod_r
                0x000057e0        0xc /Applications/MCUXpressoIDE_25.6.136/ide/plugins/com.nxp.mcuxpresso.tools.macosx_25.6.0.202501151204/tools/bin/../lib/gcc/arm-none-eabi/14.2.1/../../../../arm-none-eabi/lib/thumb/v8-m.main/nofp/libc_nano.a(libc_a-strtod.o)
                0x000057e0                _strtod_r
 .text._strtol_l.isra.0
                0x000057ec       0xf4 /Applications/MCUXpressoIDE_25.6.136/ide/plugins/com.nxp.mcuxpresso.tools.macosx_25.6.0.202501151204/tools/bin/../lib/gcc/arm-none-eabi/14.2.1/../../../../arm-none-eabi/lib/thumb/v8-m.main/nofp/libc_nano.a(libc_a-strtol.o)
 .text.printf   0x000058e0       0x24 /Applications/MCUXpressoIDE_25.6.136/ide/plugins/com.nxp.mcuxpresso.tools.macosx_25.6.0.202501151204/tools/bin/../lib/gcc/arm-none-eabi/14.2.1/../../../../arm-none-eabi/lib/thumb/v8-m.main/nofp/libc_nano.a(libc_a-printf.o)
                0x000058e0                printf
                0x000058e0                iprintf
 .text.__errno  0x00005904        0xc /Applications/MCUXpressoIDE_25.6.136/ide/plugins/com.nxp.mcuxpresso.tools.macosx_25.6.0.202501151204/tools/bin/../lib/gcc/arm-none-eabi/14.2.1/../../../../arm-none-eabi/lib/thumb/v8-m.main/nofp/libc_nano.a(libc_a-errno.o)
                0x00005904                __errno
 .text.__libc_init_array
                0x00005910       0x48 /Applications/MCUXpressoIDE_25.6.136/ide/plugins/com.nxp.mcuxpresso.tools.macosx_25.6.0.202501151204/tools/bin/../lib/gcc/arm-none-eabi/14.2.1/../../../../arm-none-eabi/lib/thumb/v8-m.main/nofp/libc_nano.a(libc_a-init.o)
                0x00005910                __libc_init_array
 .text._localeconv_r
                0x00005958        0x8 /Applications/MCUXpressoIDE_25.6.136/ide/plugins/com.nxp.mcuxpresso.tools.macosx_25.6.0.202501151204/tools/bin/../lib/gcc/arm-none-eabi/14.2.1/../../../../arm-none-eabi/lib/thumb/v8-m.main/nofp/libc_nano.a(libc_a-localeconv.o)
                0x00005958                _localeconv_r
 .text.nan      0x00005960        0xc /Applications/MCUXpressoIDE_25.6.136/ide/plugins/com.nxp.mcuxpresso.tools.macosx_25.6.0.202501151204/tools/bin/../lib/gcc/arm-none-eabi/14.2.1/../../../../arm-none-eabi/lib/thumb/v8-m.main/nofp/libc_nano.a(libm_a-s_nan.o)
                0x00005960                nan
 .text.nanf     0x0000596c        0x8 /Applications/MCUXpressoIDE_25.6.136/ide/plugins/com.nxp.mcuxpresso.tools.macosx_25.6.0.202501151204/tools/bin/../lib/gcc/arm-none-eabi/14.2.1/../../../../arm-none-eabi/lib/thumb/v8-m.main/nofp/libc_nano.a(libm_a-sf_nan.o)
                0x0000596c                nanf
 .text.__gethex
                0x00005974      0x41c /Applications/MCUXpressoIDE_25.6.136/ide/plugins/com.nxp.mcuxpresso.tools.macosx_25.6.0.202501151204/tools/bin/../lib/gcc/arm-none-eabi/14.2.1/../../../../arm-none-eabi/lib/thumb/v8-m.main/nofp/libc_nano.a(libc_a-gdtoa-gethex.o)
                0x00005974                __gethex
 .text._svfprintf_r
                0x00005d90      0x1f8 /Applications/MCUXpressoIDE_25.6.136/ide/plugins/com.nxp.mcuxpresso.tools.macosx_25.6.0.202501151204/tools/bin/../lib/gcc/arm-none-eabi/14.2.1/../../../../arm-none-eabi/lib/thumb/v8-m.main/nofp/libc_nano.a(libc_a-nano-svfprintf.o)
                0x00005d90                _svfprintf_r
                0x00005d90                _svfiprintf_r
 .text._vfprintf_r
                0x00005f88      0x230 /Applications/MCUXpressoIDE_25.6.136/ide/plugins/com.nxp.mcuxpresso.tools.macosx_25.6.0.202501151204/tools/bin/../lib/gcc/arm-none-eabi/14.2.1/../../../../arm-none-eabi/lib/thumb/v8-m.main/nofp/libc_nano.a(libc_a-nano-vfprintf.o)
                0x00005f88                _vfiprintf_r
                0x00005f88                _vfprintf_r
 .text.malloc   0x000061b8       0x10 /Applications/MCUXpressoIDE_25.6.136/ide/plugins/com.nxp.mcuxpresso.tools.macosx_25.6.0.202501151204/tools/bin/../lib/gcc/arm-none-eabi/14.2.1/../../../../arm-none-eabi/lib/thumb/v8-m.main/nofp/libc_nano.a(libc_a-malloc.o)
                0x000061b8                malloc
 .text.free     0x000061c8       0x10 /Applications/MCUXpressoIDE_25.6.136/ide/plugins/com.nxp.mcuxpresso.tools.macosx_25.6.0.202501151204/tools/bin/../lib/gcc/arm-none-eabi/14.2.1/../../../../arm-none-eabi/lib/thumb/v8-m.main/nofp/libc_nano.a(libc_a-malloc.o)
                0x000061c8                free
 .text.sbrk_aligned
                0x000061d8       0x44 /Applications/MCUXpressoIDE_25.6.136/ide/plugins/com.nxp.mcuxpresso.tools.macosx_25.6.0.202501151204/tools/bin/../lib/gcc/arm-none-eabi/14.2.1/../../../../arm-none-eabi/lib/thumb/v8-m.main/nofp/libc_nano.a(libc_a-mallocr.o)
 .text._malloc_r
                0x0000621c      0x100 /Applications/MCUXpressoIDE_25.6.136/ide/plugins/com.nxp.mcuxpresso.tools.macosx_25.6.0.202501151204/tools/bin/../lib/gcc/arm-none-eabi/14.2.1/../../../../arm-none-eabi/lib/thumb/v8-m.main/nofp/libc_nano.a(libc_a-mallocr.o)
                0x0000621c                _malloc_r
 .text.__malloc_lock
                0x0000631c        0xc /Applications/MCUXpressoIDE_25.6.136/ide/plugins/com.nxp.mcuxpresso.tools.macosx_25.6.0.202501151204/tools/bin/../lib/gcc/arm-none-eabi/14.2.1/../../../../arm-none-eabi/lib/thumb/v8-m.main/nofp/libc_nano.a(libc_a-mlock.o)
                0x0000631c                __malloc_lock
 .text.__malloc_unlock
                0x00006328        0xc /Applications/MCUXpressoIDE_25.6.136/ide/plugins/com.nxp.mcuxpresso.tools.macosx_25.6.0.202501151204/tools/bin/../lib/gcc/arm-none-eabi/14.2.1/../../../../arm-none-eabi/lib/thumb/v8-m.main/nofp/libc_nano.a(libc_a-mlock.o)
                0x00006328                __malloc_unlock
 .text._Balloc  0x00006334       0x7c /Applications/MCUXpressoIDE_25.6.136/ide/plugins/com.nxp.mcuxpresso.tools.macosx_25.6.0.202501151204/tools/bin/../lib/gcc/arm-none-eabi/14.2.1/../../../../arm-none-eabi/lib/thumb/v8-m.main/nofp/libc_nano.a(libc_a-mprec.o)
                0x00006334                _Balloc
 .text._Bfree   0x000063b0       0x44 /Applications/MCUXpressoIDE_25.6.136/ide/plugins/com.nxp.mcuxpresso.tools.macosx_25.6.0.202501151204/tools/bin/../lib/gcc/arm-none-eabi/14.2.1/../../../../arm-none-eabi/lib/thumb/v8-m.main/nofp/libc_nano.a(libc_a-mprec.o)
                0x000063b0                _Bfree
 .text.__multadd
                0x000063f4       0x90 /Applications/MCUXpressoIDE_25.6.136/ide/plugins/com.nxp.mcuxpresso.tools.macosx_25.6.0.202501151204/tools/bin/../lib/gcc/arm-none-eabi/14.2.1/../../../../arm-none-eabi/lib/thumb/v8-m.main/nofp/libc_nano.a(libc_a-mprec.o)
                0x000063f4                __multadd
 .text.__s2b    0x00006484       0x94 /Applications/MCUXpressoIDE_25.6.136/ide/plugins/com.nxp.mcuxpresso.tools.macosx_25.6.0.202501151204/tools/bin/../lib/gcc/arm-none-eabi/14.2.1/../../../../arm-none-eabi/lib/thumb/v8-m.main/nofp/libc_nano.a(libc_a-mprec.o)
                0x00006484                __s2b
 .text.__i2b    0x00006518       0x2c /Applications/MCUXpressoIDE_25.6.136/ide/plugins/com.nxp.mcuxpresso.tools.macosx_25.6.0.202501151204/tools/bin/../lib/gcc/arm-none-eabi/14.2.1/../../../../arm-none-eabi/lib/thumb/v8-m.main/nofp/libc_nano.a(libc_a-mprec.o)
                0x00006518                __i2b
 .text.__multiply
                0x00006544      0x154 /Applications/MCUXpressoIDE_25.6.136/ide/plugins/com.nxp.mcuxpresso.tools.macosx_25.6.0.202501151204/tools/bin/../lib/gcc/arm-none-eabi/14.2.1/../../../../arm-none-eabi/lib/thumb/v8-m.main/nofp/libc_nano.a(libc_a-mprec.o)
                0x00006544                __multiply
 .text.__pow5mult
                0x00006698       0xb8 /Applications/MCUXpressoIDE_25.6.136/ide/plugins/com.nxp.mcuxpresso.tools.macosx_25.6.0.202501151204/tools/bin/../lib/gcc/arm-none-eabi/14.2.1/../../../../arm-none-eabi/lib/thumb/v8-m.main/nofp/libc_nano.a(libc_a-mprec.o)
                0x00006698                __pow5mult
 .text.__lshift
                0x00006750       0xd8 /Applications/MCUXpressoIDE_25.6.136/ide/plugins/com.nxp.mcuxpresso.tools.macosx_25.6.0.202501151204/tools/bin/../lib/gcc/arm-none-eabi/14.2.1/../../../../arm-none-eabi/lib/thumb/v8-m.main/nofp/libc_nano.a(libc_a-mprec.o)
                0x00006750                __lshift
 .text.__mdiff  0x00006828      0x138 /Applications/MCUXpressoIDE_25.6.136/ide/plugins/com.nxp.mcuxpresso.tools.macosx_25.6.0.202501151204/tools/bin/../lib/gcc/arm-none-eabi/14.2.1/../../../../arm-none-eabi/lib/thumb/v8-m.main/nofp/libc_nano.a(libc_a-mprec.o)
                0x00006828                __mdiff
 .text.__ulp    0x00006960       0x40 /Applications/MCUXpressoIDE_25.6.136/ide/plugins/com.nxp.mcuxpresso.tools.macosx_25.6.0.202501151204/tools/bin/../lib/gcc/arm-none-eabi/14.2.1/../../../../arm-none-eabi/lib/thumb/v8-m.main/nofp/libc_nano.a(libc_a-mprec.o)
                0x00006960                __ulp
 .text.__b2d    0x000069a0       0x94 /Applications/MCUXpressoIDE_25.6.136/ide/plugins/com.nxp.mcuxpresso.tools.macosx_25.6.0.202501151204/tools/bin/../lib/gcc/arm-none-eabi/14.2.1/../../../../arm-none-eabi/lib/thumb/v8-m.main/nofp/libc_nano.a(libc_a-mprec.o)
                0x000069a0                __b2d
 .text.__d2b    0x00006a34       0xb0 /Applications/MCUXpressoIDE_25.6.136/ide/plugins/com.nxp.mcuxpresso.tools.macosx_25.6.0.202501151204/tools/bin/../lib/gcc/arm-none-eabi/14.2.1/../../../../arm-none-eabi/lib/thumb/v8-m.main/nofp/libc_nano.a(libc_a-mprec.o)
                0x00006a34                __d2b
 .text.std      0x00006ae4       0x6c /Applications/MCUXpressoIDE_25.6.136/ide/plugins/com.nxp.mcuxpresso.tools.macosx_25.6.0.202501151204/tools/bin/../lib/gcc/arm-none-eabi/14.2.1/../../../../arm-none-eabi/lib/thumb/v8-m.main/nofp/libc_nano.a(libc_a-findfp.o)
 .text.stdio_exit_handler
                0x00006b50       0x18 /Applications/MCUXpressoIDE_25.6.136/ide/plugins/com.nxp.mcuxpresso.tools.macosx_25.6.0.202501151204/tools/bin/../lib/gcc/arm-none-eabi/14.2.1/../../../../arm-none-eabi/lib/thumb/v8-m.main/nofp/libc_nano.a(libc_a-findfp.o)
 .text.cleanup_stdio
                0x00006b68       0x40 /Applications/MCUXpressoIDE_25.6.136/ide/plugins/com.nxp.mcuxpresso.tools.macosx_25.6.0.202501151204/tools/bin/../lib/gcc/arm-none-eabi/14.2.1/../../../../arm-none-eabi/lib/thumb/v8-m.main/nofp/libc_nano.a(libc_a-findfp.o)
 .text.global_stdio_init.part.0
                0x00006ba8       0x40 /Applications/MCUXpressoIDE_25.6.136/ide/plugins/com.nxp.mcuxpresso.tools.macosx_25.6.0.202501151204/tools/bin/../lib/gcc/arm-none-eabi/14.2.1/../../../../arm-none-eabi/lib/thumb/v8-m.main/nofp/libc_nano.a(libc_a-findfp.o)
 .text.__sfp_lock_acquire
                0x00006be8        0xc /Applications/MCUXpressoIDE_25.6.136/ide/plugins/com.nxp.mcuxpresso.tools.macosx_25.6.0.202501151204/tools/bin/../lib/gcc/arm-none-eabi/14.2.1/../../../../arm-none-eabi/lib/thumb/v8-m.main/nofp/libc_nano.a(libc_a-findfp.o)
                0x00006be8                __sfp_lock_acquire
 .text.__sfp_lock_release
                0x00006bf4        0xc /Applications/MCUXpressoIDE_25.6.136/ide/plugins/com.nxp.mcuxpresso.tools.macosx_25.6.0.202501151204/tools/bin/../lib/gcc/arm-none-eabi/14.2.1/../../../../arm-none-eabi/lib/thumb/v8-m.main/nofp/libc_nano.a(libc_a-findfp.o)
                0x00006bf4                __sfp_lock_release
 .text.__sinit  0x00006c00       0x30 /Applications/MCUXpressoIDE_25.6.136/ide/plugins/com.nxp.mcuxpresso.tools.macosx_25.6.0.202501151204/tools/bin/../lib/gcc/arm-none-eabi/14.2.1/../../../../arm-none-eabi/lib/thumb/v8-m.main/nofp/libc_nano.a(libc_a-findfp.o)
                0x00006c00                __sinit
 .text.__swsetup_r
                0x00006c30       0xa8 /Applications/MCUXpressoIDE_25.6.136/ide/plugins/com.nxp.mcuxpresso.tools.macosx_25.6.0.202501151204/tools/bin/../lib/gcc/arm-none-eabi/14.2.1/../../../../arm-none-eabi/lib/thumb/v8-m.main/nofp/libc_nano.a(libc_a-wsetup.o)
                0x00006c30                __swsetup_r
 .text._isatty_r
                0x00006cd8       0x20 /Applications/MCUXpressoIDE_25.6.136/ide/plugins/com.nxp.mcuxpresso.tools.macosx_25.6.0.202501151204/tools/bin/../lib/gcc/arm-none-eabi/14.2.1/../../../../arm-none-eabi/lib/thumb/v8-m.main/nofp/libc_nano.a(libc_a-isattyr.o)
                0x00006cd8                _isatty_r
 .text._sbrk_r  0x00006cf8       0x20 /Applications/MCUXpressoIDE_25.6.136/ide/plugins/com.nxp.mcuxpresso.tools.macosx_25.6.0.202501151204/tools/bin/../lib/gcc/arm-none-eabi/14.2.1/../../../../arm-none-eabi/lib/thumb/v8-m.main/nofp/libc_nano.a(libc_a-sbrkr.o)
                0x00006cf8                _sbrk_r
 .text._fstat_r
                0x00006d18       0x24 /Applications/MCUXpressoIDE_25.6.136/ide/plugins/com.nxp.mcuxpresso.tools.macosx_25.6.0.202501151204/tools/bin/../lib/gcc/arm-none-eabi/14.2.1/../../../../arm-none-eabi/lib/thumb/v8-m.main/nofp/libc_nano.a(libc_a-fstatr.o)
                0x00006d18                _fstat_r
 .text.__cxa_atexit
                0x00006d3c       0x1c /Applications/MCUXpressoIDE_25.6.136/ide/plugins/com.nxp.mcuxpresso.tools.macosx_25.6.0.202501151204/tools/bin/../lib/gcc/arm-none-eabi/14.2.1/../../../../arm-none-eabi/lib/thumb/v8-m.main/nofp/libc_nano.a(libc_a-cxa_atexit.o)
                0x00006d3c                __cxa_atexit
 .text._free_r  0x00006d58       0x94 /Applications/MCUXpressoIDE_25.6.136/ide/plugins/com.nxp.mcuxpresso.tools.macosx_25.6.0.202501151204/tools/bin/../lib/gcc/arm-none-eabi/14.2.1/../../../../arm-none-eabi/lib/thumb/v8-m.main/nofp/libc_nano.a(libc_a-freer.o)
                0x00006d58                _free_r
 .text.__sflush_r
                0x00006dec       0xf8 /Applications/MCUXpressoIDE_25.6.136/ide/plugins/com.nxp.mcuxpresso.tools.macosx_25.6.0.202501151204/tools/bin/../lib/gcc/arm-none-eabi/14.2.1/../../../../arm-none-eabi/lib/thumb/v8-m.main/nofp/libc_nano.a(libc_a-fflush.o)
                0x00006dec                __sflush_r
 .text._lseek_r
                0x00006ee4       0x24 /Applications/MCUXpressoIDE_25.6.136/ide/plugins/com.nxp.mcuxpresso.tools.macosx_25.6.0.202501151204/tools/bin/../lib/gcc/arm-none-eabi/14.2.1/../../../../arm-none-eabi/lib/thumb/v8-m.main/nofp/libc_nano.a(libc_a-lseekr.o)
                0x00006ee4                _lseek_r
 .text._read_r  0x00006f08       0x24 /Applications/MCUXpressoIDE_25.6.136/ide/plugins/com.nxp.mcuxpresso.tools.macosx_25.6.0.202501151204/tools/bin/../lib/gcc/arm-none-eabi/14.2.1/../../../../arm-none-eabi/lib/thumb/v8-m.main/nofp/libc_nano.a(libc_a-readr.o)
                0x00006f08                _read_r
 .text._write_r
                0x00006f2c       0x24 /Applications/MCUXpressoIDE_25.6.136/ide/plugins/com.nxp.mcuxpresso.tools.macosx_25.6.0.202501151204/tools/bin/../lib/gcc/arm-none-eabi/14.2.1/../../../../arm-none-eabi/lib/thumb/v8-m.main/nofp/libc_nano.a(libc_a-writer.o)
                0x00006f2c                _write_r
 .text._close_r
                0x00006f50       0x20 /Applications/MCUXpressoIDE_25.6.136/ide/plugins/com.nxp.mcuxpresso.tools.macosx_25.6.0.202501151204/tools/bin/../lib/gcc/arm-none-eabi/14.2.1/../../../../arm-none-eabi/lib/thumb/v8-m.main/nofp/libc_nano.a(libc_a-closer.o)
                0x00006f50                _close_r
 .text._sbrk    0x00006f70       0x3c /Applications/MCUXpressoIDE_25.6.136/ide/plugins/com.nxp.mcuxpresso.tools.macosx_25.6.0.202501151204/tools/bin/../lib/gcc/arm-none-eabi/14.2.1/../../../../arm-none-eabi/lib/thumb/v8-m.main/nofp/libcr_newlib_semihost.a(_cr_sbrk.o)
                0x00006f70                _sbrk
 .text.initialise_monitor_handles.part.0
                0x00006fac       0xa4 /Applications/MCUXpressoIDE_25.6.136/ide/plugins/com.nxp.mcuxpresso.tools.macosx_25.6.0.202501151204/tools/bin/../lib/gcc/arm-none-eabi/14.2.1/../../../../arm-none-eabi/lib/thumb/v8-m.main/nofp/libcr_newlib_semihost.a(syscalls.o)
 .text.findslot
                0x00007050       0x30 /Applications/MCUXpressoIDE_25.6.136/ide/plugins/com.nxp.mcuxpresso.tools.macosx_25.6.0.202501151204/tools/bin/../lib/gcc/arm-none-eabi/14.2.1/../../../../arm-none-eabi/lib/thumb/v8-m.main/nofp/libcr_newlib_semihost.a(syscalls.o)
 .text._close   0x00007080       0x4c /Applications/MCUXpressoIDE_25.6.136/ide/plugins/com.nxp.mcuxpresso.tools.macosx_25.6.0.202501151204/tools/bin/../lib/gcc/arm-none-eabi/14.2.1/../../../../arm-none-eabi/lib/thumb/v8-m.main/nofp/libcr_newlib_semihost.a(syscalls.o)
                0x00007080                _close
 .text.__check_heap_overflow
                0x000070cc       0x18 /Applications/MCUXpressoIDE_25.6.136/ide/plugins/com.nxp.mcuxpresso.tools.macosx_25.6.0.202501151204/tools/bin/../lib/gcc/arm-none-eabi/14.2.1/../../../../arm-none-eabi/lib/thumb/v8-m.main/nofp/libcr_newlib_semihost.a(_cr_check_heap.o)
                0x000070cc                __check_heap_overflow
 .text.register_tm_clones
                0x000070e4       0x28 /Applications/MCUXpressoIDE_25.6.136/ide/plugins/com.nxp.mcuxpresso.tools.macosx_25.6.0.202501151204/tools/bin/../lib/gcc/arm-none-eabi/14.2.1/thumb/v8-m.main/nofp/crtbegin.o
 .text.frame_dummy
                0x0000710c       0x24 /Applications/MCUXpressoIDE_25.6.136/ide/plugins/com.nxp.mcuxpresso.tools.macosx_25.6.0.202501151204/tools/bin/../lib/gcc/arm-none-eabi/14.2.1/thumb/v8-m.main/nofp/crtbegin.o
 .text          0x00007130      0x424 /Applications/MCUXpressoIDE_25.6.136/ide/plugins/com.nxp.mcuxpresso.tools.macosx_25.6.0.202501151204/tools/bin/../lib/gcc/arm-none-eabi/14.2.1/thumb/v8-m.main/nofp/libgcc.a(_arm_muldivdf3.o)
                0x00007130                __aeabi_dmul
                0x00007130                __muldf3
                0x00007384                __aeabi_ddiv
                0x00007384                __divdf3
 .text          0x00007554      0x110 /Applications/MCUXpressoIDE_25.6.136/ide/plugins/com.nxp.mcuxpresso.tools.macosx_25.6.0.202501151204/tools/bin/../lib/gcc/arm-none-eabi/14.2.1/thumb/v8-m.main/nofp/libgcc.a(_arm_cmpdf2.o)
                0x00007554                __gedf2
                0x00007554                __gtdf2
                0x0000755c                __ledf2
                0x0000755c                __ltdf2
                0x00007564                __cmpdf2
                0x00007564                __eqdf2
                0x00007564                __nedf2
                0x000075e0                __aeabi_cdrcmple
                0x000075f0                __aeabi_cdcmple
                0x000075f0                __aeabi_cdcmpeq
                0x00007600                __aeabi_dcmpeq
                0x00007614                __aeabi_dcmplt
                0x00007628                __aeabi_dcmple
                0x0000763c                __aeabi_dcmpge
                0x00007650                __aeabi_dcmpgt
 .text          0x00007664       0x2c /Applications/MCUXpressoIDE_25.6.136/ide/plugins/com.nxp.mcuxpresso.tools.macosx_25.6.0.202501151204/tools/bin/../lib/gcc/arm-none-eabi/14.2.1/thumb/v8-m.main/nofp/libgcc.a(_arm_unorddf2.o)
                0x00007664                __aeabi_dcmpun
                0x00007664                __unorddf2
 .text          0x00007690       0x50 /Applications/MCUXpressoIDE_25.6.136/ide/plugins/com.nxp.mcuxpresso.tools.macosx_25.6.0.202501151204/tools/bin/../lib/gcc/arm-none-eabi/14.2.1/thumb/v8-m.main/nofp/libgcc.a(_arm_fixdfsi.o)
                0x00007690                __fixdfsi
                0x00007690                __aeabi_d2iz
 .text          0x000076e0       0xa0 /Applications/MCUXpressoIDE_25.6.136/ide/plugins/com.nxp.mcuxpresso.tools.macosx_25.6.0.202501151204/tools/bin/../lib/gcc/arm-none-eabi/14.2.1/thumb/v8-m.main/nofp/libgcc.a(_arm_truncdfsf2.o)
                0x000076e0                __aeabi_d2f
                0x000076e0                __truncdfsf2
 .text.__fixdfdi
                0x00007780       0x30 /Applications/MCUXpressoIDE_25.6.136/ide/plugins/com.nxp.mcuxpresso.tools.macosx_25.6.0.202501151204/tools/bin/../lib/gcc/arm-none-eabi/14.2.1/thumb/v8-m.main/nofp/libgcc.a(_fixdfdi.o)
                0x00007780                __aeabi_d2lz
                0x00007780                __fixdfdi
 .text.__fixunsdfdi
                0x000077b0       0x3c /Applications/MCUXpressoIDE_25.6.136/ide/plugins/com.nxp.mcuxpresso.tools.macosx_25.6.0.202501151204/tools/bin/../lib/gcc/arm-none-eabi/14.2.1/thumb/v8-m.main/nofp/libgcc.a(_fixunsdfdi.o)
                0x000077b0                __aeabi_d2ulz
                0x000077b0                __fixunsdfdi
 .text.GPIO0_IRQHandler
                0x000077ec        0xe ./_r01lib_irq/irq.o
                0x000077ec                GPIO0_IRQHandler
 .text.GPIO1_IRQHandler
                0x000077fa        0xe ./_r01lib_irq/irq.o
                0x000077fa                GPIO1_IRQHandler
 .text.GPIO2_IRQHandler
                0x00007808        0xe ./_r01lib_irq/irq.o
                0x00007808                GPIO2_IRQHandler
 .text.GPIO3_IRQHandler
                0x00007816        0xe ./_r01lib_irq/irq.o
                0x00007816                GPIO3_IRQHandler
 .text.CLOCK_IsDivHalt
                0x00007824       0x22 /Users/tedd/dev/mcuxpresso/r01lib_serial/_r01lib_frdm_mcxa153/Debug/lib_r01lib_frdm_mcxa153.a(fsl_clock.o)
 .text.CLOCK_AttachClk
                0x00007846       0x30 /Users/tedd/dev/mcuxpresso/r01lib_serial/_r01lib_frdm_mcxa153/Debug/lib_r01lib_frdm_mcxa153.a(fsl_clock.o)
                0x00007846                CLOCK_AttachClk
 .text.GPIO_PinWrite
                0x00007876       0x34 /Users/tedd/dev/mcuxpresso/r01lib_serial/_r01lib_frdm_mcxa153/Debug/lib_r01lib_frdm_mcxa153.a(fsl_gpio.o)
 .text.GPIO_GpioGetInterruptFlags
                0x000078aa       0x18 /Users/tedd/dev/mcuxpresso/r01lib_serial/_r01lib_frdm_mcxa153/Debug/lib_r01lib_frdm_mcxa153.a(fsl_gpio.o)
                0x000078aa                GPIO_GpioGetInterruptFlags
 .text.GPIO_GpioClearInterruptFlags
                0x000078c2       0x1c /Users/tedd/dev/mcuxpresso/r01lib_serial/_r01lib_frdm_mcxa153/Debug/lib_r01lib_frdm_mcxa153.a(fsl_gpio.o)
                0x000078c2                GPIO_GpioClearInterruptFlags
 .text.RESET_ReleasePeripheralReset
                0x000078de       0x1a /Users/tedd/dev/mcuxpresso/r01lib_serial/_r01lib_frdm_mcxa153/Debug/lib_r01lib_frdm_mcxa153.a(fsl_lpuart.o)
 .text.DisableGlobalIRQ
                0x000078f8       0x20 /Users/tedd/dev/mcuxpresso/r01lib_serial/_r01lib_frdm_mcxa153/Debug/lib_r01lib_frdm_mcxa153.a(fsl_lpuart.o)
 .text.EnableGlobalIRQ
                0x00007918       0x1e /Users/tedd/dev/mcuxpresso/r01lib_serial/_r01lib_frdm_mcxa153/Debug/lib_r01lib_frdm_mcxa153.a(fsl_lpuart.o)
 .text.LPUART_SoftwareReset
                0x00007936       0x2a /Users/tedd/dev/mcuxpresso/r01lib_serial/_r01lib_frdm_mcxa153/Debug/lib_r01lib_frdm_mcxa153.a(fsl_lpuart.o)
 .text.RESET_PeripheralReset
                0x00007960       0x22 /Users/tedd/dev/mcuxpresso/r01lib_serial/_r01lib_frdm_mcxa153/Debug/lib_r01lib_frdm_mcxa153.a(fsl_reset.o)
                0x00007960                RESET_PeripheralReset
 .text.UTICK_ClearStatusFlags
                0x00007982       0x18 /Users/tedd/dev/mcuxpresso/r01lib_serial/_r01lib_frdm_mcxa153/Debug/lib_r01lib_frdm_mcxa153.a(fsl_utick.o)
                0x00007982                UTICK_ClearStatusFlags
 .text.UTICK_HandleIRQ
                0x0000799a       0x22 /Users/tedd/dev/mcuxpresso/r01lib_serial/_r01lib_frdm_mcxa153/Debug/lib_r01lib_frdm_mcxa153.a(fsl_utick.o)
                0x0000799a                UTICK_HandleIRQ
 .text.SystemInitHook
                0x000079bc        0xc /Users/tedd/dev/mcuxpresso/r01lib_serial/_r01lib_frdm_mcxa153/Debug/lib_r01lib_frdm_mcxa153.a(system_MCXA153.o)
                0x000079bc                SystemInitHook
 .text.DbgConsole_Init
                0x000079c8       0x1e /Users/tedd/dev/mcuxpresso/r01lib_serial/_r01lib_frdm_mcxa153/Debug/lib_r01lib_frdm_mcxa153.a(board.o)
 .text.RESET_ReleasePeripheralReset
                0x000079e6       0x1a /Users/tedd/dev/mcuxpresso/r01lib_serial/_r01lib_frdm_mcxa153/Debug/lib_r01lib_frdm_mcxa153.a(clock_config.o)
 .text.BOARD_InitBootClocks
                0x00007a00        0xc /Users/tedd/dev/mcuxpresso/r01lib_serial/_r01lib_frdm_mcxa153/Debug/lib_r01lib_frdm_mcxa153.a(clock_config.o)
                0x00007a00                BOARD_InitBootClocks
 .text.RESET_ReleasePeripheralReset
                0x00007a0c       0x1a /Users/tedd/dev/mcuxpresso/r01lib_serial/_r01lib_frdm_mcxa153/Debug/lib_r01lib_frdm_mcxa153.a(pin_mux.o)
 .text.PORT_SetPinMux
                0x00007a26       0x3c /Users/tedd/dev/mcuxpresso/r01lib_serial/_r01lib_frdm_mcxa153/Debug/lib_r01lib_frdm_mcxa153.a(pin_mux.o)
 .text.fsl_assert_hook
                0x00007a62       0x18 /Users/tedd/dev/mcuxpresso/r01lib_serial/_r01lib_frdm_mcxa153/Debug/lib_r01lib_frdm_mcxa153.a(fsl_assert.o)
                0x00007a62                fsl_assert_hook
 .text.SPC_GetActiveModeBandgapMode
                0x00007a7a       0x20 /Users/tedd/dev/mcuxpresso/r01lib_serial/_r01lib_frdm_mcxa153/Debug/lib_r01lib_frdm_mcxa153.a(fsl_spc.o)
 .text.SPC_GetActiveModeVoltageDetectStatus
                0x00007a9a       0x20 /Users/tedd/dev/mcuxpresso/r01lib_serial/_r01lib_frdm_mcxa153/Debug/lib_r01lib_frdm_mcxa153.a(fsl_spc.o)
 .text.SPC_GetActiveModeCoreLDOVDDVoltageLevel
                0x00007aba       0x20 /Users/tedd/dev/mcuxpresso/r01lib_serial/_r01lib_frdm_mcxa153/Debug/lib_r01lib_frdm_mcxa153.a(fsl_spc.o)
 .text.SPC_GetActiveModeCoreLDODriveStrength
                0x00007ada       0x20 /Users/tedd/dev/mcuxpresso/r01lib_serial/_r01lib_frdm_mcxa153/Debug/lib_r01lib_frdm_mcxa153.a(fsl_spc.o)
 .text.SPC_SetActiveModeCoreLDORegulatorVoltageLevel
                0x00007afa       0x60 /Users/tedd/dev/mcuxpresso/r01lib_serial/_r01lib_frdm_mcxa153/Debug/lib_r01lib_frdm_mcxa153.a(fsl_spc.o)
                0x00007afa                SPC_SetActiveModeCoreLDORegulatorVoltageLevel
 .text.SPC_SetActiveModeCoreLDORegulatorDriveStrength
                0x00007b5a       0x5e /Users/tedd/dev/mcuxpresso/r01lib_serial/_r01lib_frdm_mcxa153/Debug/lib_r01lib_frdm_mcxa153.a(fsl_spc.o)
                0x00007b5a                SPC_SetActiveModeCoreLDORegulatorDriveStrength
 .text.__cvt    0x00007bb8       0xca /Applications/MCUXpressoIDE_25.6.136/ide/plugins/com.nxp.mcuxpresso.tools.macosx_25.6.0.202501151204/tools/bin/../lib/gcc/arm-none-eabi/14.2.1/../../../../arm-none-eabi/lib/thumb/v8-m.main/nofp/libc_nano.a(libc_a-nano-vfprintf_float.o)
                0x00007bb8                __cvt
 .text.__exponent
                0x00007c82       0x72 /Applications/MCUXpressoIDE_25.6.136/ide/plugins/com.nxp.mcuxpresso.tools.macosx_25.6.0.202501151204/tools/bin/../lib/gcc/arm-none-eabi/14.2.1/../../../../arm-none-eabi/lib/thumb/v8-m.main/nofp/libc_nano.a(libc_a-nano-vfprintf_float.o)
                0x00007c82                __exponent
 .text._printf_common
                0x00007cf4       0xe4 /Applications/MCUXpressoIDE_25.6.136/ide/plugins/com.nxp.mcuxpresso.tools.macosx_25.6.0.202501151204/tools/bin/../lib/gcc/arm-none-eabi/14.2.1/../../../../arm-none-eabi/lib/thumb/v8-m.main/nofp/libc_nano.a(libc_a-nano-vfprintf_i.o)
                0x00007cf4                _printf_common
 .text._vsnprintf_r
                0x00007dd8       0x5c /Applications/MCUXpressoIDE_25.6.136/ide/plugins/com.nxp.mcuxpresso.tools.macosx_25.6.0.202501151204/tools/bin/../lib/gcc/arm-none-eabi/14.2.1/../../../../arm-none-eabi/lib/thumb/v8-m.main/nofp/libc_nano.a(libc_a-vsnprintf.o)
                0x00007dd8                _vsnprintf_r
                0x00007dd8                _vsniprintf_r
 .text.sulp     0x00007e34       0x42 /Applications/MCUXpressoIDE_25.6.136/ide/plugins/com.nxp.mcuxpresso.tools.macosx_25.6.0.202501151204/tools/bin/../lib/gcc/arm-none-eabi/14.2.1/../../../../arm-none-eabi/lib/thumb/v8-m.main/nofp/libc_nano.a(libc_a-strtod.o)
 .text._strtol_r
                0x00007e76        0x4 /Applications/MCUXpressoIDE_25.6.136/ide/plugins/com.nxp.mcuxpresso.tools.macosx_25.6.0.202501151204/tools/bin/../lib/gcc/arm-none-eabi/14.2.1/../../../../arm-none-eabi/lib/thumb/v8-m.main/nofp/libc_nano.a(libc_a-strtol.o)
                0x00007e76                _strtol_r
 .text.memset   0x00007e7a       0x10 /Applications/MCUXpressoIDE_25.6.136/ide/plugins/com.nxp.mcuxpresso.tools.macosx_25.6.0.202501151204/tools/bin/../lib/gcc/arm-none-eabi/14.2.1/../../../../arm-none-eabi/lib/thumb/v8-m.main/nofp/libc_nano.a(libc_a-memset.o)
                0x00007e7a                memset
 .text.strncmp  0x00007e8a       0x24 /Applications/MCUXpressoIDE_25.6.136/ide/plugins/com.nxp.mcuxpresso.tools.macosx_25.6.0.202501151204/tools/bin/../lib/gcc/arm-none-eabi/14.2.1/../../../../arm-none-eabi/lib/thumb/v8-m.main/nofp/libc_nano.a(libc_a-strncmp.o)
                0x00007e8a                strncmp
 .text.__aeabi_atexit
                0x00007eae        0xa /Applications/MCUXpressoIDE_25.6.136/ide/plugins/com.nxp.mcuxpresso.tools.macosx_25.6.0.202501151204/tools/bin/../lib/gcc/arm-none-eabi/14.2.1/../../../../arm-none-eabi/lib/thumb/v8-m.main/nofp/libc_nano.a(libc_a-aeabi_atexit.o)
                0x00007eae                __aeabi_atexit
 .text.memchr   0x00007eb8       0x1c /Applications/MCUXpressoIDE_25.6.136/ide/plugins/com.nxp.mcuxpresso.tools.macosx_25.6.0.202501151204/tools/bin/../lib/gcc/arm-none-eabi/14.2.1/../../../../arm-none-eabi/lib/thumb/v8-m.main/nofp/libc_nano.a(libc_a-memchr-stub.o)
                0x00007eb8                memchr
 .text.memcpy   0x00007ed4       0x1a /Applications/MCUXpressoIDE_25.6.136/ide/plugins/com.nxp.mcuxpresso.tools.macosx_25.6.0.202501151204/tools/bin/../lib/gcc/arm-none-eabi/14.2.1/../../../../arm-none-eabi/lib/thumb/v8-m.main/nofp/libc_nano.a(libc_a-memcpy-stub.o)
                0x00007ed4                memcpy
 .text          0x00007eee       0x10 /Applications/MCUXpressoIDE_25.6.136/ide/plugins/com.nxp.mcuxpresso.tools.macosx_25.6.0.202501151204/tools/bin/../lib/gcc/arm-none-eabi/14.2.1/../../../../arm-none-eabi/lib/thumb/v8-m.main/nofp/libc_nano.a(libc_a-strlen.o)
                0x00007eee                strlen
 .text.quorem   0x00007efe      0x11a /Applications/MCUXpressoIDE_25.6.136/ide/plugins/com.nxp.mcuxpresso.tools.macosx_25.6.0.202501151204/tools/bin/../lib/gcc/arm-none-eabi/14.2.1/../../../../arm-none-eabi/lib/thumb/v8-m.main/nofp/libc_nano.a(libc_a-dtoa.o)
 .text.rshift   0x00008018       0xa2 /Applications/MCUXpressoIDE_25.6.136/ide/plugins/com.nxp.mcuxpresso.tools.macosx_25.6.0.202501151204/tools/bin/../lib/gcc/arm-none-eabi/14.2.1/../../../../arm-none-eabi/lib/thumb/v8-m.main/nofp/libc_nano.a(libc_a-gdtoa-gethex.o)
 .text.__hexdig_fun
                0x000080ba       0x2a /Applications/MCUXpressoIDE_25.6.136/ide/plugins/com.nxp.mcuxpresso.tools.macosx_25.6.0.202501151204/tools/bin/../lib/gcc/arm-none-eabi/14.2.1/../../../../arm-none-eabi/lib/thumb/v8-m.main/nofp/libc_nano.a(libc_a-gdtoa-gethex.o)
                0x000080ba                __hexdig_fun
 .text.L_shift  0x000080e4       0x24 /Applications/MCUXpressoIDE_25.6.136/ide/plugins/com.nxp.mcuxpresso.tools.macosx_25.6.0.202501151204/tools/bin/../lib/gcc/arm-none-eabi/14.2.1/../../../../arm-none-eabi/lib/thumb/v8-m.main/nofp/libc_nano.a(libc_a-gdtoa-hexnan.o)
 .text.__match  0x00008108       0x28 /Applications/MCUXpressoIDE_25.6.136/ide/plugins/com.nxp.mcuxpresso.tools.macosx_25.6.0.202501151204/tools/bin/../lib/gcc/arm-none-eabi/14.2.1/../../../../arm-none-eabi/lib/thumb/v8-m.main/nofp/libc_nano.a(libc_a-gdtoa-hexnan.o)
                0x00008108                __match
 .text.__hexnan
                0x00008130      0x13a /Applications/MCUXpressoIDE_25.6.136/ide/plugins/com.nxp.mcuxpresso.tools.macosx_25.6.0.202501151204/tools/bin/../lib/gcc/arm-none-eabi/14.2.1/../../../../arm-none-eabi/lib/thumb/v8-m.main/nofp/libc_nano.a(libc_a-gdtoa-hexnan.o)
                0x00008130                __hexnan
 .text.__ssputs_r
                0x0000826a       0xc0 /Applications/MCUXpressoIDE_25.6.136/ide/plugins/com.nxp.mcuxpresso.tools.macosx_25.6.0.202501151204/tools/bin/../lib/gcc/arm-none-eabi/14.2.1/../../../../arm-none-eabi/lib/thumb/v8-m.main/nofp/libc_nano.a(libc_a-nano-svfprintf.o)
                0x0000826a                __ssputs_r
 .text.__sfputc_r
                0x0000832a       0x2a /Applications/MCUXpressoIDE_25.6.136/ide/plugins/com.nxp.mcuxpresso.tools.macosx_25.6.0.202501151204/tools/bin/../lib/gcc/arm-none-eabi/14.2.1/../../../../arm-none-eabi/lib/thumb/v8-m.main/nofp/libc_nano.a(libc_a-nano-vfprintf.o)
 .text.__sfputs_r
                0x00008354       0x24 /Applications/MCUXpressoIDE_25.6.136/ide/plugins/com.nxp.mcuxpresso.tools.macosx_25.6.0.202501151204/tools/bin/../lib/gcc/arm-none-eabi/14.2.1/../../../../arm-none-eabi/lib/thumb/v8-m.main/nofp/libc_nano.a(libc_a-nano-vfprintf.o)
                0x00008354                __sfputs_r
 .text.__ascii_mbtowc
                0x00008378       0x24 /Applications/MCUXpressoIDE_25.6.136/ide/plugins/com.nxp.mcuxpresso.tools.macosx_25.6.0.202501151204/tools/bin/../lib/gcc/arm-none-eabi/14.2.1/../../../../arm-none-eabi/lib/thumb/v8-m.main/nofp/libc_nano.a(libc_a-mbtowc_r.o)
                0x00008378                __ascii_mbtowc
 .text.__hi0bits
                0x0000839c       0x3e /Applications/MCUXpressoIDE_25.6.136/ide/plugins/com.nxp.mcuxpresso.tools.macosx_25.6.0.202501151204/tools/bin/../lib/gcc/arm-none-eabi/14.2.1/../../../../arm-none-eabi/lib/thumb/v8-m.main/nofp/libc_nano.a(libc_a-mprec.o)
                0x0000839c                __hi0bits
 .text.__lo0bits
                0x000083da       0x5a /Applications/MCUXpressoIDE_25.6.136/ide/plugins/com.nxp.mcuxpresso.tools.macosx_25.6.0.202501151204/tools/bin/../lib/gcc/arm-none-eabi/14.2.1/../../../../arm-none-eabi/lib/thumb/v8-m.main/nofp/libc_nano.a(libc_a-mprec.o)
                0x000083da                __lo0bits
 .text.__mcmp   0x00008434       0x36 /Applications/MCUXpressoIDE_25.6.136/ide/plugins/com.nxp.mcuxpresso.tools.macosx_25.6.0.202501151204/tools/bin/../lib/gcc/arm-none-eabi/14.2.1/../../../../arm-none-eabi/lib/thumb/v8-m.main/nofp/libc_nano.a(libc_a-mprec.o)
                0x00008434                __mcmp
 .text.__ratio  0x0000846a       0x60 /Applications/MCUXpressoIDE_25.6.136/ide/plugins/com.nxp.mcuxpresso.tools.macosx_25.6.0.202501151204/tools/bin/../lib/gcc/arm-none-eabi/14.2.1/../../../../arm-none-eabi/lib/thumb/v8-m.main/nofp/libc_nano.a(libc_a-mprec.o)
                0x0000846a                __ratio
 .text.__copybits
                0x000084ca       0x46 /Applications/MCUXpressoIDE_25.6.136/ide/plugins/com.nxp.mcuxpresso.tools.macosx_25.6.0.202501151204/tools/bin/../lib/gcc/arm-none-eabi/14.2.1/../../../../arm-none-eabi/lib/thumb/v8-m.main/nofp/libc_nano.a(libc_a-mprec.o)
                0x000084ca                __copybits
 .text.__any_on
                0x00008510       0x42 /Applications/MCUXpressoIDE_25.6.136/ide/plugins/com.nxp.mcuxpresso.tools.macosx_25.6.0.202501151204/tools/bin/../lib/gcc/arm-none-eabi/14.2.1/../../../../arm-none-eabi/lib/thumb/v8-m.main/nofp/libc_nano.a(libc_a-mprec.o)
                0x00008510                __any_on
 .text._realloc_r
                0x00008552       0x5c /Applications/MCUXpressoIDE_25.6.136/ide/plugins/com.nxp.mcuxpresso.tools.macosx_25.6.0.202501151204/tools/bin/../lib/gcc/arm-none-eabi/14.2.1/../../../../arm-none-eabi/lib/thumb/v8-m.main/nofp/libc_nano.a(libc_a-reallocr.o)
                0x00008552                _realloc_r
 .text.__swbuf_r
                0x000085ae       0x7c /Applications/MCUXpressoIDE_25.6.136/ide/plugins/com.nxp.mcuxpresso.tools.macosx_25.6.0.202501151204/tools/bin/../lib/gcc/arm-none-eabi/14.2.1/../../../../arm-none-eabi/lib/thumb/v8-m.main/nofp/libc_nano.a(libc_a-wbuf.o)
                0x000085ae                __swbuf_r
 .text._fwalk_sglue
                0x0000862a       0x3c /Applications/MCUXpressoIDE_25.6.136/ide/plugins/com.nxp.mcuxpresso.tools.macosx_25.6.0.202501151204/tools/bin/../lib/gcc/arm-none-eabi/14.2.1/../../../../arm-none-eabi/lib/thumb/v8-m.main/nofp/libc_nano.a(libc_a-fwalk.o)
                0x0000862a                _fwalk_sglue
 .text.__ascii_wctomb
                0x00008666       0x1a /Applications/MCUXpressoIDE_25.6.136/ide/plugins/com.nxp.mcuxpresso.tools.macosx_25.6.0.202501151204/tools/bin/../lib/gcc/arm-none-eabi/14.2.1/../../../../arm-none-eabi/lib/thumb/v8-m.main/nofp/libc_nano.a(libc_a-wctomb_r.o)
                0x00008666                __ascii_wctomb
 .text.__swhatbuf_r
                0x00008680       0x48 /Applications/MCUXpressoIDE_25.6.136/ide/plugins/com.nxp.mcuxpresso.tools.macosx_25.6.0.202501151204/tools/bin/../lib/gcc/arm-none-eabi/14.2.1/../../../../arm-none-eabi/lib/thumb/v8-m.main/nofp/libc_nano.a(libc_a-makebuf.o)
                0x00008680                __swhatbuf_r
 .text.__smakebuf_r
                0x000086c8       0x72 /Applications/MCUXpressoIDE_25.6.136/ide/plugins/com.nxp.mcuxpresso.tools.macosx_25.6.0.202501151204/tools/bin/../lib/gcc/arm-none-eabi/14.2.1/../../../../arm-none-eabi/lib/thumb/v8-m.main/nofp/libc_nano.a(libc_a-makebuf.o)
                0x000086c8                __smakebuf_r
 .text.memmove  0x0000873a       0x32 /Applications/MCUXpressoIDE_25.6.136/ide/plugins/com.nxp.mcuxpresso.tools.macosx_25.6.0.202501151204/tools/bin/../lib/gcc/arm-none-eabi/14.2.1/../../../../arm-none-eabi/lib/thumb/v8-m.main/nofp/libc_nano.a(libc_a-memmove.o)
                0x0000873a                memmove
 .text.__retarget_lock_init_recursive
                0x0000876c        0x2 /Applications/MCUXpressoIDE_25.6.136/ide/plugins/com.nxp.mcuxpresso.tools.macosx_25.6.0.202501151204/tools/bin/../lib/gcc/arm-none-eabi/14.2.1/../../../../arm-none-eabi/lib/thumb/v8-m.main/nofp/libc_nano.a(libc_a-lock.o)
                0x0000876c                __retarget_lock_init_recursive
 .text.__retarget_lock_acquire_recursive
                0x0000876e        0x2 /Applications/MCUXpressoIDE_25.6.136/ide/plugins/com.nxp.mcuxpresso.tools.macosx_25.6.0.202501151204/tools/bin/../lib/gcc/arm-none-eabi/14.2.1/../../../../arm-none-eabi/lib/thumb/v8-m.main/nofp/libc_nano.a(libc_a-lock.o)
                0x0000876e                __retarget_lock_acquire_recursive
 .text.__retarget_lock_release_recursive
                0x00008770        0x2 /Applications/MCUXpressoIDE_25.6.136/ide/plugins/com.nxp.mcuxpresso.tools.macosx_25.6.0.202501151204/tools/bin/../lib/gcc/arm-none-eabi/14.2.1/../../../../arm-none-eabi/lib/thumb/v8-m.main/nofp/libc_nano.a(libc_a-lock.o)
                0x00008770                __retarget_lock_release_recursive
 .text._calloc_r
                0x00008772       0x28 /Applications/MCUXpressoIDE_25.6.136/ide/plugins/com.nxp.mcuxpresso.tools.macosx_25.6.0.202501151204/tools/bin/../lib/gcc/arm-none-eabi/14.2.1/../../../../arm-none-eabi/lib/thumb/v8-m.main/nofp/libc_nano.a(libc_a-callocr.o)
                0x00008772                _calloc_r
 .text._fflush_r
                0x0000879a       0x50 /Applications/MCUXpressoIDE_25.6.136/ide/plugins/com.nxp.mcuxpresso.tools.macosx_25.6.0.202501151204/tools/bin/../lib/gcc/arm-none-eabi/14.2.1/../../../../arm-none-eabi/lib/thumb/v8-m.main/nofp/libc_nano.a(libc_a-fflush.o)
                0x0000879a                _fflush_r
 .text._malloc_usable_size_r
                0x000087ea       0x10 /Applications/MCUXpressoIDE_25.6.136/ide/plugins/com.nxp.mcuxpresso.tools.macosx_25.6.0.202501151204/tools/bin/../lib/gcc/arm-none-eabi/14.2.1/../../../../arm-none-eabi/lib/thumb/v8-m.main/nofp/libc_nano.a(libc_a-msizer.o)
                0x000087ea                _malloc_usable_size_r
 .text.__sread  0x000087fa       0x22 /Applications/MCUXpressoIDE_25.6.136/ide/plugins/com.nxp.mcuxpresso.tools.macosx_25.6.0.202501151204/tools/bin/../lib/gcc/arm-none-eabi/14.2.1/../../../../arm-none-eabi/lib/thumb/v8-m.main/nofp/libc_nano.a(libc_a-stdio.o)
                0x000087fa                __sread
 .text.__swrite
                0x0000881c       0x38 /Applications/MCUXpressoIDE_25.6.136/ide/plugins/com.nxp.mcuxpresso.tools.macosx_25.6.0.202501151204/tools/bin/../lib/gcc/arm-none-eabi/14.2.1/../../../../arm-none-eabi/lib/thumb/v8-m.main/nofp/libc_nano.a(libc_a-stdio.o)
                0x0000881c                __swrite
 .text.__sseek  0x00008854       0x26 /Applications/MCUXpressoIDE_25.6.136/ide/plugins/com.nxp.mcuxpresso.tools.macosx_25.6.0.202501151204/tools/bin/../lib/gcc/arm-none-eabi/14.2.1/../../../../arm-none-eabi/lib/thumb/v8-m.main/nofp/libc_nano.a(libc_a-stdio.o)
                0x00008854                __sseek
 .text.__sclose
                0x0000887a        0x8 /Applications/MCUXpressoIDE_25.6.136/ide/plugins/com.nxp.mcuxpresso.tools.macosx_25.6.0.202501151204/tools/bin/../lib/gcc/arm-none-eabi/14.2.1/../../../../arm-none-eabi/lib/thumb/v8-m.main/nofp/libc_nano.a(libc_a-stdio.o)
                0x0000887a                __sclose
 .text._ZdlPvj  0x00008882        0x4 /Applications/MCUXpressoIDE_25.6.136/ide/plugins/com.nxp.mcuxpresso.tools.macosx_25.6.0.202501151204/tools/bin/../lib/gcc/arm-none-eabi/14.2.1/../../../../arm-none-eabi/lib/thumb/v8-m.main/nofp/libstdc++_nano.a(del_ops.o)
                0x00008882                operator delete(void*, unsigned int)
 .text._ZdlPv   0x00008886        0x4 /Applications/MCUXpressoIDE_25.6.136/ide/plugins/com.nxp.mcuxpresso.tools.macosx_25.6.0.202501151204/tools/bin/../lib/gcc/arm-none-eabi/14.2.1/../../../../arm-none-eabi/lib/thumb/v8-m.main/nofp/libstdc++_nano.a(del_op.o)
                0x00008886                operator delete(void*)
 .text.error    0x0000888a       0x1c /Applications/MCUXpressoIDE_25.6.136/ide/plugins/com.nxp.mcuxpresso.tools.macosx_25.6.0.202501151204/tools/bin/../lib/gcc/arm-none-eabi/14.2.1/../../../../arm-none-eabi/lib/thumb/v8-m.main/nofp/libcr_newlib_semihost.a(syscalls.o)
 .text.checkerror
                0x000088a6        0xa /Applications/MCUXpressoIDE_25.6.136/ide/plugins/com.nxp.mcuxpresso.tools.macosx_25.6.0.202501151204/tools/bin/../lib/gcc/arm-none-eabi/14.2.1/../../../../arm-none-eabi/lib/thumb/v8-m.main/nofp/libcr_newlib_semihost.a(syscalls.o)
 .text._swiread
                0x000088b0       0x20 /Applications/MCUXpressoIDE_25.6.136/ide/plugins/com.nxp.mcuxpresso.tools.macosx_25.6.0.202501151204/tools/bin/../lib/gcc/arm-none-eabi/14.2.1/../../../../arm-none-eabi/lib/thumb/v8-m.main/nofp/libcr_newlib_semihost.a(syscalls.o)
                0x000088b0                _swiread
 .text._read    0x000088d0       0x34 /Applications/MCUXpressoIDE_25.6.136/ide/plugins/com.nxp.mcuxpresso.tools.macosx_25.6.0.202501151204/tools/bin/../lib/gcc/arm-none-eabi/14.2.1/../../../../arm-none-eabi/lib/thumb/v8-m.main/nofp/libcr_newlib_semihost.a(syscalls.o)
                0x000088d0                _read
 .text._swilseek
                0x00008904       0x78 /Applications/MCUXpressoIDE_25.6.136/ide/plugins/com.nxp.mcuxpresso.tools.macosx_25.6.0.202501151204/tools/bin/../lib/gcc/arm-none-eabi/14.2.1/../../../../arm-none-eabi/lib/thumb/v8-m.main/nofp/libcr_newlib_semihost.a(syscalls.o)
                0x00008904                _swilseek
 .text._lseek   0x0000897c        0x4 /Applications/MCUXpressoIDE_25.6.136/ide/plugins/com.nxp.mcuxpresso.tools.macosx_25.6.0.202501151204/tools/bin/../lib/gcc/arm-none-eabi/14.2.1/../../../../arm-none-eabi/lib/thumb/v8-m.main/nofp/libcr_newlib_semihost.a(syscalls.o)
                0x0000897c                _lseek
 .text._swiwrite