Archive member included to satisfy reference by file (symbol)

/Users/tedd/dev/mcuxpresso/r01lib_serial/_r01lib_frdm_mcxa153/Debug/lib_r01lib_frdm_mcxa153.a(startup_mcxa153.o)
                              (ResetISR)
/Users/tedd/dev/mcuxpresso/r01lib_serial/_r01lib_frdm_mcxa153/Debug/lib_r01lib_frdm_mcxa153.a(InterruptIn.o)
                              ./_r01lib_irq/irq.o (irq_handler)
/Users/tedd/dev/mcuxpresso/r01lib_serial/_r01lib_frdm_mcxa153/Debug/lib_r01lib_frdm_mcxa153.a(Serial.o)
                              ./source/main.o (Serial::~Serial())
/Users/tedd/dev/mcuxpresso/r01lib_serial/_r01lib_frdm_mcxa153/Debug/lib_r01lib_frdm_mcxa153.a(io.o)
                              /Users/tedd/dev/mcuxpresso/r01lib_serial/_r01lib_frdm_mcxa153/Debug/lib_r01lib_frdm_mcxa153.a(Serial.o) (DigitalInOut::~DigitalInOut())
/Users/tedd/dev/mcuxpresso/r01lib_serial/_r01lib_frdm_mcxa153/Debug/lib_r01lib_frdm_mcxa153.a(mcu.o)
                              /Users/tedd/dev/mcuxpresso/r01lib_serial/_r01lib_frdm_mcxa153/Debug/lib_r01lib_frdm_mcxa153.a(Serial.o) (panic(char const*))
/Users/tedd/dev/mcuxpresso/r01lib_serial/_r01lib_frdm_mcxa153/Debug/lib_r01lib_frdm_mcxa153.a(obj.o)
                              /Users/tedd/dev/mcuxpresso/r01lib_serial/_r01lib_frdm_mcxa153/Debug/lib_r01lib_frdm_mcxa153.a(Serial.o) (Obj::~Obj())
/Users/tedd/dev/mcuxpresso/r01lib_serial/_r01lib_frdm_mcxa153/Debug/lib_r01lib_frdm_mcxa153.a(fsl_clock.o)
                              /Users/tedd/dev/mcuxpresso/r01lib_serial/_r01lib_frdm_mcxa153/Debug/lib_r01lib_frdm_mcxa153.a(mcu.o) (CLOCK_AttachClk)
/Users/tedd/dev/mcuxpresso/r01lib_serial/_r01lib_frdm_mcxa153/Debug/lib_r01lib_frdm_mcxa153.a(fsl_common_arm.o)
                              /Users/tedd/dev/mcuxpresso/r01lib_serial/_r01lib_frdm_mcxa153/Debug/lib_r01lib_frdm_mcxa153.a(mcu.o) (SDK_DelayAtLeastUs)
/Users/tedd/dev/mcuxpresso/r01lib_serial/_r01lib_frdm_mcxa153/Debug/lib_r01lib_frdm_mcxa153.a(fsl_gpio.o)
                              /Users/tedd/dev/mcuxpresso/r01lib_serial/_r01lib_frdm_mcxa153/Debug/lib_r01lib_frdm_mcxa153.a(io.o) (GPIO_PinInit)
/Users/tedd/dev/mcuxpresso/r01lib_serial/_r01lib_frdm_mcxa153/Debug/lib_r01lib_frdm_mcxa153.a(fsl_lpuart.o)
                              /Users/tedd/dev/mcuxpresso/r01lib_serial/_r01lib_frdm_mcxa153/Debug/lib_r01lib_frdm_mcxa153.a(Serial.o) (LPUART_Init)
/Users/tedd/dev/mcuxpresso/r01lib_serial/_r01lib_frdm_mcxa153/Debug/lib_r01lib_frdm_mcxa153.a(fsl_reset.o)
                              /Users/tedd/dev/mcuxpresso/r01lib_serial/_r01lib_frdm_mcxa153/Debug/lib_r01lib_frdm_mcxa153.a(Serial.o) (RESET_SetPeripheralReset)
/Users/tedd/dev/mcuxpresso/r01lib_serial/_r01lib_frdm_mcxa153/Debug/lib_r01lib_frdm_mcxa153.a(fsl_utick.o)
                              /Users/tedd/dev/mcuxpresso/r01lib_serial/_r01lib_frdm_mcxa153/Debug/lib_r01lib_frdm_mcxa153.a(mcu.o) (UTICK_Init)
/Users/tedd/dev/mcuxpresso/r01lib_serial/_r01lib_frdm_mcxa153/Debug/lib_r01lib_frdm_mcxa153.a(system_MCXA153.o)
                              /Users/tedd/dev/mcuxpresso/r01lib_serial/_r01lib_frdm_mcxa153/Debug/lib_r01lib_frdm_mcxa153.a(startup_mcxa153.o) (SystemInit)
/Users/tedd/dev/mcuxpresso/r01lib_serial/_r01lib_frdm_mcxa153/Debug/lib_r01lib_frdm_mcxa153.a(board.o)
                              /Users/tedd/dev/mcuxpresso/r01lib_serial/_r01lib_frdm_mcxa153/Debug/lib_r01lib_frdm_mcxa153.a(mcu.o) (BOARD_InitDebugConsole)
/Users/tedd/dev/mcuxpresso/r01lib_serial/_r01lib_frdm_mcxa153/Debug/lib_r01lib_frdm_mcxa153.a(clock_config.o)
                              /Users/tedd/dev/mcuxpresso/r01lib_serial/_r01lib_frdm_mcxa153/Debug/lib_r01lib_frdm_mcxa153.a(mcu.o) (BOARD_InitBootClocks)
/Users/tedd/dev/mcuxpresso/r01lib_serial/_r01lib_frdm_mcxa153/Debug/lib_r01lib_frdm_mcxa153.a(pin_mux.o)
                              /Users/tedd/dev/mcuxpresso/r01lib_serial/_r01lib_frdm_mcxa153/Debug/lib_r01lib_frdm_mcxa153.a(mcu.o) (BOARD_InitPins)
/Users/tedd/dev/mcuxpresso/r01lib_serial/_r01lib_frdm_mcxa153/Debug/lib_r01lib_frdm_mcxa153.a(fsl_assert.o)
                              /Users/tedd/dev/mcuxpresso/r01lib_serial/_r01lib_frdm_mcxa153/Debug/lib_r01lib_frdm_mcxa153.a(InterruptIn.o) (__assert_func)
/Users/tedd/dev/mcuxpresso/r01lib_serial/_r01lib_frdm_mcxa153/Debug/lib_r01lib_frdm_mcxa153.a(fsl_spc.o)
                              /Users/tedd/dev/mcuxpresso/r01lib_serial/_r01lib_frdm_mcxa153/Debug/lib_r01lib_frdm_mcxa153.a(clock_config.o) (SPC_SetSRAMOperateVoltage)
/Applications/MCUXpressoIDE_25.6.136/ide/plugins/com.nxp.mcuxpresso.tools.macosx_25.6.0.202501151204/tools/bin/../lib/gcc/arm-none-eabi/14.2.1/thumb/v8-m.main/nofp/libgcc.a(_arm_muldf3.o)
                              /Users/tedd/dev/mcuxpresso/r01lib_serial/_r01lib_frdm_mcxa153/Debug/lib_r01lib_frdm_mcxa153.a(mcu.o) (__aeabi_dmul)
/Applications/MCUXpressoIDE_25.6.136/ide/plugins/com.nxp.mcuxpresso.tools.macosx_25.6.0.202501151204/tools/bin/../lib/gcc/arm-none-eabi/14.2.1/thumb/v8-m.main/nofp/libgcc.a(_arm_mulsf3.o)
[...]
Memory Configuration

Name             Origin             Length             Attributes
PROGRAM_FLASH    0x00000000         0x00020000         xr
SRAM             0x20000000         0x00006000         xrw
SRAMX0           0x04000000         0x00002000         xrw
SRAMX1           0x04002000         0x00001000         xrw
*default*        0x00000000         0xffffffff

Linker script and memory map

LOAD ./source/main.o
LOAD ./_r01lib_irq/irq.o
LOAD /Users/tedd/dev/mcuxpresso/r01lib_serial/_r01lib_frdm_mcxa153/Debug/lib_r01lib_frdm_mcxa153.a
START GROUP
LOAD /Applications/MCUXpressoIDE_25.6.136/ide/plugins/com.nxp.mcuxpresso.tools.macosx_25.6.0.202501151204/tools/bin/../lib/gcc/arm-none-eabi/14.2.1/thumb/v8-m.main/nofp/libgcc.a
LOAD /Applications/MCUXpressoIDE_25.6.136/ide/plugins/com.nxp.mcuxpresso.tools.macosx_25.6.0.202501151204/tools/bin/../lib/gcc/arm-none-eabi/14.2.1/../../../../arm-none-eabi/lib/thumb/v8-m.main/nofp/libc_nano.a
LOAD /Applications/MCUXpressoIDE_25.6.136/ide/plugins/com.nxp.mcuxpresso.tools.macosx_25.6.0.202501151204/tools/bin/../lib/gcc/arm-none-eabi/14.2.1/../../../../arm-none-eabi/lib/thumb/v8-m.main/nofp/libstdc++_nano.a
LOAD /Applications/MCUXpressoIDE_25.6.136/ide/plugins/com.nxp.mcuxpresso.tools.macosx_25.6.0.202501151204/tools/bin/../lib/gcc/arm-none-eabi/14.2.1/../../../../arm-none-eabi/lib/thumb/v8-m.main/nofp/libm.a
LOAD /Applications/MCUXpressoIDE_25.6.136/ide/plugins/com.nxp.mcuxpresso.tools.macosx_25.6.0.202501151204/tools/bin/../lib/gcc/arm-none-eabi/14.2.1/../../../../arm-none-eabi/lib/thumb/v8-m.main/nofp/libcr_newlib_semihost.a
LOAD /Applications/MCUXpressoIDE_25.6.136/ide/plugins/com.nxp.mcuxpresso.tools.macosx_25.6.0.202501151204/tools/bin/../lib/gcc/arm-none-eabi/14.2.1/thumb/v8-m.main/nofp/crti.o
LOAD /Applications/MCUXpressoIDE_25.6.136/ide/plugins/com.nxp.mcuxpresso.tools.macosx_25.6.0.202501151204/tools/bin/../lib/gcc/arm-none-eabi/14.2.1/thumb/v8-m.main/nofp/crtn.o
LOAD /Applications/MCUXpressoIDE_25.6.136/ide/plugins/com.nxp.mcuxpresso.tools.macosx_25.6.0.202501151204/tools/bin/../lib/gcc/arm-none-eabi/14.2.1/thumb/v8-m.main/nofp/crtbegin.o
LOAD /Applications/MCUXpressoIDE_25.6.136/ide/plugins/com.nxp.mcuxpresso.tools.macosx_25.6.0.202501151204/tools/bin/../lib/gcc/arm-none-eabi/14.2.1/thumb/v8-m.main/nofp/crtend.o
END GROUP
                0x00000000                        __base_PROGRAM_FLASH = 0x0
                0x00000000                        __base_Flash = 0x0
                0x00020000                        __top_PROGRAM_FLASH = 0x20000
                0x00020000                        __top_Flash = 0x20000
                0x20000000                        __base_SRAM = 0x20000000
                0x20000000                        __base_RAM = 0x20000000
                0x20006000                        __top_SRAM = 0x20006000
                0x20006000                        __top_RAM = 0x20006000
                0x04000000                        __base_SRAMX0 = 0x4000000
                0x04000000                        __base_RAM2 = 0x4000000
                0x04002000                        __top_SRAMX0 = 0x4002000
                0x04002000                        __top_RAM2 = 0x4002000
                0x04002000                        __base_SRAMX1 = 0x4002000
                0x04002000                        __base_RAM3 = 0x4002000
                0x04003000                        __top_SRAMX1 = 0x4003000
                0x04003000                        __top_RAM3 = 0x4003000

.text           0x00000000     0x931c
 FILL mask 0xff
                0x00000000                        __vectors_start__ = ABSOLUTE (.)
 *(SORT_BY_ALIGNMENT(.isr_vector))
 .isr_vector    0x00000000      0x16c /Users/tedd/dev/mcuxpresso/r01lib_serial/_r01lib_frdm_mcxa153/Debug/lib_r01lib_frdm_mcxa153.a(startup_mcxa153.o)
                0x00000000                __Vectors
                0x00000000                g_pfnVectors
                0x0000016c                        . = ALIGN (0x4)
                0x0000016c                        __section_table_start = .
                0x0000016c                        __data_section_table = .
                0x0000016c        0x4 LONG 0x9324 LOADADDR (.data)
                0x00000170        0x4 LONG 0x20000000 ADDR (.data)
                0x00000174        0x4 LONG 0x1f4 SIZEOF (.data)
                0x00000178        0x4 LONG 0x9324 LOADADDR (.data_RAM2)
                0x0000017c        0x4 LONG 0x4000000 ADDR (.data_RAM2)
                0x00000180        0x4 LONG 0x0 SIZEOF (.data_RAM2)
                0x00000184        0x4 LONG 0x9324 LOADADDR (.data_RAM3)
                0x00000188        0x4 LONG 0x4002000 ADDR (.data_RAM3)
                0x0000018c        0x4 LONG 0x0 SIZEOF (.data_RAM3)
                0x00000190                        __data_section_table_end = .
                0x00000190                        __bss_section_table = .
                0x00000190        0x4 LONG 0x200001f4 ADDR (.bss)
                0x00000194        0x4 LONG 0x3f0 SIZEOF (.bss)
                0x00000198        0x4 LONG 0x4000000 ADDR (.bss_RAM2)
                0x0000019c        0x4 LONG 0x0 SIZEOF (.bss_RAM2)
                0x000001a0        0x4 LONG 0x4002000 ADDR (.bss_RAM3)
                0x000001a4        0x4 LONG 0x0 SIZEOF (.bss_RAM3)
                0x000001a8                        __bss_section_table_end = .
                0x000001a8                        __section_table_end = .
 *(SORT_BY_ALIGNMENT(.after_vectors*))
 .after_vectors
                0x000001a8       0x2c /Users/tedd/dev/mcuxpresso/r01lib_serial/_r01lib_frdm_mcxa153/Debug/lib_r01lib_frdm_mcxa153.a(startup_mcxa153.o)
                0x000001a8                NMI_Handler
                0x000001ac                HardFault_Handler
                0x000001b0                MemManage_Handler
                0x000001b4                BusFault_Handler
                0x000001b8                UsageFault_Handler
                0x000001bc                SecureFault_Handler
                0x000001c0                SVC_Handler
                0x000001c4                DebugMon_Handler
                0x000001c8                PendSV_Handler
                0x000001cc                SysTick_Handler
                0x000001d0                LPI2C0_DriverIRQHandler
                0x000001d0                FLEXPWM0_RELOAD_ERROR_DriverIRQHandler
                0x000001d0                QDC0_HOME_DriverIRQHandler
                0x000001d0                Reserved82_DriverIRQHandler
                0x000001d0                QDC0_WATCHDOG_DriverIRQHandler
                0x000001d0                ERM0_MULTI_BIT_DriverIRQHandler
                0x000001d0                Reserved36_DriverIRQHandler
                0x000001d0                CTIMER2_DriverIRQHandler
                0x000001d0                CMP1_DriverIRQHandler
                0x000001d0                IntDefaultHandler
                0x000001d0                USB0_DriverIRQHandler
                0x000001d0                QDC0_INDEX_DriverIRQHandler
                0x000001d0                Reserved41_DriverIRQHandler
                0x000001d0                FLEXPWM0_SUBMODULE2_DriverIRQHandler
                0x000001d0                WWDT0_DriverIRQHandler
                0x000001d0                Reserved84_DriverIRQHandler
                0x000001d0                FLEXPWM0_FAULT_DriverIRQHandler
                0x000001d0                GPIO0_DriverIRQHandler
                0x000001d0                Reserved38_DriverIRQHandler
                0x000001d0                FREQME0_DriverIRQHandler
                0x000001d0                Reserved22_DriverIRQHandler
                0x000001d0                Reserved53_DriverIRQHandler
                0x000001d0                Reserved35_DriverIRQHandler
                0x000001d0                CTIMER0_DriverIRQHandler
                0x000001d0                Reserved79_DriverIRQHandler
                0x000001d0                Reserved24_DriverIRQHandler
                0x000001d0                CTIMER1_DriverIRQHandler
                0x000001d0                QDC0_COMPARE_DriverIRQHandler
                0x000001d0                LPSPI0_DriverIRQHandler
                0x000001d0                DMA_CH3_DriverIRQHandler
                0x000001d0                Reserved83_DriverIRQHandler
                0x000001d0                Reserved72_DriverIRQHandler
                0x000001d0                Reserved23_DriverIRQHandler
                0x000001d0                Reserved65_DriverIRQHandler
                0x000001d0                ERM0_SINGLE_BIT_DriverIRQHandler
                0x000001d0                DMA_CH2_DriverIRQHandler
                0x000001d0                Reserved51_DriverIRQHandler
                0x000001d0                Reserved25_DriverIRQHandler
                0x000001d0                FMU0_DriverIRQHandler
                0x000001d0                LPSPI1_DriverIRQHandler
                0x000001d0                Reserved77_DriverIRQHandler
                0x000001d0                Reserved16_DriverIRQHandler
                0x000001d0                GPIO2_DriverIRQHandler
                0x000001d0                Reserved85_DriverIRQHandler
                0x000001d0                ADC0_DriverIRQHandler
                0x000001d0                CMP0_DriverIRQHandler
                0x000001d0                CDOG0_DriverIRQHandler
                0x000001d0                Reserved59_DriverIRQHandler
                0x000001d0                DMA_CH0_DriverIRQHandler
                0x000001d0                Reserved58_DriverIRQHandler
                0x000001d0                DMA_CH1_DriverIRQHandler
                0x000001d0                SPC0_DriverIRQHandler
                0x000001d0                Reserved43_DriverIRQHandler
                0x000001d0                Reserved46_DriverIRQHandler
                0x000001d0                Reserved37_DriverIRQHandler
                0x000001d0                Reserved86_DriverIRQHandler
                0x000001d0                GPIO1_DriverIRQHandler
                0x000001d0                FLEXPWM0_SUBMODULE0_DriverIRQHandler
                0x000001d0                Reserved50_DriverIRQHandler
                0x000001d0                OS_EVENT_DriverIRQHandler
                0x000001d0                SCG0_DriverIRQHandler
                0x000001d0                GLIKEY0_DriverIRQHandler
                0x000001d0                GPIO3_DriverIRQHandler
                0x000001d0                CMC_DriverIRQHandler
                0x000001d0                WUU0_DriverIRQHandler
                0x000001d0                Reserved33_DriverIRQHandler
                0x000001d0                I3C0_DriverIRQHandler
                0x000001d0                Reserved39_DriverIRQHandler
                0x000001d0                WAKETIMER0_DriverIRQHandler
                0x000001d0                MBC0_DriverIRQHandler
                0x000001d0                LPTMR0_DriverIRQHandler
                0x000001d0                FLEXPWM0_SUBMODULE1_DriverIRQHandler
 .after_vectors.init_data
                0x000001d4       0x1c /Users/tedd/dev/mcuxpresso/r01lib_serial/_r01lib_frdm_mcxa153/Debug/lib_r01lib_frdm_mcxa153.a(startup_mcxa153.o)
                0x000001d4                data_init(unsigned int, unsigned int, unsigned int)
 .after_vectors.init_bss
                0x000001f0       0x14 /Users/tedd/dev/mcuxpresso/r01lib_serial/_r01lib_frdm_mcxa153/Debug/lib_r01lib_frdm_mcxa153.a(startup_mcxa153.o)
                0x000001f0                bss_init(unsigned int, unsigned int)
 .after_vectors.reset
                0x00000204       0x70 /Users/tedd/dev/mcuxpresso/r01lib_serial/_r01lib_frdm_mcxa153/Debug/lib_r01lib_frdm_mcxa153.a(startup_mcxa153.o)
                0x00000204                ResetISR
 *(SORT_BY_ALIGNMENT(.text*))
 *fill*         0x00000274        0x4 ff
 .text._Z5panicPKc
                0x00000278       0xe0 /Users/tedd/dev/mcuxpresso/r01lib_serial/_r01lib_frdm_mcxa153/Debug/lib_r01lib_frdm_mcxa153.a(mcu.o)
                0x00000278                panic(char const*)
 .text._strtod_l
                0x00000358      0xba8 /Applications/MCUXpressoIDE_25.6.136/ide/plugins/com.nxp.mcuxpresso.tools.macosx_25.6.0.202501151204/tools/bin/../lib/gcc/arm-none-eabi/14.2.1/../../../../arm-none-eabi/lib/thumb/v8-m.main/nofp/libc_nano.a(libc_a-strtod.o)
                0x00000358                _strtod_l
 .text._dtoa_r  0x00000f00      0xbc8 /Applications/MCUXpressoIDE_25.6.136/ide/plugins/com.nxp.mcuxpresso.tools.macosx_25.6.0.202501151204/tools/bin/../lib/gcc/arm-none-eabi/14.2.1/../../../../arm-none-eabi/lib/thumb/v8-m.main/nofp/libc_nano.a(libc_a-dtoa.o)
                0x00000f00                _dtoa_r
 .text.startup.main
                0x00001ac8       0x50 ./source/main.o
                0x00001ac8                main
 .text.startup._GLOBAL__sub_I_uart
                0x00001b18       0x2c ./source/main.o
 .text.Reserved16_IRQHandler
                0x00001b44        0x8 /Users/tedd/dev/mcuxpresso/r01lib_serial/_r01lib_frdm_mcxa153/Debug/lib_r01lib_frdm_mcxa153.a(startup_mcxa153.o)
                0x00001b44                Reserved16_IRQHandler
 .text.CMC_IRQHandler
                0x00001b4c        0x8 /Users/tedd/dev/mcuxpresso/r01lib_serial/_r01lib_frdm_mcxa153/Debug/lib_r01lib_frdm_mcxa153.a(startup_mcxa153.o)
                0x00001b4c                CMC_IRQHandler
 .text.DMA_CH0_IRQHandler
                0x00001b54        0x8 /Users/tedd/dev/mcuxpresso/r01lib_serial/_r01lib_frdm_mcxa153/Debug/lib_r01lib_frdm_mcxa153.a(startup_mcxa153.o)
                0x00001b54                DMA_CH0_IRQHandler
 .text.DMA_CH1_IRQHandler
                0x00001b5c        0x8 /Users/tedd/dev/mcuxpresso/r01lib_serial/_r01lib_frdm_mcxa153/Debug/lib_r01lib_frdm_mcxa153.a(startup_mcxa153.o)
                0x00001b5c                DMA_CH1_IRQHandler
 .text.DMA_CH2_IRQHandler
                0x00001b64        0x8 /Users/tedd/dev/mcuxpresso/r01lib_serial/_r01lib_frdm_mcxa153/Debug/lib_r01lib_frdm_mcxa153.a(startup_mcxa153.o)
                0x00001b64                DMA_CH2_IRQHandler
 .text.DMA_CH3_IRQHandler
                0x00001b6c        0x8 /Users/tedd/dev/mcuxpresso/r01lib_serial/_r01lib_frdm_mcxa153/Debug/lib_r01lib_frdm_mcxa153.a(startup_mcxa153.o)
                0x00001b6c                DMA_CH3_IRQHandler
 .text.Reserved22_IRQHandler
                0x00001b74        0x8 /Users/tedd/dev/mcuxpresso/r01lib_serial/_r01lib_frdm_mcxa153/Debug/lib_r01lib_frdm_mcxa153.a(startup_mcxa153.o)
                0x00001b74                Reserved22_IRQHandler
 .text.Reserved23_IRQHandler
                0x00001b7c        0x8 /Users/tedd/dev/mcuxpresso/r01lib_serial/_r01lib_frdm_mcxa153/Debug/lib_r01lib_frdm_mcxa153.a(startup_mcxa153.o)
                0x00001b7c                Reserved23_IRQHandler
 .text.Reserved24_IRQHandler
                0x00001b84        0x8 /Users/tedd/dev/mcuxpresso/r01lib_serial/_r01lib_frdm_mcxa153/Debug/lib_r01lib_frdm_mcxa153.a(startup_mcxa153.o)
                0x00001b84                Reserved24_IRQHandler
 .text.Reserved25_IRQHandler
                0x00001b8c        0x8 /Users/tedd/dev/mcuxpresso/r01lib_serial/_r01lib_frdm_mcxa153/Debug/lib_r01lib_frdm_mcxa153.a(startup_mcxa153.o)
                0x00001b8c                Reserved25_IRQHandler
 .text.ERM0_SINGLE_BIT_IRQHandler
                0x00001b94        0x8 /Users/tedd/dev/mcuxpresso/r01lib_serial/_r01lib_frdm_mcxa153/Debug/lib_r01lib_frdm_mcxa153.a(startup_mcxa153.o)
                0x00001b94                ERM0_SINGLE_BIT_IRQHandler
 .text.ERM0_MULTI_BIT_IRQHandler
                0x00001b9c        0x8 /Users/tedd/dev/mcuxpresso/r01lib_serial/_r01lib_frdm_mcxa153/Debug/lib_r01lib_frdm_mcxa153.a(startup_mcxa153.o)
                0x00001b9c                ERM0_MULTI_BIT_IRQHandler
 .text.FMU0_IRQHandler
                0x00001ba4        0x8 /Users/tedd/dev/mcuxpresso/r01lib_serial/_r01lib_frdm_mcxa153/Debug/lib_r01lib_frdm_mcxa153.a(startup_mcxa153.o)
                0x00001ba4                FMU0_IRQHandler
 .text.GLIKEY0_IRQHandler
                0x00001bac        0x8 /Users/tedd/dev/mcuxpresso/r01lib_serial/_r01lib_frdm_mcxa153/Debug/lib_r01lib_frdm_mcxa153.a(startup_mcxa153.o)
                0x00001bac                GLIKEY0_IRQHandler
 .text.MBC0_IRQHandler
                0x00001bb4        0x8 /Users/tedd/dev/mcuxpresso/r01lib_serial/_r01lib_frdm_mcxa153/Debug/lib_r01lib_frdm_mcxa153.a(startup_mcxa153.o)
                0x00001bb4                MBC0_IRQHandler
 .text.SCG0_IRQHandler
                0x00001bbc        0x8 /Users/tedd/dev/mcuxpresso/r01lib_serial/_r01lib_frdm_mcxa153/Debug/lib_r01lib_frdm_mcxa153.a(startup_mcxa153.o)
                0x00001bbc                SCG0_IRQHandler
 .text.SPC0_IRQHandler
                0x00001bc4        0x8 /Users/tedd/dev/mcuxpresso/r01lib_serial/_r01lib_frdm_mcxa153/Debug/lib_r01lib_frdm_mcxa153.a(startup_mcxa153.o)
                0x00001bc4                SPC0_IRQHandler
 .text.Reserved33_IRQHandler
                0x00001bcc        0x8 /Users/tedd/dev/mcuxpresso/r01lib_serial/_r01lib_frdm_mcxa153/Debug/lib_r01lib_frdm_mcxa153.a(startup_mcxa153.o)
                0x00001bcc                Reserved33_IRQHandler
 .text.WUU0_IRQHandler
                0x00001bd4        0x8 /Users/tedd/dev/mcuxpresso/r01lib_serial/_r01lib_frdm_mcxa153/Debug/lib_r01lib_frdm_mcxa153.a(startup_mcxa153.o)
                0x00001bd4                WUU0_IRQHandler
 .text.Reserved35_IRQHandler
                0x00001bdc        0x8 /Users/tedd/dev/mcuxpresso/r01lib_serial/_r01lib_frdm_mcxa153/Debug/lib_r01lib_frdm_mcxa153.a(startup_mcxa153.o)
                0x00001bdc                Reserved35_IRQHandler
 .text.Reserved36_IRQHandler
                0x00001be4        0x8 /Users/tedd/dev/mcuxpresso/r01lib_serial/_r01lib_frdm_mcxa153/Debug/lib_r01lib_frdm_mcxa153.a(startup_mcxa153.o)
                0x00001be4                Reserved36_IRQHandler
 .text.Reserved37_IRQHandler
                0x00001bec        0x8 /Users/tedd/dev/mcuxpresso/r01lib_serial/_r01lib_frdm_mcxa153/Debug/lib_r01lib_frdm_mcxa153.a(startup_mcxa153.o)
                0x00001bec                Reserved37_IRQHandler
 .text.Reserved38_IRQHandler
                0x00001bf4        0x8 /Users/tedd/dev/mcuxpresso/r01lib_serial/_r01lib_frdm_mcxa153/Debug/lib_r01lib_frdm_mcxa153.a(startup_mcxa153.o)
                0x00001bf4                Reserved38_IRQHandler
 .text.Reserved39_IRQHandler
                0x00001bfc        0x8 /Users/tedd/dev/mcuxpresso/r01lib_serial/_r01lib_frdm_mcxa153/Debug/lib_r01lib_frdm_mcxa153.a(startup_mcxa153.o)
                0x00001bfc                Reserved39_IRQHandler
 .text.I3C0_IRQHandler
                0x00001c04        0x8 /Users/tedd/dev/mcuxpresso/r01lib_serial/_r01lib_frdm_mcxa153/Debug/lib_r01lib_frdm_mcxa153.a(startup_mcxa153.o)
                0x00001c04                I3C0_IRQHandler
 .text.Reserved41_IRQHandler
                0x00001c0c        0x8 /Users/tedd/dev/mcuxpresso/r01lib_serial/_r01lib_frdm_mcxa153/Debug/lib_r01lib_frdm_mcxa153.a(startup_mcxa153.o)
                0x00001c0c                Reserved41_IRQHandler
 .text.LPI2C0_IRQHandler
                0x00001c14        0x8 /Users/tedd/dev/mcuxpresso/r01lib_serial/_r01lib_frdm_mcxa153/Debug/lib_r01lib_frdm_mcxa153.a(startup_mcxa153.o)
                0x00001c14                LPI2C0_IRQHandler
 .text.Reserved43_IRQHandler
                0x00001c1c        0x8 /Users/tedd/dev/mcuxpresso/r01lib_serial/_r01lib_frdm_mcxa153/Debug/lib_r01lib_frdm_mcxa153.a(startup_mcxa153.o)
                0x00001c1c                Reserved43_IRQHandler
 .text.LPSPI0_IRQHandler
                0x00001c24        0x8 /Users/tedd/dev/mcuxpresso/r01lib_serial/_r01lib_frdm_mcxa153/Debug/lib_r01lib_frdm_mcxa153.a(startup_mcxa153.o)
                0x00001c24                LPSPI0_IRQHandler
 .text.LPSPI1_IRQHandler
                0x00001c2c        0x8 /Users/tedd/dev/mcuxpresso/r01lib_serial/_r01lib_frdm_mcxa153/Debug/lib_r01lib_frdm_mcxa153.a(startup_mcxa153.o)
                0x00001c2c                LPSPI1_IRQHandler
 .text.Reserved46_IRQHandler
                0x00001c34        0x8 /Users/tedd/dev/mcuxpresso/r01lib_serial/_r01lib_frdm_mcxa153/Debug/lib_r01lib_frdm_mcxa153.a(startup_mcxa153.o)
                0x00001c34                Reserved46_IRQHandler
 .text.LPUART0_IRQHandler
                0x00001c3c        0x8 /Users/tedd/dev/mcuxpresso/r01lib_serial/_r01lib_frdm_mcxa153/Debug/lib_r01lib_frdm_mcxa153.a(startup_mcxa153.o)
                0x00001c3c                LPUART0_IRQHandler
 .text.LPUART1_IRQHandler
                0x00001c44        0x8 /Users/tedd/dev/mcuxpresso/r01lib_serial/_r01lib_frdm_mcxa153/Debug/lib_r01lib_frdm_mcxa153.a(startup_mcxa153.o)
                0x00001c44                LPUART1_IRQHandler
 .text.LPUART2_IRQHandler
                0x00001c4c        0x8 /Users/tedd/dev/mcuxpresso/r01lib_serial/_r01lib_frdm_mcxa153/Debug/lib_r01lib_frdm_mcxa153.a(startup_mcxa153.o)
                0x00001c4c                LPUART2_IRQHandler
 .text.Reserved50_IRQHandler
                0x00001c54        0x8 /Users/tedd/dev/mcuxpresso/r01lib_serial/_r01lib_frdm_mcxa153/Debug/lib_r01lib_frdm_mcxa153.a(startup_mcxa153.o)
                0x00001c54                Reserved50_IRQHandler
 .text.Reserved51_IRQHandler
                0x00001c5c        0x8 /Users/tedd/dev/mcuxpresso/r01lib_serial/_r01lib_frdm_mcxa153/Debug/lib_r01lib_frdm_mcxa153.a(startup_mcxa153.o)
                0x00001c5c                Reserved51_IRQHandler
 .text.USB0_IRQHandler
                0x00001c64        0x8 /Users/tedd/dev/mcuxpresso/r01lib_serial/_r01lib_frdm_mcxa153/Debug/lib_r01lib_frdm_mcxa153.a(startup_mcxa153.o)
                0x00001c64                USB0_IRQHandler
 .text.Reserved53_IRQHandler
                0x00001c6c        0x8 /Users/tedd/dev/mcuxpresso/r01lib_serial/_r01lib_frdm_mcxa153/Debug/lib_r01lib_frdm_mcxa153.a(startup_mcxa153.o)
                0x00001c6c                Reserved53_IRQHandler
 .text.CDOG0_IRQHandler
                0x00001c74        0x8 /Users/tedd/dev/mcuxpresso/r01lib_serial/_r01lib_frdm_mcxa153/Debug/lib_r01lib_frdm_mcxa153.a(startup_mcxa153.o)
                0x00001c74                CDOG0_IRQHandler
 .text.CTIMER0_IRQHandler
                0x00001c7c        0x8 /Users/tedd/dev/mcuxpresso/r01lib_serial/_r01lib_frdm_mcxa153/Debug/lib_r01lib_frdm_mcxa153.a(startup_mcxa153.o)
                0x00001c7c                CTIMER0_IRQHandler
 .text.CTIMER1_IRQHandler
                0x00001c84        0x8 /Users/tedd/dev/mcuxpresso/r01lib_serial/_r01lib_frdm_mcxa153/Debug/lib_r01lib_frdm_mcxa153.a(startup_mcxa153.o)
                0x00001c84                CTIMER1_IRQHandler
 .text.CTIMER2_IRQHandler
                0x00001c8c        0x8 /Users/tedd/dev/mcuxpresso/r01lib_serial/_r01lib_frdm_mcxa153/Debug/lib_r01lib_frdm_mcxa153.a(startup_mcxa153.o)
                0x00001c8c                CTIMER2_IRQHandler
 .text.Reserved58_IRQHandler
                0x00001c94        0x8 /Users/tedd/dev/mcuxpresso/r01lib_serial/_r01lib_frdm_mcxa153/Debug/lib_r01lib_frdm_mcxa153.a(startup_mcxa153.o)
                0x00001c94                Reserved58_IRQHandler
 .text.Reserved59_IRQHandler
                0x00001c9c        0x8 /Users/tedd/dev/mcuxpresso/r01lib_serial/_r01lib_frdm_mcxa153/Debug/lib_r01lib_frdm_mcxa153.a(startup_mcxa153.o)
                0x00001c9c                Reserved59_IRQHandler
 .text.FLEXPWM0_RELOAD_ERROR_IRQHandler
                0x00001ca4        0x8 /Users/tedd/dev/mcuxpresso/r01lib_serial/_r01lib_frdm_mcxa153/Debug/lib_r01lib_frdm_mcxa153.a(startup_mcxa153.o)
                0x00001ca4                FLEXPWM0_RELOAD_ERROR_IRQHandler
 .text.FLEXPWM0_FAULT_IRQHandler
                0x00001cac        0x8 /Users/tedd/dev/mcuxpresso/r01lib_serial/_r01lib_frdm_mcxa153/Debug/lib_r01lib_frdm_mcxa153.a(startup_mcxa153.o)
                0x00001cac                FLEXPWM0_FAULT_IRQHandler
 .text.FLEXPWM0_SUBMODULE0_IRQHandler
                0x00001cb4        0x8 /Users/tedd/dev/mcuxpresso/r01lib_serial/_r01lib_frdm_mcxa153/Debug/lib_r01lib_frdm_mcxa153.a(startup_mcxa153.o)
                0x00001cb4                FLEXPWM0_SUBMODULE0_IRQHandler
 .text.FLEXPWM0_SUBMODULE1_IRQHandler
                0x00001cbc        0x8 /Users/tedd/dev/mcuxpresso/r01lib_serial/_r01lib_frdm_mcxa153/Debug/lib_r01lib_frdm_mcxa153.a(startup_mcxa153.o)
                0x00001cbc                FLEXPWM0_SUBMODULE1_IRQHandler
 .text.FLEXPWM0_SUBMODULE2_IRQHandler
                0x00001cc4        0x8 /Users/tedd/dev/mcuxpresso/r01lib_serial/_r01lib_frdm_mcxa153/Debug/lib_r01lib_frdm_mcxa153.a(startup_mcxa153.o)
                0x00001cc4                FLEXPWM0_SUBMODULE2_IRQHandler
 .text.Reserved65_IRQHandler
                0x00001ccc        0x8 /Users/tedd/dev/mcuxpresso/r01lib_serial/_r01lib_frdm_mcxa153/Debug/lib_r01lib_frdm_mcxa153.a(startup_mcxa153.o)
                0x00001ccc                Reserved65_IRQHandler
 .text.QDC0_COMPARE_IRQHandler
                0x00001cd4        0x8 /Users/tedd/dev/mcuxpresso/r01lib_serial/_r01lib_frdm_mcxa153/Debug/lib_r01lib_frdm_mcxa153.a(startup_mcxa153.o)
                0x00001cd4                QDC0_COMPARE_IRQHandler
 .text.QDC0_HOME_IRQHandler
                0x00001cdc        0x8 /Users/tedd/dev/mcuxpresso/r01lib_serial/_r01lib_frdm_mcxa153/Debug/lib_r01lib_frdm_mcxa153.a(startup_mcxa153.o)
                0x00001cdc                QDC0_HOME_IRQHandler
 .text.QDC0_WATCHDOG_IRQHandler
                0x00001ce4        0x8 /Users/tedd/dev/mcuxpresso/r01lib_serial/_r01lib_frdm_mcxa153/Debug/lib_r01lib_frdm_mcxa153.a(startup_mcxa153.o)
                0x00001ce4                QDC0_WATCHDOG_IRQHandler
 .text.QDC0_INDEX_IRQHandler
                0x00001cec        0x8 /Users/tedd/dev/mcuxpresso/r01lib_serial/_r01lib_frdm_mcxa153/Debug/lib_r01lib_frdm_mcxa153.a(startup_mcxa153.o)
                0x00001cec                QDC0_INDEX_IRQHandler
 .text.FREQME0_IRQHandler
                0x00001cf4        0x8 /Users/tedd/dev/mcuxpresso/r01lib_serial/_r01lib_frdm_mcxa153/Debug/lib_r01lib_frdm_mcxa153.a(startup_mcxa153.o)
                0x00001cf4                FREQME0_IRQHandler
 .text.LPTMR0_IRQHandler
                0x00001cfc        0x8 /Users/tedd/dev/mcuxpresso/r01lib_serial/_r01lib_frdm_mcxa153/Debug/lib_r01lib_frdm_mcxa153.a(startup_mcxa153.o)
                0x00001cfc                LPTMR0_IRQHandler
 .text.Reserved72_IRQHandler
                0x00001d04        0x8 /Users/tedd/dev/mcuxpresso/r01lib_serial/_r01lib_frdm_mcxa153/Debug/lib_r01lib_frdm_mcxa153.a(startup_mcxa153.o)
                0x00001d04                Reserved72_IRQHandler
 .text.OS_EVENT_IRQHandler
                0x00001d0c        0x8 /Users/tedd/dev/mcuxpresso/r01lib_serial/_r01lib_frdm_mcxa153/Debug/lib_r01lib_frdm_mcxa153.a(startup_mcxa153.o)
                0x00001d0c                OS_EVENT_IRQHandler
 .text.WAKETIMER0_IRQHandler
                0x00001d14        0x8 /Users/tedd/dev/mcuxpresso/r01lib_serial/_r01lib_frdm_mcxa153/Debug/lib_r01lib_frdm_mcxa153.a(startup_mcxa153.o)
                0x00001d14                WAKETIMER0_IRQHandler
 .text.UTICK0_IRQHandler
                0x00001d1c        0x8 /Users/tedd/dev/mcuxpresso/r01lib_serial/_r01lib_frdm_mcxa153/Debug/lib_r01lib_frdm_mcxa153.a(startup_mcxa153.o)
                0x00001d1c                UTICK0_IRQHandler
 .text.WWDT0_IRQHandler
                0x00001d24        0x8 /Users/tedd/dev/mcuxpresso/r01lib_serial/_r01lib_frdm_mcxa153/Debug/lib_r01lib_frdm_mcxa153.a(startup_mcxa153.o)
                0x00001d24                WWDT0_IRQHandler
 .text.Reserved77_IRQHandler
                0x00001d2c        0x8 /Users/tedd/dev/mcuxpresso/r01lib_serial/_r01lib_frdm_mcxa153/Debug/lib_r01lib_frdm_mcxa153.a(startup_mcxa153.o)
                0x00001d2c                Reserved77_IRQHandler
 .text.ADC0_IRQHandler
                0x00001d34        0x8 /Users/tedd/dev/mcuxpresso/r01lib_serial/_r01lib_frdm_mcxa153/Debug/lib_r01lib_frdm_mcxa153.a(startup_mcxa153.o)
                0x00001d34                ADC0_IRQHandler
 .text.Reserved79_IRQHandler
                0x00001d3c        0x8 /Users/tedd/dev/mcuxpresso/r01lib_serial/_r01lib_frdm_mcxa153/Debug/lib_r01lib_frdm_mcxa153.a(startup_mcxa153.o)
                0x00001d3c                Reserved79_IRQHandler
 .text.CMP0_IRQHandler
                0x00001d44        0x8 /Users/tedd/dev/mcuxpresso/r01lib_serial/_r01lib_frdm_mcxa153/Debug/lib_r01lib_frdm_mcxa153.a(startup_mcxa153.o)
                0x00001d44                CMP0_IRQHandler
 .text.CMP1_IRQHandler
                0x00001d4c        0x8 /Users/tedd/dev/mcuxpresso/r01lib_serial/_r01lib_frdm_mcxa153/Debug/lib_r01lib_frdm_mcxa153.a(startup_mcxa153.o)
                0x00001d4c                CMP1_IRQHandler
 .text.Reserved82_IRQHandler
                0x00001d54        0x8 /Users/tedd/dev/mcuxpresso/r01lib_serial/_r01lib_frdm_mcxa153/Debug/lib_r01lib_frdm_mcxa153.a(startup_mcxa153.o)
                0x00001d54                Reserved82_IRQHandler
 .text.Reserved83_IRQHandler
                0x00001d5c        0x8 /Users/tedd/dev/mcuxpresso/r01lib_serial/_r01lib_frdm_mcxa153/Debug/lib_r01lib_frdm_mcxa153.a(startup_mcxa153.o)
                0x00001d5c                Reserved83_IRQHandler
 .text.Reserved84_IRQHandler
                0x00001d64        0x8 /Users/tedd/dev/mcuxpresso/r01lib_serial/_r01lib_frdm_mcxa153/Debug/lib_r01lib_frdm_mcxa153.a(startup_mcxa153.o)
                0x00001d64                Reserved84_IRQHandler
 .text.Reserved85_IRQHandler
                0x00001d6c        0x8 /Users/tedd/dev/mcuxpresso/r01lib_serial/_r01lib_frdm_mcxa153/Debug/lib_r01lib_frdm_mcxa153.a(startup_mcxa153.o)
                0x00001d6c                Reserved85_IRQHandler
 .text.Reserved86_IRQHandler
                0x00001d74        0x8 /Users/tedd/dev/mcuxpresso/r01lib_serial/_r01lib_frdm_mcxa153/Debug/lib_r01lib_frdm_mcxa153.a(startup_mcxa153.o)
                0x00001d74                Reserved86_IRQHandler
 .text.irq_handler
                0x00001d7c       0x48 /Users/tedd/dev/mcuxpresso/r01lib_serial/_r01lib_frdm_mcxa153/Debug/lib_r01lib_frdm_mcxa153.a(InterruptIn.o)
                0x00001d7c                irq_handler
 .text._ZN6SerialD2Ev
                0x00001dc4       0x20 /Users/tedd/dev/mcuxpresso/r01lib_serial/_r01lib_frdm_mcxa153/Debug/lib_r01lib_frdm_mcxa153.a(Serial.o)
                0x00001dc4                Serial::~Serial()
                0x00001dc4                Serial::~Serial()
 .text._ZN6SerialD0Ev
                0x00001de4       0x28 /Users/tedd/dev/mcuxpresso/r01lib_serial/_r01lib_frdm_mcxa153/Debug/lib_r01lib_frdm_mcxa153.a(Serial.o)
                0x00001de4                Serial::~Serial()
 .text._ZN6Serial12resolve_pinsEii
                0x00001e0c       0x68 /Users/tedd/dev/mcuxpresso/r01lib_serial/_r01lib_frdm_mcxa153/Debug/lib_r01lib_frdm_mcxa153.a(Serial.o)
                0x00001e0c                Serial::resolve_pins(int, int)
 .text._ZN6Serial4putcEi
                0x00001e74       0x1c /Users/tedd/dev/mcuxpresso/r01lib_serial/_r01lib_frdm_mcxa153/Debug/lib_r01lib_frdm_mcxa153.a(Serial.o)
                0x00001e74                Serial::putc(int)
 .text._ZN6Serial4getcEv
                0x00001e90       0x1c /Users/tedd/dev/mcuxpresso/r01lib_serial/_r01lib_frdm_mcxa153/Debug/lib_r01lib_frdm_mcxa153.a(Serial.o)
                0x00001e90                Serial::getc()
 .text._ZN6Serial6printfEPKcz
                0x00001eac       0x38 /Users/tedd/dev/mcuxpresso/r01lib_serial/_r01lib_frdm_mcxa153/Debug/lib_r01lib_frdm_mcxa153.a(Serial.o)
                0x00001eac                Serial::printf(char const*, ...)
 .text._ZN6Serial8readableEv
                0x00001ee4       0x10 /Users/tedd/dev/mcuxpresso/r01lib_serial/_r01lib_frdm_mcxa153/Debug/lib_r01lib_frdm_mcxa153.a(Serial.o)
                0x00001ee4                Serial::readable()
 .text._ZN6SerialC2Eiii
                0x00001ef4       0xbc /Users/tedd/dev/mcuxpresso/r01lib_serial/_r01lib_frdm_mcxa153/Debug/lib_r01lib_frdm_mcxa153.a(Serial.o)
                0x00001ef4                Serial::Serial(int, int, int)
                0x00001ef4                Serial::Serial(int, int, int)
 .text._ZN12DigitalInOutD2Ev
                0x00001fb0       0x14 /Users/tedd/dev/mcuxpresso/r01lib_serial/_r01lib_frdm_mcxa153/Debug/lib_r01lib_frdm_mcxa153.a(io.o)
                0x00001fb0                DigitalInOut::~DigitalInOut()
                0x00001fb0                DigitalInOut::~DigitalInOut()
 .text._ZN10DigitalOutD2Ev
                0x00001fc4       0x14 /Users/tedd/dev/mcuxpresso/r01lib_serial/_r01lib_frdm_mcxa153/Debug/lib_r01lib_frdm_mcxa153.a(io.o)
                0x00001fc4                DigitalOut::~DigitalOut()
                0x00001fc4                DigitalOut::~DigitalOut()
 .text._ZN12DigitalInOutD0Ev
                0x00001fd8       0x1c /Users/tedd/dev/mcuxpresso/r01lib_serial/_r01lib_frdm_mcxa153/Debug/lib_r01lib_frdm_mcxa153.a(io.o)
                0x00001fd8                DigitalInOut::~DigitalInOut()
 .text._ZN10DigitalOutD0Ev
                0x00001ff4       0x1c /Users/tedd/dev/mcuxpresso/r01lib_serial/_r01lib_frdm_mcxa153/Debug/lib_r01lib_frdm_mcxa153.a(io.o)
                0x00001ff4                DigitalOut::~DigitalOut()
 .text._ZN12DigitalInOut7pin_muxEi
                0x00002010       0x18 /Users/tedd/dev/mcuxpresso/r01lib_serial/_r01lib_frdm_mcxa153/Debug/lib_r01lib_frdm_mcxa153.a(io.o)
                0x00002010                DigitalInOut::pin_mux(int)
 .text._ZN12DigitalInOut4modeEi
                0x00002028       0x50 /Users/tedd/dev/mcuxpresso/r01lib_serial/_r01lib_frdm_mcxa153/Debug/lib_r01lib_frdm_mcxa153.a(io.o)
                0x00002028                DigitalInOut::mode(int)
 .text._ZN12DigitalInOutC2Ehbbi
                0x00002078       0xa0 /Users/tedd/dev/mcuxpresso/r01lib_serial/_r01lib_frdm_mcxa153/Debug/lib_r01lib_frdm_mcxa153.a(io.o)
                0x00002078                DigitalInOut::DigitalInOut(unsigned char, bool, bool, int)
                0x00002078                DigitalInOut::DigitalInOut(unsigned char, bool, bool, int)
 .text._ZN12DigitalInOutaSEb
                0x00002118       0x38 /Users/tedd/dev/mcuxpresso/r01lib_serial/_r01lib_frdm_mcxa153/Debug/lib_r01lib_frdm_mcxa153.a(io.o)
                0x00002118                DigitalInOut::operator=(bool)
 .text._ZN12DigitalInOutcvbEv
                0x00002150       0x2c /Users/tedd/dev/mcuxpresso/r01lib_serial/_r01lib_frdm_mcxa153/Debug/lib_r01lib_frdm_mcxa153.a(io.o)
                0x00002150                DigitalInOut::operator bool()
 .text._ZN10DigitalOutC2Ehbi
                0x0000217c       0x24 /Users/tedd/dev/mcuxpresso/r01lib_serial/_r01lib_frdm_mcxa153/Debug/lib_r01lib_frdm_mcxa153.a(io.o)
                0x0000217c                DigitalOut::DigitalOut(unsigned char, bool, int)
                0x0000217c                DigitalOut::DigitalOut(unsigned char, bool, int)
 .text._Z8init_mcuv
                0x000021a0       0xcc /Users/tedd/dev/mcuxpresso/r01lib_serial/_r01lib_frdm_mcxa153/Debug/lib_r01lib_frdm_mcxa153.a(mcu.o)
                0x000021a0                init_mcu()
 .text.startup._Z9start_mcuv
                0x0000226c       0x18 /Users/tedd/dev/mcuxpresso/r01lib_serial/_r01lib_frdm_mcxa153/Debug/lib_r01lib_frdm_mcxa153.a(mcu.o)
                0x0000226c                start_mcu()
 .text._ZN3ObjD2Ev
                0x00002284        0x4 /Users/tedd/dev/mcuxpresso/r01lib_serial/_r01lib_frdm_mcxa153/Debug/lib_r01lib_frdm_mcxa153.a(obj.o)
                0x00002284                Obj::~Obj()
                0x00002284                Obj::~Obj()
 .text._ZN3ObjD0Ev
                0x00002288       0x10 /Users/tedd/dev/mcuxpresso/r01lib_serial/_r01lib_frdm_mcxa153/Debug/lib_r01lib_frdm_mcxa153.a(obj.o)
                0x00002288                Obj::~Obj()
 .text._ZN3ObjC2Eb
                0x00002298       0x2c /Users/tedd/dev/mcuxpresso/r01lib_serial/_r01lib_frdm_mcxa153/Debug/lib_r01lib_frdm_mcxa153.a(obj.o)
                0x00002298                Obj::Obj(bool)
                0x00002298                Obj::Obj(bool)
 .text.CLOCK_SetClockSelect
                0x000022c4       0xa4 /Users/tedd/dev/mcuxpresso/r01lib_serial/_r01lib_frdm_mcxa153/Debug/lib_r01lib_frdm_mcxa153.a(fsl_clock.o)
                0x000022c4                CLOCK_SetClockSelect
 .text.CLOCK_SetClockDiv
                0x00002368       0x88 /Users/tedd/dev/mcuxpresso/r01lib_serial/_r01lib_frdm_mcxa153/Debug/lib_r01lib_frdm_mcxa153.a(fsl_clock.o)
                0x00002368                CLOCK_SetClockDiv
 .text.CLOCK_SetupFROHFClocking
                0x000023f0       0xf4 /Users/tedd/dev/mcuxpresso/r01lib_serial/_r01lib_frdm_mcxa153/Debug/lib_r01lib_frdm_mcxa153.a(fsl_clock.o)
                0x000023f0                CLOCK_SetupFROHFClocking
 .text.CLOCK_SetupFRO12MClocking
                0x000024e4       0x54 /Users/tedd/dev/mcuxpresso/r01lib_serial/_r01lib_frdm_mcxa153/Debug/lib_r01lib_frdm_mcxa153.a(fsl_clock.o)
                0x000024e4                CLOCK_SetupFRO12MClocking
 .text.CLOCK_GetFro12MFreq
                0x00002538       0x28 /Users/tedd/dev/mcuxpresso/r01lib_serial/_r01lib_frdm_mcxa153/Debug/lib_r01lib_frdm_mcxa153.a(fsl_clock.o)
 .text.CLOCK_GetClk1MFreq
                0x00002560       0x14 /Users/tedd/dev/mcuxpresso/r01lib_serial/_r01lib_frdm_mcxa153/Debug/lib_r01lib_frdm_mcxa153.a(fsl_clock.o)
 .text.CLOCK_GetFroHfFreq
                0x00002574       0xc0 /Users/tedd/dev/mcuxpresso/r01lib_serial/_r01lib_frdm_mcxa153/Debug/lib_r01lib_frdm_mcxa153.a(fsl_clock.o)
 .text.CLOCK_GetClk16KFreq
                0x00002634       0x44 /Users/tedd/dev/mcuxpresso/r01lib_serial/_r01lib_frdm_mcxa153/Debug/lib_r01lib_frdm_mcxa153.a(fsl_clock.o)
 .text.CLOCK_GetExtClkFreq
                0x00002678       0x2c /Users/tedd/dev/mcuxpresso/r01lib_serial/_r01lib_frdm_mcxa153/Debug/lib_r01lib_frdm_mcxa153.a(fsl_clock.o)
 .text.CLOCK_GetMainClk
                0x000026a4       0x68 /Users/tedd/dev/mcuxpresso/r01lib_serial/_r01lib_frdm_mcxa153/Debug/lib_r01lib_frdm_mcxa153.a(fsl_clock.o)
                0x000026a4                CLOCK_GetMainClk
 .text.CLOCK_GetCoreSysClkFreq
                0x0000270c       0x20 /Users/tedd/dev/mcuxpresso/r01lib_serial/_r01lib_frdm_mcxa153/Debug/lib_r01lib_frdm_mcxa153.a(fsl_clock.o)
                0x0000270c                CLOCK_GetCoreSysClkFreq
 .text.CLOCK_GetLpuartClkFreq
                0x0000272c       0xe4 /Users/tedd/dev/mcuxpresso/r01lib_serial/_r01lib_frdm_mcxa153/Debug/lib_r01lib_frdm_mcxa153.a(fsl_clock.o)
                0x0000272c                CLOCK_GetLpuartClkFreq
 .text.MSDK_EnableCpuCycleCounter
                0x00002810       0x68 /Users/tedd/dev/mcuxpresso/r01lib_serial/_r01lib_frdm_mcxa153/Debug/lib_r01lib_frdm_mcxa153.a(fsl_common_arm.o)
                0x00002810                MSDK_EnableCpuCycleCounter
 .text.MSDK_GetCpuCycleCount
                0x00002878       0x14 /Users/tedd/dev/mcuxpresso/r01lib_serial/_r01lib_frdm_mcxa153/Debug/lib_r01lib_frdm_mcxa153.a(fsl_common_arm.o)
                0x00002878                MSDK_GetCpuCycleCount
 .text.SDK_DelayAtLeastUs
                0x0000288c      0x104 /Users/tedd/dev/mcuxpresso/r01lib_serial/_r01lib_frdm_mcxa153/Debug/lib_r01lib_frdm_mcxa153.a(fsl_common_arm.o)
                0x0000288c                SDK_DelayAtLeastUs
 .text.GPIO_PinInit
                0x00002990       0x70 /Users/tedd/dev/mcuxpresso/r01lib_serial/_r01lib_frdm_mcxa153/Debug/lib_r01lib_frdm_mcxa153.a(fsl_gpio.o)
                0x00002990                GPIO_PinInit
 .text.CLOCK_EnableClock
                0x00002a00       0x88 /Users/tedd/dev/mcuxpresso/r01lib_serial/_r01lib_frdm_mcxa153/Debug/lib_r01lib_frdm_mcxa153.a(fsl_lpuart.o)
 .text.CLOCK_DisableClock
                0x00002a88       0x98 /Users/tedd/dev/mcuxpresso/r01lib_serial/_r01lib_frdm_mcxa153/Debug/lib_r01lib_frdm_mcxa153.a(fsl_lpuart.o)
 .text.LPUART_GetInstance
                0x00002b20       0x58 /Users/tedd/dev/mcuxpresso/r01lib_serial/_r01lib_frdm_mcxa153/Debug/lib_r01lib_frdm_mcxa153.a(fsl_lpuart.o)
                0x00002b20                LPUART_GetInstance
 .text.LPUART_Init
                0x00002b78      0x34c /Users/tedd/dev/mcuxpresso/r01lib_serial/_r01lib_frdm_mcxa153/Debug/lib_r01lib_frdm_mcxa153.a(fsl_lpuart.o)
                0x00002b78                LPUART_Init
 .text.LPUART_Deinit
                0x00002ec4       0x70 /Users/tedd/dev/mcuxpresso/r01lib_serial/_r01lib_frdm_mcxa153/Debug/lib_r01lib_frdm_mcxa153.a(fsl_lpuart.o)
                0x00002ec4                LPUART_Deinit
 .text.LPUART_GetDefaultConfig
                0x00002f34       0x98 /Users/tedd/dev/mcuxpresso/r01lib_serial/_r01lib_frdm_mcxa153/Debug/lib_r01lib_frdm_mcxa153.a(fsl_lpuart.o)
                0x00002f34                LPUART_GetDefaultConfig
 .text.LPUART_GetStatusFlags
                0x00002fcc       0x38 /Users/tedd/dev/mcuxpresso/r01lib_serial/_r01lib_frdm_mcxa153/Debug/lib_r01lib_frdm_mcxa153.a(fsl_lpuart.o)
                0x00002fcc                LPUART_GetStatusFlags
 .text.LPUART_ClearStatusFlags
                0x00003004       0x7c /Users/tedd/dev/mcuxpresso/r01lib_serial/_r01lib_frdm_mcxa153/Debug/lib_r01lib_frdm_mcxa153.a(fsl_lpuart.o)
                0x00003004                LPUART_ClearStatusFlags
 .text.LPUART_WriteBlocking
                0x00003080       0x78 /Users/tedd/dev/mcuxpresso/r01lib_serial/_r01lib_frdm_mcxa153/Debug/lib_r01lib_frdm_mcxa153.a(fsl_lpuart.o)
                0x00003080                LPUART_WriteBlocking
 .text.LPUART_ReadBlocking
                0x000030f8      0x170 /Users/tedd/dev/mcuxpresso/r01lib_serial/_r01lib_frdm_mcxa153/Debug/lib_r01lib_frdm_mcxa153.a(fsl_lpuart.o)
                0x000030f8                LPUART_ReadBlocking
 .text.LPUART0_DriverIRQHandler
                0x00003268       0x24 /Users/tedd/dev/mcuxpresso/r01lib_serial/_r01lib_frdm_mcxa153/Debug/lib_r01lib_frdm_mcxa153.a(fsl_lpuart.o)
                0x00003268                LPUART0_DriverIRQHandler
 .text.LPUART1_DriverIRQHandler
                0x0000328c       0x24 /Users/tedd/dev/mcuxpresso/r01lib_serial/_r01lib_frdm_mcxa153/Debug/lib_r01lib_frdm_mcxa153.a(fsl_lpuart.o)
                0x0000328c                LPUART1_DriverIRQHandler
 .text.LPUART2_DriverIRQHandler
                0x000032b0       0x24 /Users/tedd/dev/mcuxpresso/r01lib_serial/_r01lib_frdm_mcxa153/Debug/lib_r01lib_frdm_mcxa153.a(fsl_lpuart.o)
                0x000032b0                LPUART2_DriverIRQHandler
 .text.RESET_SetPeripheralReset
                0x000032d4       0xc8 /Users/tedd/dev/mcuxpresso/r01lib_serial/_r01lib_frdm_mcxa153/Debug/lib_r01lib_frdm_mcxa153.a(fsl_reset.o)
                0x000032d4                RESET_SetPeripheralReset
 .text.RESET_ClearPeripheralReset
                0x0000339c       0xa8 /Users/tedd/dev/mcuxpresso/r01lib_serial/_r01lib_frdm_mcxa153/Debug/lib_r01lib_frdm_mcxa153.a(fsl_reset.o)
                0x0000339c                RESET_ClearPeripheralReset
 .text.CLOCK_EnableClock
                0x00003444       0x88 /Users/tedd/dev/mcuxpresso/r01lib_serial/_r01lib_frdm_mcxa153/Debug/lib_r01lib_frdm_mcxa153.a(fsl_utick.o)
 .text.UTICK_GetInstance
                0x000034cc       0x54 /Users/tedd/dev/mcuxpresso/r01lib_serial/_r01lib_frdm_mcxa153/Debug/lib_r01lib_frdm_mcxa153.a(fsl_utick.o)
 .text.UTICK_Init
                0x00003520       0x3c /Users/tedd/dev/mcuxpresso/r01lib_serial/_r01lib_frdm_mcxa153/Debug/lib_r01lib_frdm_mcxa153.a(fsl_utick.o)
                0x00003520                UTICK_Init
 .text.UTICK0_DriverIRQHandler
                0x0000355c       0x24 /Users/tedd/dev/mcuxpresso/r01lib_serial/_r01lib_frdm_mcxa153/Debug/lib_r01lib_frdm_mcxa153.a(fsl_utick.o)
                0x0000355c                UTICK0_DriverIRQHandler
 .text.SystemInit
                0x00003580      0x10c /Users/tedd/dev/mcuxpresso/r01lib_serial/_r01lib_frdm_mcxa153/Debug/lib_r01lib_frdm_mcxa153.a(system_MCXA153.o)
                0x00003580                SystemInit
 .text.BOARD_InitDebugConsole
                0x0000368c       0x30 /Users/tedd/dev/mcuxpresso/r01lib_serial/_r01lib_frdm_mcxa153/Debug/lib_r01lib_frdm_mcxa153.a(board.o)
                0x0000368c                BOARD_InitDebugConsole
 .text.CLOCK_EnableClock
                0x000036bc       0x88 /Users/tedd/dev/mcuxpresso/r01lib_serial/_r01lib_frdm_mcxa153/Debug/lib_r01lib_frdm_mcxa153.a(clock_config.o)
 .text.BOARD_BootClockFRO96M
                0x00003744      0x16c /Users/tedd/dev/mcuxpresso/r01lib_serial/_r01lib_frdm_mcxa153/Debug/lib_r01lib_frdm_mcxa153.a(clock_config.o)
                0x00003744                BOARD_BootClockFRO96M
 .text.CLOCK_EnableClock
                0x000038b0       0x88 /Users/tedd/dev/mcuxpresso/r01lib_serial/_r01lib_frdm_mcxa153/Debug/lib_r01lib_frdm_mcxa153.a(pin_mux.o)
 .text.PORT_SetPinConfig
                0x00003938       0x48 /Users/tedd/dev/mcuxpresso/r01lib_serial/_r01lib_frdm_mcxa153/Debug/lib_r01lib_frdm_mcxa153.a(pin_mux.o)
 .text.BOARD_InitPins
                0x00003980      0x4cc /Users/tedd/dev/mcuxpresso/r01lib_serial/_r01lib_frdm_mcxa153/Debug/lib_r01lib_frdm_mcxa153.a(pin_mux.o)
                0x00003980                BOARD_InitPins
 .text.__assert_func
                0x00003e4c       0x30 /Users/tedd/dev/mcuxpresso/r01lib_serial/_r01lib_frdm_mcxa153/Debug/lib_r01lib_frdm_mcxa153.a(fsl_assert.o)
                0x00003e4c                __assert_func
 .text.SPC_SetSRAMOperateVoltage
                0x00003e7c       0x74 /Users/tedd/dev/mcuxpresso/r01lib_serial/_r01lib_frdm_mcxa153/Debug/lib_r01lib_frdm_mcxa153.a(fsl_spc.o)
                0x00003e7c                SPC_SetSRAMOperateVoltage
 .text.SPC_SetActiveModeCoreLDORegulatorConfig
                0x00003ef0       0xa4 /Users/tedd/dev/mcuxpresso/r01lib_serial/_r01lib_frdm_mcxa153/Debug/lib_r01lib_frdm_mcxa153.a(fsl_spc.o)
                0x00003ef0                SPC_SetActiveModeCoreLDORegulatorConfig
 .text          0x00003f94      0x168 /Applications/MCUXpressoIDE_25.6.136/ide/plugins/com.nxp.mcuxpresso.tools.macosx_25.6.0.202501151204/tools/bin/../lib/gcc/arm-none-eabi/14.2.1/thumb/v8-m.main/nofp/libgcc.a(_arm_mulsf3.o)
                0x00003f94                __mulsf3
                0x00003f94                __aeabi_fmul
 .text          0x000040fc      0x378 /Applications/MCUXpressoIDE_25.6.136/ide/plugins/com.nxp.mcuxpresso.tools.macosx_25.6.0.202501151204/tools/bin/../lib/gcc/arm-none-eabi/14.2.1/thumb/v8-m.main/nofp/libgcc.a(_arm_addsubdf3.o)
                0x000040fc                __aeabi_drsub
                0x00004104                __subdf3
                0x00004104                __aeabi_dsub
                0x00004108                __aeabi_dadd
                0x00004108                __adddf3
                0x00004380                __aeabi_ui2d
                0x00004380                __floatunsidf
                0x000043a0                __floatsidf
                0x000043a0                __aeabi_i2d
                0x000043c4                __extendsfdf2
                0x000043c4                __aeabi_f2d
                0x00004408                __aeabi_ul2d
                0x00004408                __floatundidf
                0x00004418                __aeabi_l2d
                0x00004418                __floatdidf
 .text          0x00004474       0x40 /Applications/MCUXpressoIDE_25.6.136/ide/plugins/com.nxp.mcuxpresso.tools.macosx_25.6.0.202501151204/tools/bin/../lib/gcc/arm-none-eabi/14.2.1/thumb/v8-m.main/nofp/libgcc.a(_arm_fixunsdfsi.o)
                0x00004474                __fixunsdfsi
                0x00004474                __aeabi_d2uiz
 .text          0x000044b4      0x21c /Applications/MCUXpressoIDE_25.6.136/ide/plugins/com.nxp.mcuxpresso.tools.macosx_25.6.0.202501151204/tools/bin/../lib/gcc/arm-none-eabi/14.2.1/thumb/v8-m.main/nofp/libgcc.a(_arm_addsubsf3.o)
                0x000044b4                __aeabi_frsub
                0x000044bc                __aeabi_fsub
                0x000044bc                __subsf3
                0x000044c0                __aeabi_fadd
                0x000044c0                __addsf3
                0x00004620                __aeabi_ui2f
                0x00004620                __floatunsisf
                0x00004628                __floatsisf
                0x00004628                __aeabi_i2f
                0x00004644                __aeabi_ul2f
                0x00004644                __floatundisf
                0x00004654                __aeabi_l2f
                0x00004654                __floatdisf
 .text          0x000046d0       0x30 /Applications/MCUXpressoIDE_25.6.136/ide/plugins/com.nxp.mcuxpresso.tools.macosx_25.6.0.202501151204/tools/bin/../lib/gcc/arm-none-eabi/14.2.1/thumb/v8-m.main/nofp/libgcc.a(_aeabi_uldivmod.o)
                0x000046d0                __aeabi_uldivmod
 .text.__udivmoddi4
                0x00004700      0x34c /Applications/MCUXpressoIDE_25.6.136/ide/plugins/com.nxp.mcuxpresso.tools.macosx_25.6.0.202501151204/tools/bin/../lib/gcc/arm-none-eabi/14.2.1/thumb/v8-m.main/nofp/libgcc.a(_udivmoddi4.o)
                0x00004700                __udivmoddi4
 .text          0x00004a4c        0x4 /Applications/MCUXpressoIDE_25.6.136/ide/plugins/com.nxp.mcuxpresso.tools.macosx_25.6.0.202501151204/tools/bin/../lib/gcc/arm-none-eabi/14.2.1/thumb/v8-m.main/nofp/libgcc.a(_dvmd_tls.o)
                0x00004a4c                __aeabi_ldiv0
                0x00004a4c                __aeabi_idiv0
 .text._printf_float
                0x00004a50      0x458 /Applications/MCUXpressoIDE_25.6.136/ide/plugins/com.nxp.mcuxpresso.tools.macosx_25.6.0.202501151204/tools/bin/../lib/gcc/arm-none-eabi/14.2.1/../../../../arm-none-eabi/lib/thumb/v8-m.main/nofp/libc_nano.a(libc_a-nano-vfprintf_float.o)
                0x00004a50                _printf_float
 .text._printf_i
                0x00004ea8      0x240 /Applications/MCUXpressoIDE_25.6.136/ide/plugins/com.nxp.mcuxpresso.tools.macosx_25.6.0.202501151204/tools/bin/../lib/gcc/arm-none-eabi/14.2.1/../../../../arm-none-eabi/lib/thumb/v8-m.main/nofp/libc_nano.a(libc_a-nano-vfprintf_i.o)
                0x00004ea8                _printf_i
 .text._scanf_float
                0x000050e8      0x410 /Applications/MCUXpressoIDE_25.6.136/ide/plugins/com.nxp.mcuxpresso.tools.macosx_25.6.0.202501151204/tools/bin/../lib/gcc/arm-none-eabi/14.2.1/../../../../arm-none-eabi/lib/thumb/v8-m.main/nofp/libc_nano.a(libc_a-nano-vfscanf_float.o)
                0x000050e8                _scanf_float
 .text.sprintf  0x000054f8       0x44 /Applications/MCUXpressoIDE_25.6.136/ide/plugins/com.nxp.mcuxpresso.tools.macosx_25.6.0.202501151204/tools/bin/../lib/gcc/arm-none-eabi/14.2.1/../../../../arm-none-eabi/lib/thumb/v8-m.main/nofp/libc_nano.a(libc_a-sprintf.o)
                0x000054f8                sprintf
                0x000054f8                siprintf
 .text.vsnprintf
                0x0000553c       0x1c /Applications/MCUXpressoIDE_25.6.136/ide/plugins/com.nxp.mcuxpresso.tools.macosx_25.6.0.202501151204/tools/bin/../lib/gcc/arm-none-eabi/14.2.1/../../../../arm-none-eabi/lib/thumb/v8-m.main/nofp/libc_nano.a(libc_a-vsnprintf.o)
                0x0000553c                vsnprintf
                0x0000553c                vsniprintf
 .text._strtod_r
                0x00005558        0xc /Applications/MCUXpressoIDE_25.6.136/ide/plugins/com.nxp.mcuxpresso.tools.macosx_25.6.0.202501151204/tools/bin/../lib/gcc/arm-none-eabi/14.2.1/../../../../arm-none-eabi/lib/thumb/v8-m.main/nofp/libc_nano.a(libc_a-strtod.o)
                0x00005558                _strtod_r
 .text._strtol_l.isra.0
                0x00005564       0xf4 /Applications/MCUXpressoIDE_25.6.136/ide/plugins/com.nxp.mcuxpresso.tools.macosx_25.6.0.202501151204/tools/bin/../lib/gcc/arm-none-eabi/14.2.1/../../../../arm-none-eabi/lib/thumb/v8-m.main/nofp/libc_nano.a(libc_a-strtol.o)
 .text.printf   0x00005658       0x24 /Applications/MCUXpressoIDE_25.6.136/ide/plugins/com.nxp.mcuxpresso.tools.macosx_25.6.0.202501151204/tools/bin/../lib/gcc/arm-none-eabi/14.2.1/../../../../arm-none-eabi/lib/thumb/v8-m.main/nofp/libc_nano.a(libc_a-printf.o)
                0x00005658                printf
                0x00005658                iprintf
 .text.__errno  0x0000567c        0xc /Applications/MCUXpressoIDE_25.6.136/ide/plugins/com.nxp.mcuxpresso.tools.macosx_25.6.0.202501151204/tools/bin/../lib/gcc/arm-none-eabi/14.2.1/../../../../arm-none-eabi/lib/thumb/v8-m.main/nofp/libc_nano.a(libc_a-errno.o)
                0x0000567c                __errno
 .text.__libc_init_array
                0x00005688       0x48 /Applications/MCUXpressoIDE_25.6.136/ide/plugins/com.nxp.mcuxpresso.tools.macosx_25.6.0.202501151204/tools/bin/../lib/gcc/arm-none-eabi/14.2.1/../../../../arm-none-eabi/lib/thumb/v8-m.main/nofp/libc_nano.a(libc_a-init.o)
                0x00005688                __libc_init_array
 .text._localeconv_r
                0x000056d0        0x8 /Applications/MCUXpressoIDE_25.6.136/ide/plugins/com.nxp.mcuxpresso.tools.macosx_25.6.0.202501151204/tools/bin/../lib/gcc/arm-none-eabi/14.2.1/../../../../arm-none-eabi/lib/thumb/v8-m.main/nofp/libc_nano.a(libc_a-localeconv.o)
                0x000056d0                _localeconv_r
 .text.nan      0x000056d8        0xc /Applications/MCUXpressoIDE_25.6.136/ide/plugins/com.nxp.mcuxpresso.tools.macosx_25.6.0.202501151204/tools/bin/../lib/gcc/arm-none-eabi/14.2.1/../../../../arm-none-eabi/lib/thumb/v8-m.main/nofp/libc_nano.a(libm_a-s_nan.o)
                0x000056d8                nan
 .text.nanf     0x000056e4        0x8 /Applications/MCUXpressoIDE_25.6.136/ide/plugins/com.nxp.mcuxpresso.tools.macosx_25.6.0.202501151204/tools/bin/../lib/gcc/arm-none-eabi/14.2.1/../../../../arm-none-eabi/lib/thumb/v8-m.main/nofp/libc_nano.a(libm_a-sf_nan.o)
                0x000056e4                nanf
 .text.__gethex
                0x000056ec      0x41c /Applications/MCUXpressoIDE_25.6.136/ide/plugins/com.nxp.mcuxpresso.tools.macosx_25.6.0.202501151204/tools/bin/../lib/gcc/arm-none-eabi/14.2.1/../../../../arm-none-eabi/lib/thumb/v8-m.main/nofp/libc_nano.a(libc_a-gdtoa-gethex.o)
                0x000056ec                __gethex
 .text._svfprintf_r
                0x00005b08      0x1f8 /Applications/MCUXpressoIDE_25.6.136/ide/plugins/com.nxp.mcuxpresso.tools.macosx_25.6.0.202501151204/tools/bin/../lib/gcc/arm-none-eabi/14.2.1/../../../../arm-none-eabi/lib/thumb/v8-m.main/nofp/libc_nano.a(libc_a-nano-svfprintf.o)
                0x00005b08                _svfprintf_r
                0x00005b08                _svfiprintf_r
 .text._vfprintf_r
                0x00005d00      0x230 /Applications/MCUXpressoIDE_25.6.136/ide/plugins/com.nxp.mcuxpresso.tools.macosx_25.6.0.202501151204/tools/bin/../lib/gcc/arm-none-eabi/14.2.1/../../../../arm-none-eabi/lib/thumb/v8-m.main/nofp/libc_nano.a(libc_a-nano-vfprintf.o)
                0x00005d00                _vfiprintf_r
                0x00005d00                _vfprintf_r
 .text.malloc   0x00005f30       0x10 /Applications/MCUXpressoIDE_25.6.136/ide/plugins/com.nxp.mcuxpresso.tools.macosx_25.6.0.202501151204/tools/bin/../lib/gcc/arm-none-eabi/14.2.1/../../../../arm-none-eabi/lib/thumb/v8-m.main/nofp/libc_nano.a(libc_a-malloc.o)
                0x00005f30                malloc
 .text.free     0x00005f40       0x10 /Applications/MCUXpressoIDE_25.6.136/ide/plugins/com.nxp.mcuxpresso.tools.macosx_25.6.0.202501151204/tools/bin/../lib/gcc/arm-none-eabi/14.2.1/../../../../arm-none-eabi/lib/thumb/v8-m.main/nofp/libc_nano.a(libc_a-malloc.o)
                0x00005f40                free
 .text.sbrk_aligned
                0x00005f50       0x44 /Applications/MCUXpressoIDE_25.6.136/ide/plugins/com.nxp.mcuxpresso.tools.macosx_25.6.0.202501151204/tools/bin/../lib/gcc/arm-none-eabi/14.2.1/../../../../arm-none-eabi/lib/thumb/v8-m.main/nofp/libc_nano.a(libc_a-mallocr.o)
 .text._malloc_r
                0x00005f94      0x100 /Applications/MCUXpressoIDE_25.6.136/ide/plugins/com.nxp.mcuxpresso.tools.macosx_25.6.0.202501151204/tools/bin/../lib/gcc/arm-none-eabi/14.2.1/../../../../arm-none-eabi/lib/thumb/v8-m.main/nofp/libc_nano.a(libc_a-mallocr.o)
                0x00005f94                _malloc_r
 .text.__malloc_lock
                0x00006094        0xc /Applications/MCUXpressoIDE_25.6.136/ide/plugins/com.nxp.mcuxpresso.tools.macosx_25.6.0.202501151204/tools/bin/../lib/gcc/arm-none-eabi/14.2.1/../../../../arm-none-eabi/lib/thumb/v8-m.main/nofp/libc_nano.a(libc_a-mlock.o)
                0x00006094                __malloc_lock
 .text.__malloc_unlock
                0x000060a0        0xc /Applications/MCUXpressoIDE_25.6.136/ide/plugins/com.nxp.mcuxpresso.tools.macosx_25.6.0.202501151204/tools/bin/../lib/gcc/arm-none-eabi/14.2.1/../../../../arm-none-eabi/lib/thumb/v8-m.main/nofp/libc_nano.a(libc_a-mlock.o)
                0x000060a0                __malloc_unlock
 .text._Balloc  0x000060ac       0x7c /Applications/MCUXpressoIDE_25.6.136/ide/plugins/com.nxp.mcuxpresso.tools.macosx_25.6.0.202501151204/tools/bin/../lib/gcc/arm-none-eabi/14.2.1/../../../../arm-none-eabi/lib/thumb/v8-m.main/nofp/libc_nano.a(libc_a-mprec.o)
                0x000060ac                _Balloc
 .text._Bfree   0x00006128       0x44 /Applications/MCUXpressoIDE_25.6.136/ide/plugins/com.nxp.mcuxpresso.tools.macosx_25.6.0.202501151204/tools/bin/../lib/gcc/arm-none-eabi/14.2.1/../../../../arm-none-eabi/lib/thumb/v8-m.main/nofp/libc_nano.a(libc_a-mprec.o)
                0x00006128                _Bfree
 .text.__multadd
                0x0000616c       0x90 /Applications/MCUXpressoIDE_25.6.136/ide/plugins/com.nxp.mcuxpresso.tools.macosx_25.6.0.202501151204/tools/bin/../lib/gcc/arm-none-eabi/14.2.1/../../../../arm-none-eabi/lib/thumb/v8-m.main/nofp/libc_nano.a(libc_a-mprec.o)
                0x0000616c                __multadd
 .text.__s2b    0x000061fc       0x94 /Applications/MCUXpressoIDE_25.6.136/ide/plugins/com.nxp.mcuxpresso.tools.macosx_25.6.0.202501151204/tools/bin/../lib/gcc/arm-none-eabi/14.2.1/../../../../arm-none-eabi/lib/thumb/v8-m.main/nofp/libc_nano.a(libc_a-mprec.o)
                0x000061fc                __s2b
 .text.__i2b    0x00006290       0x2c /Applications/MCUXpressoIDE_25.6.136/ide/plugins/com.nxp.mcuxpresso.tools.macosx_25.6.0.202501151204/tools/bin/../lib/gcc/arm-none-eabi/14.2.1/../../../../arm-none-eabi/lib/thumb/v8-m.main/nofp/libc_nano.a(libc_a-mprec.o)
                0x00006290                __i2b
 .text.__multiply
                0x000062bc      0x154 /Applications/MCUXpressoIDE_25.6.136/ide/plugins/com.nxp.mcuxpresso.tools.macosx_25.6.0.202501151204/tools/bin/../lib/gcc/arm-none-eabi/14.2.1/../../../../arm-none-eabi/lib/thumb/v8-m.main/nofp/libc_nano.a(libc_a-mprec.o)
                0x000062bc                __multiply
 .text.__pow5mult
                0x00006410       0xb8 /Applications/MCUXpressoIDE_25.6.136/ide/plugins/com.nxp.mcuxpresso.tools.macosx_25.6.0.202501151204/tools/bin/../lib/gcc/arm-none-eabi/14.2.1/../../../../arm-none-eabi/lib/thumb/v8-m.main/nofp/libc_nano.a(libc_a-mprec.o)
                0x00006410                __pow5mult
 .text.__lshift
                0x000064c8       0xd8 /Applications/MCUXpressoIDE_25.6.136/ide/plugins/com.nxp.mcuxpresso.tools.macosx_25.6.0.202501151204/tools/bin/../lib/gcc/arm-none-eabi/14.2.1/../../../../arm-none-eabi/lib/thumb/v8-m.main/nofp/libc_nano.a(libc_a-mprec.o)
                0x000064c8                __lshift
 .text.__mdiff  0x000065a0      0x138 /Applications/MCUXpressoIDE_25.6.136/ide/plugins/com.nxp.mcuxpresso.tools.macosx_25.6.0.202501151204/tools/bin/../lib/gcc/arm-none-eabi/14.2.1/../../../../arm-none-eabi/lib/thumb/v8-m.main/nofp/libc_nano.a(libc_a-mprec.o)
                0x000065a0                __mdiff
 .text.__ulp    0x000066d8       0x40 /Applications/MCUXpressoIDE_25.6.136/ide/plugins/com.nxp.mcuxpresso.tools.macosx_25.6.0.202501151204/tools/bin/../lib/gcc/arm-none-eabi/14.2.1/../../../../arm-none-eabi/lib/thumb/v8-m.main/nofp/libc_nano.a(libc_a-mprec.o)
                0x000066d8                __ulp
 .text.__b2d    0x00006718       0x94 /Applications/MCUXpressoIDE_25.6.136/ide/plugins/com.nxp.mcuxpresso.tools.macosx_25.6.0.202501151204/tools/bin/../lib/gcc/arm-none-eabi/14.2.1/../../../../arm-none-eabi/lib/thumb/v8-m.main/nofp/libc_nano.a(libc_a-mprec.o)
                0x00006718                __b2d
 .text.__d2b    0x000067ac       0xb0 /Applications/MCUXpressoIDE_25.6.136/ide/plugins/com.nxp.mcuxpresso.tools.macosx_25.6.0.202501151204/tools/bin/../lib/gcc/arm-none-eabi/14.2.1/../../../../arm-none-eabi/lib/thumb/v8-m.main/nofp/libc_nano.a(libc_a-mprec.o)
                0x000067ac                __d2b
 .text.std      0x0000685c       0x6c /Applications/MCUXpressoIDE_25.6.136/ide/plugins/com.nxp.mcuxpresso.tools.macosx_25.6.0.202501151204/tools/bin/../lib/gcc/arm-none-eabi/14.2.1/../../../../arm-none-eabi/lib/thumb/v8-m.main/nofp/libc_nano.a(libc_a-findfp.o)
 .text.stdio_exit_handler
                0x000068c8       0x18 /Applications/MCUXpressoIDE_25.6.136/ide/plugins/com.nxp.mcuxpresso.tools.macosx_25.6.0.202501151204/tools/bin/../lib/gcc/arm-none-eabi/14.2.1/../../../../arm-none-eabi/lib/thumb/v8-m.main/nofp/libc_nano.a(libc_a-findfp.o)
 .text.cleanup_stdio
                0x000068e0       0x40 /Applications/MCUXpressoIDE_25.6.136/ide/plugins/com.nxp.mcuxpresso.tools.macosx_25.6.0.202501151204/tools/bin/../lib/gcc/arm-none-eabi/14.2.1/../../../../arm-none-eabi/lib/thumb/v8-m.main/nofp/libc_nano.a(libc_a-findfp.o)
 .text.global_stdio_init.part.0
                0x00006920       0x40 /Applications/MCUXpressoIDE_25.6.136/ide/plugins/com.nxp.mcuxpresso.tools.macosx_25.6.0.202501151204/tools/bin/../lib/gcc/arm-none-eabi/14.2.1/../../../../arm-none-eabi/lib/thumb/v8-m.main/nofp/libc_nano.a(libc_a-findfp.o)
 .text.__sfp_lock_acquire
                0x00006960        0xc /Applications/MCUXpressoIDE_25.6.136/ide/plugins/com.nxp.mcuxpresso.tools.macosx_25.6.0.202501151204/tools/bin/../lib/gcc/arm-none-eabi/14.2.1/../../../../arm-none-eabi/lib/thumb/v8-m.main/nofp/libc_nano.a(libc_a-findfp.o)
                0x00006960                __sfp_lock_acquire
 .text.__sfp_lock_release
                0x0000696c        0xc /Applications/MCUXpressoIDE_25.6.136/ide/plugins/com.nxp.mcuxpresso.tools.macosx_25.6.0.202501151204/tools/bin/../lib/gcc/arm-none-eabi/14.2.1/../../../../arm-none-eabi/lib/thumb/v8-m.main/nofp/libc_nano.a(libc_a-findfp.o)
                0x0000696c                __sfp_lock_release
 .text.__sinit  0x00006978       0x30 /Applications/MCUXpressoIDE_25.6.136/ide/plugins/com.nxp.mcuxpresso.tools.macosx_25.6.0.202501151204/tools/bin/../lib/gcc/arm-none-eabi/14.2.1/../../../../arm-none-eabi/lib/thumb/v8-m.main/nofp/libc_nano.a(libc_a-findfp.o)
                0x00006978                __sinit
 .text.__swsetup_r
                0x000069a8       0xa8 /Applications/MCUXpressoIDE_25.6.136/ide/plugins/com.nxp.mcuxpresso.tools.macosx_25.6.0.202501151204/tools/bin/../lib/gcc/arm-none-eabi/14.2.1/../../../../arm-none-eabi/lib/thumb/v8-m.main/nofp/libc_nano.a(libc_a-wsetup.o)
                0x000069a8                __swsetup_r
 .text._isatty_r
                0x00006a50       0x20 /Applications/MCUXpressoIDE_25.6.136/ide/plugins/com.nxp.mcuxpresso.tools.macosx_25.6.0.202501151204/tools/bin/../lib/gcc/arm-none-eabi/14.2.1/../../../../arm-none-eabi/lib/thumb/v8-m.main/nofp/libc_nano.a(libc_a-isattyr.o)
                0x00006a50                _isatty_r
 .text._sbrk_r  0x00006a70       0x20 /Applications/MCUXpressoIDE_25.6.136/ide/plugins/com.nxp.mcuxpresso.tools.macosx_25.6.0.202501151204/tools/bin/../lib/gcc/arm-none-eabi/14.2.1/../../../../arm-none-eabi/lib/thumb/v8-m.main/nofp/libc_nano.a(libc_a-sbrkr.o)
                0x00006a70                _sbrk_r
 .text._fstat_r
                0x00006a90       0x24 /Applications/MCUXpressoIDE_25.6.136/ide/plugins/com.nxp.mcuxpresso.tools.macosx_25.6.0.202501151204/tools/bin/../lib/gcc/arm-none-eabi/14.2.1/../../../../arm-none-eabi/lib/thumb/v8-m.main/nofp/libc_nano.a(libc_a-fstatr.o)
                0x00006a90                _fstat_r
 .text.__cxa_atexit
                0x00006ab4       0x1c /Applications/MCUXpressoIDE_25.6.136/ide/plugins/com.nxp.mcuxpresso.tools.macosx_25.6.0.202501151204/tools/bin/../lib/gcc/arm-none-eabi/14.2.1/../../../../arm-none-eabi/lib/thumb/v8-m.main/nofp/libc_nano.a(libc_a-cxa_atexit.o)
                0x00006ab4                __cxa_atexit
 .text._free_r  0x00006ad0       0x94 /Applications/MCUXpressoIDE_25.6.136/ide/plugins/com.nxp.mcuxpresso.tools.macosx_25.6.0.202501151204/tools/bin/../lib/gcc/arm-none-eabi/14.2.1/../../../../arm-none-eabi/lib/thumb/v8-m.main/nofp/libc_nano.a(libc_a-freer.o)
                0x00006ad0                _free_r
 .text.__sflush_r
                0x00006b64       0xf8 /Applications/MCUXpressoIDE_25.6.136/ide/plugins/com.nxp.mcuxpresso.tools.macosx_25.6.0.202501151204/tools/bin/../lib/gcc/arm-none-eabi/14.2.1/../../../../arm-none-eabi/lib/thumb/v8-m.main/nofp/libc_nano.a(libc_a-fflush.o)
                0x00006b64                __sflush_r
 .text._lseek_r
                0x00006c5c       0x24 /Applications/MCUXpressoIDE_25.6.136/ide/plugins/com.nxp.mcuxpresso.tools.macosx_25.6.0.202501151204/tools/bin/../lib/gcc/arm-none-eabi/14.2.1/../../../../arm-none-eabi/lib/thumb/v8-m.main/nofp/libc_nano.a(libc_a-lseekr.o)
                0x00006c5c                _lseek_r
 .text._read_r  0x00006c80       0x24 /Applications/MCUXpressoIDE_25.6.136/ide/plugins/com.nxp.mcuxpresso.tools.macosx_25.6.0.202501151204/tools/bin/../lib/gcc/arm-none-eabi/14.2.1/../../../../arm-none-eabi/lib/thumb/v8-m.main/nofp/libc_nano.a(libc_a-readr.o)
                0x00006c80                _read_r
 .text._write_r
                0x00006ca4       0x24 /Applications/MCUXpressoIDE_25.6.136/ide/plugins/com.nxp.mcuxpresso.tools.macosx_25.6.0.202501151204/tools/bin/../lib/gcc/arm-none-eabi/14.2.1/../../../../arm-none-eabi/lib/thumb/v8-m.main/nofp/libc_nano.a(libc_a-writer.o)
                0x00006ca4                _write_r
 .text._close_r
                0x00006cc8       0x20 /Applications/MCUXpressoIDE_25.6.136/ide/plugins/com.nxp.mcuxpresso.tools.macosx_25.6.0.202501151204/tools/bin/../lib/gcc/arm-none-eabi/14.2.1/../../../../arm-none-eabi/lib/thumb/v8-m.main/nofp/libc_nano.a(libc_a-closer.o)
                0x00006cc8                _close_r
 .text._sbrk    0x00006ce8       0x3c /Applications/MCUXpressoIDE_25.6.136/ide/plugins/com.nxp.mcuxpresso.tools.macosx_25.6.0.202501151204/tools/bin/../lib/gcc/arm-none-eabi/14.2.1/../../../../arm-none-eabi/lib/thumb/v8-m.main/nofp/libcr_newlib_semihost.a(_cr_sbrk.o)
                0x00006ce8                _sbrk
 .text.initialise_monitor_handles.part.0
                0x00006d24       0xa4 /Applications/MCUXpressoIDE_25.6.136/ide/plugins/com.nxp.mcuxpresso.tools.macosx_25.6.0.202501151204/tools/bin/../lib/gcc/arm-none-eabi/14.2.1/../../../../arm-none-eabi/lib/thumb/v8-m.main/nofp/libcr_newlib_semihost.a(syscalls.o)
 .text.findslot
                0x00006dc8       0x30 /Applications/MCUXpressoIDE_25.6.136/ide/plugins/com.nxp.mcuxpresso.tools.macosx_25.6.0.202501151204/tools/bin/../lib/gcc/arm-none-eabi/14.2.1/../../../../arm-none-eabi/lib/thumb/v8-m.main/nofp/libcr_newlib_semihost.a(syscalls.o)
 .text._close   0x00006df8       0x4c /Applications/MCUXpressoIDE_25.6.136/ide/plugins/com.nxp.mcuxpresso.tools.macosx_25.6.0.202501151204/tools/bin/../lib/gcc/arm-none-eabi/14.2.1/../../../../arm-none-eabi/lib/thumb/v8-m.main/nofp/libcr_newlib_semihost.a(syscalls.o)
                0x00006df8                _close
 .text.__check_heap_overflow
                0x00006e44       0x18 /Applications/MCUXpressoIDE_25.6.136/ide/plugins/com.nxp.mcuxpresso.tools.macosx_25.6.0.202501151204/tools/bin/../lib/gcc/arm-none-eabi/14.2.1/../../../../arm-none-eabi/lib/thumb/v8-m.main/nofp/libcr_newlib_semihost.a(_cr_check_heap.o)
                0x00006e44                __check_heap_overflow
 .text.register_tm_clones
                0x00006e5c       0x28 /Applications/MCUXpressoIDE_25.6.136/ide/plugins/com.nxp.mcuxpresso.tools.macosx_25.6.0.202501151204/tools/bin/../lib/gcc/arm-none-eabi/14.2.1/thumb/v8-m.main/nofp/crtbegin.o
 .text.frame_dummy
                0x00006e84       0x24 /Applications/MCUXpressoIDE_25.6.136/ide/plugins/com.nxp.mcuxpresso.tools.macosx_25.6.0.202501151204/tools/bin/../lib/gcc/arm-none-eabi/14.2.1/thumb/v8-m.main/nofp/crtbegin.o
 .text          0x00006ea8      0x424 /Applications/MCUXpressoIDE_25.6.136/ide/plugins/com.nxp.mcuxpresso.tools.macosx_25.6.0.202501151204/tools/bin/../lib/gcc/arm-none-eabi/14.2.1/thumb/v8-m.main/nofp/libgcc.a(_arm_muldivdf3.o)
                0x00006ea8                __aeabi_dmul
                0x00006ea8                __muldf3
                0x000070fc                __aeabi_ddiv
                0x000070fc                __divdf3
 .text          0x000072cc      0x110 /Applications/MCUXpressoIDE_25.6.136/ide/plugins/com.nxp.mcuxpresso.tools.macosx_25.6.0.202501151204/tools/bin/../lib/gcc/arm-none-eabi/14.2.1/thumb/v8-m.main/nofp/libgcc.a(_arm_cmpdf2.o)
                0x000072cc                __gedf2
                0x000072cc                __gtdf2
                0x000072d4                __ledf2
                0x000072d4                __ltdf2
                0x000072dc                __cmpdf2
                0x000072dc                __eqdf2
                0x000072dc                __nedf2
                0x00007358                __aeabi_cdrcmple
                0x00007368                __aeabi_cdcmple
                0x00007368                __aeabi_cdcmpeq
                0x00007378                __aeabi_dcmpeq
                0x0000738c                __aeabi_dcmplt
                0x000073a0                __aeabi_dcmple
                0x000073b4                __aeabi_dcmpge
                0x000073c8                __aeabi_dcmpgt
 .text          0x000073dc       0x2c /Applications/MCUXpressoIDE_25.6.136/ide/plugins/com.nxp.mcuxpresso.tools.macosx_25.6.0.202501151204/tools/bin/../lib/gcc/arm-none-eabi/14.2.1/thumb/v8-m.main/nofp/libgcc.a(_arm_unorddf2.o)
                0x000073dc                __aeabi_dcmpun
                0x000073dc                __unorddf2
 .text          0x00007408       0x50 /Applications/MCUXpressoIDE_25.6.136/ide/plugins/com.nxp.mcuxpresso.tools.macosx_25.6.0.202501151204/tools/bin/../lib/gcc/arm-none-eabi/14.2.1/thumb/v8-m.main/nofp/libgcc.a(_arm_fixdfsi.o)
                0x00007408                __fixdfsi
                0x00007408                __aeabi_d2iz
 .text          0x00007458       0xa0 /Applications/MCUXpressoIDE_25.6.136/ide/plugins/com.nxp.mcuxpresso.tools.macosx_25.6.0.202501151204/tools/bin/../lib/gcc/arm-none-eabi/14.2.1/thumb/v8-m.main/nofp/libgcc.a(_arm_truncdfsf2.o)
                0x00007458                __aeabi_d2f
                0x00007458                __truncdfsf2
 .text.__fixdfdi
                0x000074f8       0x30 /Applications/MCUXpressoIDE_25.6.136/ide/plugins/com.nxp.mcuxpresso.tools.macosx_25.6.0.202501151204/tools/bin/../lib/gcc/arm-none-eabi/14.2.1/thumb/v8-m.main/nofp/libgcc.a(_fixdfdi.o)
                0x000074f8                __aeabi_d2lz
                0x000074f8                __fixdfdi
 .text.__fixunsdfdi
                0x00007528       0x3c /Applications/MCUXpressoIDE_25.6.136/ide/plugins/com.nxp.mcuxpresso.tools.macosx_25.6.0.202501151204/tools/bin/../lib/gcc/arm-none-eabi/14.2.1/thumb/v8-m.main/nofp/libgcc.a(_fixunsdfdi.o)
                0x00007528                __aeabi_d2ulz
                0x00007528                __fixunsdfdi
 .text.GPIO0_IRQHandler
                0x00007564        0xe ./_r01lib_irq/irq.o
                0x00007564                GPIO0_IRQHandler
 .text.GPIO1_IRQHandler
                0x00007572        0xe ./_r01lib_irq/irq.o
                0x00007572                GPIO1_IRQHandler
 .text.GPIO2_IRQHandler
                0x00007580        0xe ./_r01lib_irq/irq.o
                0x00007580                GPIO2_IRQHandler
 .text.GPIO3_IRQHandler
                0x0000758e        0xe ./_r01lib_irq/irq.o
                0x0000758e                GPIO3_IRQHandler
 .text.CLOCK_IsDivHalt
                0x0000759c       0x22 /Users/tedd/dev/mcuxpresso/r01lib_serial/_r01lib_frdm_mcxa153/Debug/lib_r01lib_frdm_mcxa153.a(fsl_clock.o)
 .text.CLOCK_AttachClk
                0x000075be       0x30 /Users/tedd/dev/mcuxpresso/r01lib_serial/_r01lib_frdm_mcxa153/Debug/lib_r01lib_frdm_mcxa153.a(fsl_clock.o)
                0x000075be                CLOCK_AttachClk
 .text.GPIO_PinWrite
                0x000075ee       0x34 /Users/tedd/dev/mcuxpresso/r01lib_serial/_r01lib_frdm_mcxa153/Debug/lib_r01lib_frdm_mcxa153.a(fsl_gpio.o)
 .text.GPIO_GpioGetInterruptFlags
                0x00007622       0x18 /Users/tedd/dev/mcuxpresso/r01lib_serial/_r01lib_frdm_mcxa153/Debug/lib_r01lib_frdm_mcxa153.a(fsl_gpio.o)
                0x00007622                GPIO_GpioGetInterruptFlags
 .text.GPIO_GpioClearInterruptFlags
                0x0000763a       0x1c /Users/tedd/dev/mcuxpresso/r01lib_serial/_r01lib_frdm_mcxa153/Debug/lib_r01lib_frdm_mcxa153.a(fsl_gpio.o)
                0x0000763a                GPIO_GpioClearInterruptFlags
 .text.RESET_ReleasePeripheralReset
                0x00007656       0x1a /Users/tedd/dev/mcuxpresso/r01lib_serial/_r01lib_frdm_mcxa153/Debug/lib_r01lib_frdm_mcxa153.a(fsl_lpuart.o)
 .text.LPUART_SoftwareReset
                0x00007670       0x2a /Users/tedd/dev/mcuxpresso/r01lib_serial/_r01lib_frdm_mcxa153/Debug/lib_r01lib_frdm_mcxa153.a(fsl_lpuart.o)
 .text.RESET_PeripheralReset
                0x0000769a       0x22 /Users/tedd/dev/mcuxpresso/r01lib_serial/_r01lib_frdm_mcxa153/Debug/lib_r01lib_frdm_mcxa153.a(fsl_reset.o)
                0x0000769a                RESET_PeripheralReset
 .text.UTICK_ClearStatusFlags
                0x000076bc       0x18 /Users/tedd/dev/mcuxpresso/r01lib_serial/_r01lib_frdm_mcxa153/Debug/lib_r01lib_frdm_mcxa153.a(fsl_utick.o)
                0x000076bc                UTICK_ClearStatusFlags
 .text.UTICK_HandleIRQ
                0x000076d4       0x22 /Users/tedd/dev/mcuxpresso/r01lib_serial/_r01lib_frdm_mcxa153/Debug/lib_r01lib_frdm_mcxa153.a(fsl_utick.o)
                0x000076d4                UTICK_HandleIRQ
 .text.SystemInitHook
                0x000076f6        0xc /Users/tedd/dev/mcuxpresso/r01lib_serial/_r01lib_frdm_mcxa153/Debug/lib_r01lib_frdm_mcxa153.a(system_MCXA153.o)
                0x000076f6                SystemInitHook
 .text.DbgConsole_Init
                0x00007702       0x1e /Users/tedd/dev/mcuxpresso/r01lib_serial/_r01lib_frdm_mcxa153/Debug/lib_r01lib_frdm_mcxa153.a(board.o)
 .text.RESET_ReleasePeripheralReset
                0x00007720       0x1a /Users/tedd/dev/mcuxpresso/r01lib_serial/_r01lib_frdm_mcxa153/Debug/lib_r01lib_frdm_mcxa153.a(clock_config.o)
 .text.BOARD_InitBootClocks
                0x0000773a        0xc /Users/tedd/dev/mcuxpresso/r01lib_serial/_r01lib_frdm_mcxa153/Debug/lib_r01lib_frdm_mcxa153.a(clock_config.o)
                0x0000773a                BOARD_InitBootClocks
 .text.RESET_ReleasePeripheralReset
                0x00007746       0x1a /Users/tedd/dev/mcuxpresso/r01lib_serial/_r01lib_frdm_mcxa153/Debug/lib_r01lib_frdm_mcxa153.a(pin_mux.o)
 .text.PORT_SetPinMux
                0x00007760       0x3c /Users/tedd/dev/mcuxpresso/r01lib_serial/_r01lib_frdm_mcxa153/Debug/lib_r01lib_frdm_mcxa153.a(pin_mux.o)
 .text.fsl_assert_hook
                0x0000779c       0x18 /Users/tedd/dev/mcuxpresso/r01lib_serial/_r01lib_frdm_mcxa153/Debug/lib_r01lib_frdm_mcxa153.a(fsl_assert.o)
                0x0000779c                fsl_assert_hook
 .text.SPC_GetActiveModeBandgapMode
                0x000077b4       0x20 /Users/tedd/dev/mcuxpresso/r01lib_serial/_r01lib_frdm_mcxa153/Debug/lib_r01lib_frdm_mcxa153.a(fsl_spc.o)
 .text.SPC_GetActiveModeVoltageDetectStatus
                0x000077d4       0x20 /Users/tedd/dev/mcuxpresso/r01lib_serial/_r01lib_frdm_mcxa153/Debug/lib_r01lib_frdm_mcxa153.a(fsl_spc.o)
 .text.SPC_GetActiveModeCoreLDOVDDVoltageLevel
                0x000077f4       0x20 /Users/tedd/dev/mcuxpresso/r01lib_serial/_r01lib_frdm_mcxa153/Debug/lib_r01lib_frdm_mcxa153.a(fsl_spc.o)
 .text.SPC_GetActiveModeCoreLDODriveStrength
                0x00007814       0x20 /Users/tedd/dev/mcuxpresso/r01lib_serial/_r01lib_frdm_mcxa153/Debug/lib_r01lib_frdm_mcxa153.a(fsl_spc.o)
 .text.SPC_SetActiveModeCoreLDORegulatorVoltageLevel
                0x00007834       0x60 /Users/tedd/dev/mcuxpresso/r01lib_serial/_r01lib_frdm_mcxa153/Debug/lib_r01lib_frdm_mcxa153.a(fsl_spc.o)
                0x00007834                SPC_SetActiveModeCoreLDORegulatorVoltageLevel
 .text.SPC_SetActiveModeCoreLDORegulatorDriveStrength
                0x00007894       0x5e /Users/tedd/dev/mcuxpresso/r01lib_serial/_r01lib_frdm_mcxa153/Debug/lib_r01lib_frdm_mcxa153.a(fsl_spc.o)
                0x00007894                SPC_SetActiveModeCoreLDORegulatorDriveStrength
 .text.__cvt    0x000078f2       0xca /Applications/MCUXpressoIDE_25.6.136/ide/plugins/com.nxp.mcuxpresso.tools.macosx_25.6.0.202501151204/tools/bin/../lib/gcc/arm-none-eabi/14.2.1/../../../../arm-none-eabi/lib/thumb/v8-m.main/nofp/libc_nano.a(libc_a-nano-vfprintf_float.o)
                0x000078f2                __cvt
 .text.__exponent
                0x000079bc       0x72 /Applications/MCUXpressoIDE_25.6.136/ide/plugins/com.nxp.mcuxpresso.tools.macosx_25.6.0.202501151204/tools/bin/../lib/gcc/arm-none-eabi/14.2.1/../../../../arm-none-eabi/lib/thumb/v8-m.main/nofp/libc_nano.a(libc_a-nano-vfprintf_float.o)
                0x000079bc                __exponent
 .text._printf_common
                0x00007a2e       0xe4 /Applications/MCUXpressoIDE_25.6.136/ide/plugins/com.nxp.mcuxpresso.tools.macosx_25.6.0.202501151204/tools/bin/../lib/gcc/arm-none-eabi/14.2.1/../../../../arm-none-eabi/lib/thumb/v8-m.main/nofp/libc_nano.a(libc_a-nano-vfprintf_i.o)
                0x00007a2e                _printf_common
 .text._vsnprintf_r
                0x00007b12       0x5c /Applications/MCUXpressoIDE_25.6.136/ide/plugins/com.nxp.mcuxpresso.tools.macosx_25.6.0.202501151204/tools/bin/../lib/gcc/arm-none-eabi/14.2.1/../../../../arm-none-eabi/lib/thumb/v8-m.main/nofp/libc_nano.a(libc_a-vsnprintf.o)
                0x00007b12                _vsnprintf_r
                0x00007b12                _vsniprintf_r
 .text.sulp     0x00007b6e       0x42 /Applications/MCUXpressoIDE_25.6.136/ide/plugins/com.nxp.mcuxpresso.tools.macosx_25.6.0.202501151204/tools/bin/../lib/gcc/arm-none-eabi/14.2.1/../../../../arm-none-eabi/lib/thumb/v8-m.main/nofp/libc_nano.a(libc_a-strtod.o)
 .text._strtol_r
                0x00007bb0        0x4 /Applications/MCUXpressoIDE_25.6.136/ide/plugins/com.nxp.mcuxpresso.tools.macosx_25.6.0.202501151204/tools/bin/../lib/gcc/arm-none-eabi/14.2.1/../../../../arm-none-eabi/lib/thumb/v8-m.main/nofp/libc_nano.a(libc_a-strtol.o)
                0x00007bb0                _strtol_r
 .text.memset   0x00007bb4       0x10 /Applications/MCUXpressoIDE_25.6.136/ide/plugins/com.nxp.mcuxpresso.tools.macosx_25.6.0.202501151204/tools/bin/../lib/gcc/arm-none-eabi/14.2.1/../../../../arm-none-eabi/lib/thumb/v8-m.main/nofp/libc_nano.a(libc_a-memset.o)
                0x00007bb4                memset
 .text.strncmp  0x00007bc4       0x24 /Applications/MCUXpressoIDE_25.6.136/ide/plugins/com.nxp.mcuxpresso.tools.macosx_25.6.0.202501151204/tools/bin/../lib/gcc/arm-none-eabi/14.2.1/../../../../arm-none-eabi/lib/thumb/v8-m.main/nofp/libc_nano.a(libc_a-strncmp.o)
                0x00007bc4                strncmp
 .text.__aeabi_atexit
                0x00007be8        0xa /Applications/MCUXpressoIDE_25.6.136/ide/plugins/com.nxp.mcuxpresso.tools.macosx_25.6.0.202501151204/tools/bin/../lib/gcc/arm-none-eabi/14.2.1/../../../../arm-none-eabi/lib/thumb/v8-m.main/nofp/libc_nano.a(libc_a-aeabi_atexit.o)
                0x00007be8                __aeabi_atexit
 .text.memchr   0x00007bf2       0x1c /Applications/MCUXpressoIDE_25.6.136/ide/plugins/com.nxp.mcuxpresso.tools.macosx_25.6.0.202501151204/tools/bin/../lib/gcc/arm-none-eabi/14.2.1/../../../../arm-none-eabi/lib/thumb/v8-m.main/nofp/libc_nano.a(libc_a-memchr-stub.o)
                0x00007bf2                memchr
 .text.memcpy   0x00007c0e       0x1a /Applications/MCUXpressoIDE_25.6.136/ide/plugins/com.nxp.mcuxpresso.tools.macosx_25.6.0.202501151204/tools/bin/../lib/gcc/arm-none-eabi/14.2.1/../../../../arm-none-eabi/lib/thumb/v8-m.main/nofp/libc_nano.a(libc_a-memcpy-stub.o)
                0x00007c0e                memcpy
 .text          0x00007c28       0x10 /Applications/MCUXpressoIDE_25.6.136/ide/plugins/com.nxp.mcuxpresso.tools.macosx_25.6.0.202501151204/tools/bin/../lib/gcc/arm-none-eabi/14.2.1/../../../../arm-none-eabi/lib/thumb/v8-m.main/nofp/libc_nano.a(libc_a-strlen.o)
                0x00007c28                strlen
 .text.quorem   0x00007c38      0x11a /Applications/MCUXpressoIDE_25.6.136/ide/plugins/com.nxp.mcuxpresso.tools.macosx_25.6.0.202501151204/tools/bin/../lib/gcc/arm-none-eabi/14.2.1/../../../../arm-none-eabi/lib/thumb/v8-m.main/nofp/libc_nano.a(libc_a-dtoa.o)
 .text.rshift   0x00007d52       0xa2 /Applications/MCUXpressoIDE_25.6.136/ide/plugins/com.nxp.mcuxpresso.tools.macosx_25.6.0.202501151204/tools/bin/../lib/gcc/arm-none-eabi/14.2.1/../../../../arm-none-eabi/lib/thumb/v8-m.main/nofp/libc_nano.a(libc_a-gdtoa-gethex.o)
 .text.__hexdig_fun
                0x00007df4       0x2a /Applications/MCUXpressoIDE_25.6.136/ide/plugins/com.nxp.mcuxpresso.tools.macosx_25.6.0.202501151204/tools/bin/../lib/gcc/arm-none-eabi/14.2.1/../../../../arm-none-eabi/lib/thumb/v8-m.main/nofp/libc_nano.a(libc_a-gdtoa-gethex.o)
                0x00007df4                __hexdig_fun
 .text.L_shift  0x00007e1e       0x24 /Applications/MCUXpressoIDE_25.6.136/ide/plugins/com.nxp.mcuxpresso.tools.macosx_25.6.0.202501151204/tools/bin/../lib/gcc/arm-none-eabi/14.2.1/../../../../arm-none-eabi/lib/thumb/v8-m.main/nofp/libc_nano.a(libc_a-gdtoa-hexnan.o)
 .text.__match  0x00007e42       0x28 /Applications/MCUXpressoIDE_25.6.136/ide/plugins/com.nxp.mcuxpresso.tools.macosx_25.6.0.202501151204/tools/bin/../lib/gcc/arm-none-eabi/14.2.1/../../../../arm-none-eabi/lib/thumb/v8-m.main/nofp/libc_nano.a(libc_a-gdtoa-hexnan.o)
                0x00007e42                __match
 .text.__hexnan
                0x00007e6a      0x13a /Applications/MCUXpressoIDE_25.6.136/ide/plugins/com.nxp.mcuxpresso.tools.macosx_25.6.0.202501151204/tools/bin/../lib/gcc/arm-none-eabi/14.2.1/../../../../arm-none-eabi/lib/thumb/v8-m.main/nofp/libc_nano.a(libc_a-gdtoa-hexnan.o)
                0x00007e6a                __hexnan
 .text.__ssputs_r
                0x00007fa4       0xc0 /Applications/MCUXpressoIDE_25.6.136/ide/plugins/com.nxp.mcuxpresso.tools.macosx_25.6.0.202501151204/tools/bin/../lib/gcc/arm-none-eabi/14.2.1/../../../../arm-none-eabi/lib/thumb/v8-m.main/nofp/libc_nano.a(libc_a-nano-svfprintf.o)
                0x00007fa4                __ssputs_r
 .text.__sfputc_r
                0x00008064       0x2a /Applications/MCUXpressoIDE_25.6.136/ide/plugins/com.nxp.mcuxpresso.tools.macosx_25.6.0.202501151204/tools/bin/../lib/gcc/arm-none-eabi/14.2.1/../../../../arm-none-eabi/lib/thumb/v8-m.main/nofp/libc_nano.a(libc_a-nano-vfprintf.o)
 .text.__sfputs_r
                0x0000808e       0x24 /Applications/MCUXpressoIDE_25.6.136/ide/plugins/com.nxp.mcuxpresso.tools.macosx_25.6.0.202501151204/tools/bin/../lib/gcc/arm-none-eabi/14.2.1/../../../../arm-none-eabi/lib/thumb/v8-m.main/nofp/libc_nano.a(libc_a-nano-vfprintf.o)
                0x0000808e                __sfputs_r
 .text.__ascii_mbtowc
                0x000080b2       0x24 /Applications/MCUXpressoIDE_25.6.136/ide/plugins/com.nxp.mcuxpresso.tools.macosx_25.6.0.202501151204/tools/bin/../lib/gcc/arm-none-eabi/14.2.1/../../../../arm-none-eabi/lib/thumb/v8-m.main/nofp/libc_nano.a(libc_a-mbtowc_r.o)
                0x000080b2                __ascii_mbtowc
 .text.__hi0bits
                0x000080d6       0x3e /Applications/MCUXpressoIDE_25.6.136/ide/plugins/com.nxp.mcuxpresso.tools.macosx_25.6.0.202501151204/tools/bin/../lib/gcc/arm-none-eabi/14.2.1/../../../../arm-none-eabi/lib/thumb/v8-m.main/nofp/libc_nano.a(libc_a-mprec.o)
                0x000080d6                __hi0bits
 .text.__lo0bits
                0x00008114       0x5a /Applications/MCUXpressoIDE_25.6.136/ide/plugins/com.nxp.mcuxpresso.tools.macosx_25.6.0.202501151204/tools/bin/../lib/gcc/arm-none-eabi/14.2.1/../../../../arm-none-eabi/lib/thumb/v8-m.main/nofp/libc_nano.a(libc_a-mprec.o)
                0x00008114                __lo0bits
 .text.__mcmp   0x0000816e       0x36 /Applications/MCUXpressoIDE_25.6.136/ide/plugins/com.nxp.mcuxpresso.tools.macosx_25.6.0.202501151204/tools/bin/../lib/gcc/arm-none-eabi/14.2.1/../../../../arm-none-eabi/lib/thumb/v8-m.main/nofp/libc_nano.a(libc_a-mprec.o)
                0x0000816e                __mcmp
 .text.__ratio  0x000081a4       0x60 /Applications/MCUXpressoIDE_25.6.136/ide/plugins/com.nxp.mcuxpresso.tools.macosx_25.6.0.202501151204/tools/bin/../lib/gcc/arm-none-eabi/14.2.1/../../../../arm-none-eabi/lib/thumb/v8-m.main/nofp/libc_nano.a(libc_a-mprec.o)
                0x000081a4                __ratio
 .text.__copybits
                0x00008204       0x46 /Applications/MCUXpressoIDE_25.6.136/ide/plugins/com.nxp.mcuxpresso.tools.macosx_25.6.0.202501151204/tools/bin/../lib/gcc/arm-none-eabi/14.2.1/../../../../arm-none-eabi/lib/thumb/v8-m.main/nofp/libc_nano.a(libc_a-mprec.o)
                0x00008204                __copybits
 .text.__any_on
                0x0000824a       0x42 /Applications/MCUXpressoIDE_25.6.136/ide/plugins/com.nxp.mcuxpresso.tools.macosx_25.6.0.202501151204/tools/bin/../lib/gcc/arm-none-eabi/14.2.1/../../../../arm-none-eabi/lib/thumb/v8-m.main/nofp/libc_nano.a(libc_a-mprec.o)
                0x0000824a                __any_on
 .text._realloc_r
                0x0000828c       0x5c /Applications/MCUXpressoIDE_25.6.136/ide/plugins/com.nxp.mcuxpresso.tools.macosx_25.6.0.202501151204/tools/bin/../lib/gcc/arm-none-eabi/14.2.1/../../../../arm-none-eabi/lib/thumb/v8-m.main/nofp/libc_nano.a(libc_a-reallocr.o)
                0x0000828c                _realloc_r
 .text.__swbuf_r
                0x000082e8       0x7c /Applications/MCUXpressoIDE_25.6.136/ide/plugins/com.nxp.mcuxpresso.tools.macosx_25.6.0.202501151204/tools/bin/../lib/gcc/arm-none-eabi/14.2.1/../../../../arm-none-eabi/lib/thumb/v8-m.main/nofp/libc_nano.a(libc_a-wbuf.o)
                0x000082e8                __swbuf_r
 .text._fwalk_sglue
                0x00008364       0x3c /Applications/MCUXpressoIDE_25.6.136/ide/plugins/com.nxp.mcuxpresso.tools.macosx_25.6.0.202501151204/tools/bin/../lib/gcc/arm-none-eabi/14.2.1/../../../../arm-none-eabi/lib/thumb/v8-m.main/nofp/libc_nano.a(libc_a-fwalk.o)
                0x00008364                _fwalk_sglue
 .text.__ascii_wctomb
                0x000083a0       0x1a /Applications/MCUXpressoIDE_25.6.136/ide/plugins/com.nxp.mcuxpresso.tools.macosx_25.6.0.202501151204/tools/bin/../lib/gcc/arm-none-eabi/14.2.1/../../../../arm-none-eabi/lib/thumb/v8-m.main/nofp/libc_nano.a(libc_a-wctomb_r.o)
                0x000083a0                __ascii_wctomb
 .text.__swhatbuf_r
                0x000083ba       0x48 /Applications/MCUXpressoIDE_25.6.136/ide/plugins/com.nxp.mcuxpresso.tools.macosx_25.6.0.202501151204/tools/bin/../lib/gcc/arm-none-eabi/14.2.1/../../../../arm-none-eabi/lib/thumb/v8-m.main/nofp/libc_nano.a(libc_a-makebuf.o)
                0x000083ba                __swhatbuf_r
 .text.__smakebuf_r
                0x00008402       0x72 /Applications/MCUXpressoIDE_25.6.136/ide/plugins/com.nxp.mcuxpresso.tools.macosx_25.6.0.202501151204/tools/bin/../lib/gcc/arm-none-eabi/14.2.1/../../../../arm-none-eabi/lib/thumb/v8-m.main/nofp/libc_nano.a(libc_a-makebuf.o)
                0x00008402                __smakebuf_r
 .text.memmove  0x00008474       0x32 /Applications/MCUXpressoIDE_25.6.136/ide/plugins/com.nxp.mcuxpresso.tools.macosx_25.6.0.202501151204/tools/bin/../lib/gcc/arm-none-eabi/14.2.1/../../../../arm-none-eabi/lib/thumb/v8-m.main/nofp/libc_nano.a(libc_a-memmove.o)
                0x00008474                memmove
 .text.__retarget_lock_init_recursive
                0x000084a6        0x2 /Applications/MCUXpressoIDE_25.6.136/ide/plugins/com.nxp.mcuxpresso.tools.macosx_25.6.0.202501151204/tools/bin/../lib/gcc/arm-none-eabi/14.2.1/../../../../arm-none-eabi/lib/thumb/v8-m.main/nofp/libc_nano.a(libc_a-lock.o)
                0x000084a6                __retarget_lock_init_recursive
 .text.__retarget_lock_acquire_recursive
                0x000084a8        0x2 /Applications/MCUXpressoIDE_25.6.136/ide/plugins/com.nxp.mcuxpresso.tools.macosx_25.6.0.202501151204/tools/bin/../lib/gcc/arm-none-eabi/14.2.1/../../../../arm-none-eabi/lib/thumb/v8-m.main/nofp/libc_nano.a(libc_a-lock.o)
                0x000084a8                __retarget_lock_acquire_recursive
 .text.__retarget_lock_release_recursive
                0x000084aa        0x2 /Applications/MCUXpressoIDE_25.6.136/ide/plugins/com.nxp.mcuxpresso.tools.macosx_25.6.0.202501151204/tools/bin/../lib/gcc/arm-none-eabi/14.2.1/../../../../arm-none-eabi/lib/thumb/v8-m.main/nofp/libc_nano.a(libc_a-lock.o)
                0x000084aa                __retarget_lock_release_recursive
 .text._calloc_r
                0x000084ac       0x28 /Applications/MCUXpressoIDE_25.6.136/ide/plugins/com.nxp.mcuxpresso.tools.macosx_25.6.0.202501151204/tools/bin/../lib/gcc/arm-none-eabi/14.2.1/../../../../arm-none-eabi/lib/thumb/v8-m.main/nofp/libc_nano.a(libc_a-callocr.o)
                0x000084ac                _calloc_r
 .text._fflush_r
                0x000084d4       0x50 /Applications/MCUXpressoIDE_25.6.136/ide/plugins/com.nxp.mcuxpresso.tools.macosx_25.6.0.202501151204/tools/bin/../lib/gcc/arm-none-eabi/14.2.1/../../../../arm-none-eabi/lib/thumb/v8-m.main/nofp/libc_nano.a(libc_a-fflush.o)
                0x000084d4                _fflush_r
 .text._malloc_usable_size_r
                0x00008524       0x10 /Applications/MCUXpressoIDE_25.6.136/ide/plugins/com.nxp.mcuxpresso.tools.macosx_25.6.0.202501151204/tools/bin/../lib/gcc/arm-none-eabi/14.2.1/../../../../arm-none-eabi/lib/thumb/v8-m.main/nofp/libc_nano.a(libc_a-msizer.o)
                0x00008524                _malloc_usable_size_r
 .text.__sread  0x00008534       0x22 /Applications/MCUXpressoIDE_25.6.136/ide/plugins/com.nxp.mcuxpresso.tools.macosx_25.6.0.202501151204/tools/bin/../lib/gcc/arm-none-eabi/14.2.1/../../../../arm-none-eabi/lib/thumb/v8-m.main/nofp/libc_nano.a(libc_a-stdio.o)
                0x00008534                __sread
 .text.__swrite
                0x00008556       0x38 /Applications/MCUXpressoIDE_25.6.136/ide/plugins/com.nxp.mcuxpresso.tools.macosx_25.6.0.202501151204/tools/bin/../lib/gcc/arm-none-eabi/14.2.1/../../../../arm-none-eabi/lib/thumb/v8-m.main/nofp/libc_nano.a(libc_a-stdio.o)
                0x00008556                __swrite
 .text.__sseek  0x0000858e       0x26 /Applications/MCUXpressoIDE_25.6.136/ide/plugins/com.nxp.mcuxpresso.tools.macosx_25.6.0.202501151204/tools/bin/../lib/gcc/arm-none-eabi/14.2.1/../../../../arm-none-eabi/lib/thumb/v8-m.main/nofp/libc_nano.a(libc_a-stdio.o)
                0x0000858e                __sseek
 .text.__sclose
                0x000085b4        0x8 /Applications/MCUXpressoIDE_25.6.136/ide/plugins/com.nxp.mcuxpresso.tools.macosx_25.6.0.202501151204/tools/bin/../lib/gcc/arm-none-eabi/14.2.1/../../../../arm-none-eabi/lib/thumb/v8-m.main/nofp/libc_nano.a(libc_a-stdio.o)
                0x000085b4                __sclose
 .text._ZdlPvj  0x000085bc        0x4 /Applications/MCUXpressoIDE_25.6.136/ide/plugins/com.nxp.mcuxpresso.tools.macosx_25.6.0.202501151204/tools/bin/../lib/gcc/arm-none-eabi/14.2.1/../../../../arm-none-eabi/lib/thumb/v8-m.main/nofp/libstdc++_nano.a(del_ops.o)
                0x000085bc                operator delete(void*, unsigned int)
 .text._ZdlPv   0x000085c0        0x4 /Applications/MCUXpressoIDE_25.6.136/ide/plugins/com.nxp.mcuxpresso.tools.macosx_25.6.0.202501151204/tools/bin/../lib/gcc/arm-none-eabi/14.2.1/../../../../arm-none-eabi/lib/thumb/v8-m.main/nofp/libstdc++_nano.a(del_op.o)
                0x000085c0                operator delete(void*)
 .text.error    0x000085c4       0x1c /Applications/MCUXpressoIDE_25.6.136/ide/plugins/com.nxp.mcuxpresso.tools.macosx_25.6.0.202501151204/tools/bin/../lib/gcc/arm-none-eabi/14.2.1/../../../../arm-none-eabi/lib/thumb/v8-m.main/nofp/libcr_newlib_semihost.a(syscalls.o)
 .text.checkerror
                0x000085e0        0xa /Applications/MCUXpressoIDE_25.6.136/ide/plugins/com.nxp.mcuxpresso.tools.macosx_25.6.0.202501151204/tools/bin/../lib/gcc/arm-none-eabi/14.2.1/../../../../arm-none-eabi/lib/thumb/v8-m.main/nofp/libcr_newlib_semihost.a(syscalls.o)
 .text._swiread
                0x000085ea       0x20 /Applications/MCUXpressoIDE_25.6.136/ide/plugins/com.nxp.mcuxpresso.tools.macosx_25.6.0.202501151204/tools/bin/../lib/gcc/arm-none-eabi/14.2.1/../../../../arm-none-eabi/lib/thumb/v8-m.main/nofp/libcr_newlib_semihost.a(syscalls.o)
                0x000085ea                _swiread
 .text._read    0x0000860a       0x34 /Applications/MCUXpressoIDE_25.6.136/ide/plugins/com.nxp.mcuxpresso.tools.macosx_25.6.0.202501151204/tools/bin/../lib/gcc/arm-none-eabi/14.2.1/../../../../arm-none-eabi/lib/thumb/v8-m.main/nofp/libcr_newlib_semihost.a(syscalls.o)
                0x0000860a                _read
 .text._swilseek
                0x0000863e       0x78 /Applications/MCUXpressoIDE_25.6.136/ide/plugins/com.nxp.mcuxpresso.tools.macosx_25.6.0.202501151204/tools/bin/../lib/gcc/arm-none-eabi/14.2.1/../../../../arm-none-eabi/lib/thumb/v8-m.main/nofp/libcr_newlib_semihost.a(syscalls.o)
                0x0000863e                _swilseek
 .text._lseek   0x000086b6        0x4 /Applications/MCUXpressoIDE_25.6.136/ide/plugins/com.nxp.mcuxpresso.tools.macosx_25.6.0.202501151204/tools/bin/../lib/gcc/arm-none-eabi/14.2.1/../../../../arm-none-eabi/lib/thumb/v8-m.main/nofp/libcr_newlib_semihost.a(syscalls.o)
                0x000086b6                _lseek
 .text._swiwrite
                0x000086ba       0x20 /Applications/MCUXpressoIDE_25.6.136/ide/plugins/com.nxp.mcuxpresso.tools.macosx_25.6.0.202501151204/tools/bin/../lib/gcc/arm-none-eabi/14.2.1/../../../../arm-none-eabi/lib/thumb/v8-m.main/nofp/libcr_newlib_semihost.a(syscalls.o)
                0x000086ba                _swiwrite